--------- beginning of main
12-21 08:37:57.359  2236  2305 I PatrolServer: PatrolJUnitRunner.runDartTest(temp_test Req_01: Successfully request money to single user.): Requested execution
12-21 08:37:57.359  2236  2305 I PatrolServer: PatrolAppServiceClient.runDartTest(temp_test Req_01: Successfully request money to single user.)
12-21 08:37:57.369  2236  2319 I flutter : PatrolAppService.runDartTest(temp_test Req_01: Successfully request money to single user.) called
12-21 08:37:57.369  2236  2319 I flutter : PatrolAppService: registered test "temp_test RA_01: Add new rate alert" was not matched by requested test "temp_test Req_01: Successfully request money to single user."
12-21 08:37:57.385  2236  2319 I flutter : PatrolBinding: tearDown(): count: 1, results: {RA_01: Add new rate alert: success}
12-21 08:37:57.385  2236  2319 I flutter : PatrolBinding: finished test temp_test RA_01: Add new rate alert, but it was not requested, so its status will not be reported back to the native side
12-21 08:37:57.385  2236  2319 I flutter : 00:00 +3: temp_test RA_02: Delete existing rate alert
12-21 08:37:57.390  2236  2319 I flutter : PatrolAppService: registered "temp_test RA_02: Delete existing rate alert"
12-21 08:37:57.391  2236  2319 I flutter : PatrolAppService: registered test "temp_test RA_02: Delete existing rate alert" was not matched by requested test "temp_test Req_01: Successfully request money to single user."
12-21 08:37:57.391   576   894 W TelephonyPermissions: reportAccessDeniedToReadIdentifiers:ai.vanillatech.mmp.uat:getSerial:-1
12-21 08:37:57.392  2236  2319 I flutter : PatrolBinding: tearDown(): count: 2, results: {RA_01: Add new rate alert: success, RA_02: Delete existing rate alert: success}
12-21 08:37:57.393  2236  2319 I flutter : PatrolBinding: finished test temp_test RA_02: Delete existing rate alert, but it was not requested, so its status will not be reported back to the native side
12-21 08:37:57.393  2236  2319 I flutter : 00:00 +4: temp_test RA_03: Negative test case
12-21 08:37:57.395  2236  2319 I flutter : PatrolAppService: registered "temp_test RA_03: Negative test case"
12-21 08:37:57.395  2236  2319 I flutter : PatrolAppService: registered test "temp_test RA_03: Negative test case" was not matched by requested test "temp_test Req_01: Successfully request money to single user."
12-21 08:37:57.397  2236  2319 I flutter : PatrolBinding: tearDown(): count: 3, results: {RA_01: Add new rate alert: success, RA_02: Delete existing rate alert: success, RA_03: Negative test case: success}
12-21 08:37:57.397  2236  2319 I flutter : PatrolBinding: finished test temp_test RA_03: Negative test case, but it was not requested, so its status will not be reported back to the native side
12-21 08:37:57.397  2236  2319 I flutter : 00:00 +5: temp_test Req_01: Successfully request money to single user.
12-21 08:37:57.401  2236  2319 I flutter : PatrolAppService: registered "temp_test Req_01: Successfully request money to single user."
12-21 08:37:57.401  2236  2319 I flutter : PatrolAppService: requested execution of test "temp_test Req_01: Successfully request money to single user."
12-21 08:37:57.401  2236  2319 I flutter : Patrol (native): configure() started
12-21 08:37:57.405   368  2360 I resolv  : GetAddrInfoHandler::run: {101 101 101 983141 10186 0}
12-21 08:37:57.409   576   911 W TelephonyPermissions: reportAccessDeniedToReadIdentifiers:ai.vanillatech.mmp.uat:getSerial:-1
12-21 08:37:57.414  2236  2339 I PatrolServer: POST /configure started
12-21 08:37:57.414  2236  2339 I PatrolServer: Timeout: 10000 ms
12-21 08:37:57.414  2236  2339 I PatrolServer: Android UiAutomator configuration:
12-21 08:37:57.415  2236  2339 I PatrolServer: 	waitForSelectorTimeout: 10000 ms
12-21 08:37:57.415  2236  2339 I PatrolServer: 	waitForIdleTimeout: 5000 ms
12-21 08:37:57.415  2236  2339 I PatrolServer: 	keyInjectionDelay: 50 ms
12-21 08:37:57.415  2236  2339 I PatrolServer: 	actionAcknowledgmentTimeout: 3000 ms
12-21 08:37:57.415  2236  2339 I PatrolServer: 	scrollAcknowledgmentTimeout: 200 ms
12-21 08:37:57.415  2236  2339 I PatrolServer: 	toolType: 1
12-21 08:37:57.415  2236  2339 I PatrolServer: 	uiAutomationFlags: 1
12-21 08:37:57.415  2236  2339 I PatrolServer: POST /configure took 1 ms
12-21 08:37:57.417  2236  2319 I flutter : Patrol (native): configure() succeeded
12-21 08:37:57.468  2236  2236 E SurfaceSyncer: Failed to find sync for id=0
12-21 08:37:57.489  2236  2308 W Parcel  : Expecting binder but got null!
12-21 08:37:57.504  2236  2301 D TrafficStats: tagSocket(164) with statsTag=0xffffffff, statsUid=-1
12-21 08:37:57.511   576   595 W ziparchive: Unable to open '/data/app/~~8pLo4H3B9W5dpWPxvO8eJw==/ai.vanillatech.mmp.uat-BQWTSw7ykTm4w-tosoiniQ==/base.dm': No such file or directory
12-21 08:37:57.514   576   595 I ActivityTaskManager: Displayed ai.vanillatech.mmp.uat/com.vanillatech.mmp.MainActivity: +1s560ms
--------- beginning of system
12-21 08:37:57.526   576   894 D CompatibilityChangeReporter: Compat change id reported: 214016041; UID 10186; state: ENABLED
12-21 08:37:57.528  1488  1488 I GoogleInputMethodService: GoogleInputMethodService.onFinishInput():3220 
12-21 08:37:57.530  1488  1488 I GoogleInputMethodService: GoogleInputMethodService.updateDeviceLockedStatus():2114 repeatCheckTimes = 0, unlocked = true
12-21 08:37:57.530  1488  1488 I GoogleInputMethodService: GoogleInputMethodService.onStartInput():1919 onStartInput(EditorInfo{inputType=0x0(NULL) imeOptions=0x0 privateImeOptions=null actionName=UNSPECIFIED actionLabel=null actionId=0 initialSelStart=-1 initialSelEnd=-1 initialCapsMode=0x0 hintText=null label=null packageName=ai.vanillatech.mmp.uat fieldId=-1 fieldName=null extras=null}, false)
12-21 08:37:57.532  1488  1488 I GoogleInputMethodService: GoogleInputMethodService.updateDeviceLockedStatus():2114 repeatCheckTimes = 2, unlocked = true
12-21 08:37:57.569   418   514 W TransactionTracing: Could not find layer id -1
12-21 08:37:57.569   418   514 W TransactionTracing: Could not find layer id -1
12-21 08:37:57.583   418   514 W TransactionTracing: Could not find layer handle 0xb4000076cd3526f0
12-21 08:37:57.583   418   514 W TransactionTracing: Could not find layer id -1
12-21 08:37:57.583   418   514 W TransactionTracing: Could not find layer id -1
12-21 08:37:57.583   418   514 W TransactionTracing: Could not find layer id -1
12-21 08:37:57.619   765  1001 D EGL_emulation: app_time_stats: avg=104.33ms min=9.80ms max=864.46ms count=10
12-21 08:37:57.649   418   514 W TransactionTracing: Could not find layer id -1
12-21 08:37:57.649   418   514 W TransactionTracing: Could not find layer id -1
12-21 08:37:57.649   418   514 W TransactionTracing: Could not find layer id -1
12-21 08:37:57.649   418   514 W TransactionTracing: Could not find layer id -1
12-21 08:37:57.682   418   514 W TransactionTracing: Could not find layer id -1
12-21 08:37:57.809   576   911 D CoreBackPreview: Window{fa16540 u0 Splash Screen ai.vanillatech.mmp.uat EXITING}: Setting back callback null
12-21 08:37:57.811   576   911 W InputManager-JNI: Input channel object 'fa16540 Splash Screen ai.vanillatech.mmp.uat (client)' was disposed without first being removed with the input manager!
12-21 08:37:57.973  2236  2319 I flutter : 00:00 +5: temp_test RA_01: Add new rate alert
12-21 08:37:57.973  2236  2319 I flutter : Network log [33m[Request] ->[0m
12-21 08:37:57.976  2236  2319 I flutter : Network log [33mUri: https://mmpv2vuat.digitalmta.com/banner?banner_type=Splash%20Screen[0m
12-21 08:37:57.976  2236  2319 I flutter : Network log [33mMethod: GET[0m
12-21 08:37:57.976  2236  2319 I flutter : Network log [33mResponse Type: ResponseType.json[0m
12-21 08:37:57.976  2236  2319 I flutter : Network log [33mFollow Redirects: true[0m
12-21 08:37:57.976  2236  2319 I flutter : Network log [33mConnection Timeout: 0:01:00.000000[0m
12-21 08:37:57.976  2236  2319 I flutter : Network log [33mSend Timeout: 0:01:00.000000[0m
12-21 08:37:57.976  2236  2319 I flutter : Network log [33mReceive Timeout: 0:01:00.000000[0m
12-21 08:37:57.976  2236  2319 I flutter : Network log [33mReceive Data When Status Error: true[0m
12-21 08:37:57.976  2236  2319 I flutter : Network log [33mExtra: {}[0m
12-21 08:37:57.976  2236  2319 I flutter : Network log [33mHeaders:[0m
12-21 08:37:57.979  2236  2319 I flutter : Network log [33m Request Body:
12-21 08:37:57.979  2236  2319 I flutter : null[0m
12-21 08:37:57.979  2236  2319 I flutter : Network log [37m[0m
12-21 08:37:57.983   418   514 W TransactionTracing: Could not find layer handle 0xb4000076cd352e70
12-21 08:37:57.983   418   514 W TransactionTracing: Could not find layer handle 0xb4000076cd34e970
12-21 08:37:57.983   418   514 W TransactionTracing: Could not find layer handle 0xb4000076cd350890
12-21 08:37:57.983   418   514 W TransactionTracing: Could not find layer handle 0xb4000076cd350890
12-21 08:37:57.983   418   514 W TransactionTracing: Could not find layer handle 0xb4000076cd34e970
12-21 08:37:57.985   765  1001 D EGL_emulation: app_time_stats: avg=16.81ms min=0.80ms max=46.74ms count=54
12-21 08:37:58.010   368  2365 I resolv  : GetAddrInfoHandler::run: {101 101 101 983141 10186 0}
12-21 08:37:58.011   368  2366 I resolv  : res_nmkquery: (QUERY, IN, A)
12-21 08:37:58.011   368  2366 I resolv  : resolv_cache_lookup: FOUND IN CACHE entry=0xb400007554136410
12-21 08:37:58.011   368  2366 I resolv  : doQuery: rcode=0, ancount=3, return value=138
12-21 08:37:58.018   368  2368 I resolv  : GetAddrInfoHandler::run: {101 101 101 983141 10186 0}
12-21 08:37:58.018   368  2369 I resolv  : res_nmkquery: (QUERY, IN, AAAA)
12-21 08:37:58.018   368  2369 I resolv  : resolv_cache_lookup: FOUND IN CACHE entry=0xb400007564136c10
12-21 08:37:58.018   368  2369 I resolv  : doQuery: rcode=0, ancount=1, return value=188
12-21 08:37:58.019   368  2370 I resolv  : GetAddrInfoHandler::run: {101 101 101 983141 10186 0}
12-21 08:37:58.019   368  2371 I resolv  : res_nmkquery: (QUERY, IN, AAAA)
12-21 08:37:58.019   368  2371 I resolv  : resolv_cache_lookup: FOUND IN CACHE entry=0xb400007564136c10
12-21 08:37:58.019   368  2371 I resolv  : doQuery: rcode=0, ancount=1, return value=188
12-21 08:37:58.080   576   894 W AppOps  : Noting op not finished: uid 10118 pkg com.google.android.gms code 113 startTime of in progress event=1703126149106
12-21 08:37:58.086   576   894 W AppOps  : Noting op not finished: uid 10118 pkg com.google.android.gms code 113 startTime of in progress event=1703126149106
12-21 08:37:58.393  2236  2319 I flutter : Network log [32m[Response] ->[0m
12-21 08:37:58.394  2236  2319 I flutter : Network log [32mUri: https://mmpv2vuat.digitalmta.com/banner?banner_type=Splash%20Screen[0m
12-21 08:37:58.394  2236  2319 I flutter : Network log [32mRequest Method: GET[0m
12-21 08:37:58.394  2236  2319 I flutter : Network log [32mStatus Code: 200[0m
12-21 08:37:58.394  2236  2319 I flutter : Network log [32mHeaders:[0m
12-21 08:37:58.394  2236  2319 I flutter : Network log [32m	connection: keep-alive[0m
12-21 08:37:58.394  2236  2319 I flutter : Network log [32m	content-type: application/json[0m
12-21 08:37:58.394  2236  2319 I flutter : Network log [32m	date: Thu, 21 Dec 2023 02:52:58 GMT[0m
12-21 08:37:58.394  2236  2319 I flutter : Network log [32m	server: uvicorn[0m
12-21 08:37:58.394  2236  2319 I flutter : Network log [32m	content-length: 1003[0m
12-21 08:37:58.396  2236  2319 I flutter : Network log [32mResponse Body:
12-21 08:37:58.396  2236  2319 I flutter : {
12-21 08:37:58.396  2236  2319 I flutter :   "pagination": {
12-21 08:37:58.396  2236  2319 I flutter :     "count": 2,
12-21 08:37:58.396  2236  2319 I flutter :     "page": 1,
12-21 08:37:58.396  2236  2319 I flutter :     "pages": 1,
12-21 08:37:58.396  2236  2319 I flutter :     "size": 20
12-21 08:37:58.396  2236  2319 I flutter :   },
12-21 08:37:58.396  2236  2319 I flutter :   "results": [
12-21 08:37:58.396  2236  2319 I flutter :     {
12-21 08:37:58.396  2236  2319 I flutter :       "title": "Exchange Currency",
12-21 08:37:58.396  2236  2319 I flutter :       "image": "https://img.freepik.com/premium-vector/fintech-data-security-concept-app-financial-banking-digital-safety-privacy-technology-3d-icon-padlock-phone-money-card_22052-4064.jpg?w=826",
12-21 08:37:58.396  2236  2319 I flutter :       "type": "Splash Screen",
12-21 08:37:58.396  2236  2319 I flutter :       "start_date": "2023-09-05",
12-21 08:37:58.396  2236  2319 I flutter :       "start_time": "03:44:21.236000",
12-21 08:37:58.396  2236  2319 I flutter :       "description": "<p>20 currencies at your prefered rates for both your overseas online purchases and trip-before, during and after</p>",
12-21 08:37:58.396  2236  2319 I flutter :       "call_for_action": "string",
12-21 08:37:58.396  2236  2319 I flutter :       "url": "string",
12-21 08:37:58.396  2236  2319 I flutter :       "active": true,
12-21 08:37:58.396  2236  2319 I flutter :       "numeric_code": null,
12-21 08:37:58.396  2236  2319 I flutter :       "id": 12
12-21 08:37:58.396  2236  2319 I flutter :     },
12-21 08:37:58.397  2236  2319 I flutter :     {
12-21 08:37:58.397  2236  2319 I flutter :       "title": "Signup online",
12-21 08:37:58.397  2236  2319 I flutter :       "image": "https://d1t0u2ql2wp61b.cloudfront.net/money-transfer-creative-advertising-banner-vector-2B7414A_1694686872925.jpg",
12-21 08:37:58.397  2236  2319 I flutter :       "type": "Splash Screen",
12-21 08:37:58.397  2236  2319 I flutter :       "start_date": "2023-09-05",
12-21 08:37:58.397  2236  2319 I flutter :       "start_time": "03:44:21.236000",
12-21 08:37:58.397  2236  2319 I flutter :       "description": "You are about to start a whole new digital experience with your finances",
12-21 08:37:58.397  2236  2319 I flutter :       "call_for_action": "string",
12-21 08:37:58.397  2236  2319 I flutter :       "url": "https://www.google.com",
12-21 08:37:58.397  2236  2319 I flutter :       "active": true,
12-21 08:37:58.397  2236  2319 I flutter :       "numeric_code": null,
12-21 08:37:58.397  2236  2319 I flutter :       "id": 13
12-21 08:37:58.397  2236  2319 I flutter :     }
12-21 08:37:58.397  2236  2319 I flutter :   ]
12-21 08:37:58.397  2236  2319 I flutter : }[0m
12-21 08:37:58.397  2236  2319 I flutter : Network log [37m[0m
12-21 08:37:58.575   368  2372 I resolv  : GetAddrInfoHandler::run: {101 101 101 983141 10186 0}
12-21 08:37:58.575   368  2373 I resolv  : res_nmkquery: (QUERY, IN, A)
12-21 08:37:58.575   368  2373 I resolv  : resolv_cache_lookup: FOUND IN CACHE entry=0xb400007554134130
12-21 08:37:58.575   368  2373 I resolv  : doQuery: rcode=0, ancount=4, return value=135
12-21 08:37:58.598   368  2375 I resolv  : GetAddrInfoHandler::run: {101 101 101 983141 10186 0}
12-21 08:37:58.598   368  2376 I resolv  : res_nmkquery: (QUERY, IN, AAAA)
12-21 08:37:58.598   368  2376 I resolv  : resolv_cache_lookup: FOUND IN CACHE entry=0xb40000755413a670
12-21 08:37:58.598   368  2376 I resolv  : doQuery: rcode=0, ancount=4, return value=159
12-21 08:37:59.016   765  1001 D EGL_emulation: app_time_stats: avg=17.43ms min=12.38ms max=33.04ms count=59
12-21 08:38:00.030   765  1001 D EGL_emulation: app_time_stats: avg=602.77ms min=32.68ms max=2311.96ms count=4
12-21 08:38:00.035  1570  1735 I AiAiEcho: Predicting[0]: 
12-21 08:38:00.036  1570  1735 I AiAiEcho: Ranked targets strategy: SORT, count: 0, ranking metadata: 
12-21 08:38:00.038  1570  1735 I AiAiEcho: #postPredictionTargets: Sending updates to UISurface lockscreen with targets# 0
12-21 08:38:00.039  1570  1735 I AiAiEcho: #postPredictionTargets: Sending updates to UISurface home with targets# 0
12-21 08:38:00.039  1570  1735 I AiAiEcho: #postPredictionTargets: Sending updates to UISurface media_data_manager with targets# 0
12-21 08:38:00.045  1082  1082 E BcSmartspaceCard: No tap action can be set up
12-21 08:38:01.484  2236  2379 D ProfileInstaller: Installing profile for ai.vanillatech.mmp.uat
12-21 08:38:01.744  2236  2319 I flutter : 00:04 +5: temp_test Req_01: Successfully request money to single user.
12-21 08:38:01.744  2236  2319 I flutter : location permission LocationPermission.denied
12-21 08:38:01.749   576   677 I ActivityTaskManager: START u0 {act=android.content.pm.action.REQUEST_PERMISSIONS pkg=com.google.android.permissioncontroller cmp=com.google.android.permissioncontroller/com.android.permissioncontroller.permission.ui.GrantPermissionsActivity (has extras)} from uid 10186
12-21 08:38:01.768  2236  2236 D LifecycleMonitor: Lifecycle status change: com.vanillatech.mmp.MainActivity@fab6dbd in: PAUSED
12-21 08:38:01.769   576   677 W ActivityTaskManager: Tried to set launchTime (0) < mLastActivityLaunchTime (39392668)
12-21 08:38:01.773  2236  2280 D SessionLifecycleClient: Sending lifecycle 2 to service
12-21 08:38:01.774  2236  2338 D SessionLifecycleService: Activity backgrounding at 39425846
12-21 08:38:01.858  2236  2319 I flutter : Patrol (native): isPermissionDialogVisible() started
12-21 08:38:01.865 32016 32016 D AutofillManager: Fill dialog is enabled:false, hints=[password, passwordAuto, creditCardNumber, creditCardSecurityCode, creditCardExpirationDate]
12-21 08:38:01.876  2236  2312 I PatrolServer: POST /isPermissionDialogVisible started
12-21 08:38:01.891  2236  2320 D EGL_emulation: app_time_stats: avg=632.20ms min=87.48ms max=3205.02ms count=7
12-21 08:38:01.903  1570 20062 I AiAiEcho: Settings cha with uri: content://settings/secure/accessibility_enabled
12-21 08:38:01.906   576   911 D CoreBackPreview: Window{6dfb6bc u0 com.google.android.permissioncontroller/com.android.permissioncontroller.permission.ui.GrantPermissionsActivity}: Setting back callback OnBackInvokedCallbackInfo{mCallback=android.window.IOnBackInvokedCallback$Stub$Proxy@483219a, mPriority=0}
12-21 08:38:01.906  1570  1735 I AiAiEcho: Predicting[0]: 
12-21 08:38:01.906  1570  1735 I AiAiEcho: Ranked targets strategy: SORT, count: 0, ranking metadata: 
12-21 08:38:01.906  1570  1735 I AiAiEcho: Predicting[0]: 
12-21 08:38:01.906  1570  1735 I AiAiEcho: Ranked targets strategy: SORT, count: 0, ranking metadata: 
12-21 08:38:01.906  1570  1735 I AiAiEcho: Predicting[0]: 
12-21 08:38:01.906  1570  1735 I AiAiEcho: Ranked targets strategy: SORT, count: 0, ranking metadata: 
12-21 08:38:01.908  1570  1735 I AiAiEcho: #postPredictionTargets: Sending updates to UISurface lockscreen with targets# 0
12-21 08:38:01.908  1570  1735 I AiAiEcho: #postPredictionTargets: Sending updates to UISurface home with targets# 0
12-21 08:38:01.908  1570  1735 I AiAiEcho: #postPredictionTargets: Sending updates to UISurface media_data_manager with targets# 0
12-21 08:38:01.909  1570  1735 I AiAiEcho: #postPredictionTargets: Sending updates to UISurface lockscreen with targets# 0
12-21 08:38:01.909  1570  1735 I AiAiEcho: #postPredictionTargets: Sending updates to UISurface home with targets# 0
12-21 08:38:01.909  1570  1735 I AiAiEcho: #postPredictionTargets: Sending updates to UISurface media_data_manager with targets# 0
12-21 08:38:01.909  1570  1735 I AiAiEcho: #postPredictionTargets: Sending updates to UISurface lockscreen with targets# 0
12-21 08:38:01.909  1570  1735 I AiAiEcho: #postPredictionTargets: Sending updates to UISurface home with targets# 0
12-21 08:38:01.909  1570  1735 I AiAiEcho: #postPredictionTargets: Sending updates to UISurface media_data_manager with targets# 0
12-21 08:38:01.913   576   576 D BatterySaverPolicy: accessibility changed to false, updating policy.
12-21 08:38:01.915  1082  1082 E BcSmartspaceCard: No tap action can be set up
12-21 08:38:01.916  1082  1082 E BcSmartspaceCard: No tap action can be set up
12-21 08:38:01.916  1082  1082 E BcSmartspaceCard: No tap action can be set up
12-21 08:38:01.918   418   514 W TransactionTracing: Could not find layer handle 0xb4000076cd34e3d0
12-21 08:38:01.925 28212 28255 I A       : NGA disabled due to not being eligible.
12-21 08:38:01.945 20029 19648 W android.hardware.audio@7.1-impl.ranchu: pcmWrite:236 pcm_write failed with 'cannot read/write stream data: I/O error' (-1)
12-21 08:38:01.945 20029 19648 E android.hardware.audio@7.1-impl.ranchu: device/generic/goldfish/audio/talsa.cpp:pcmWrite:237 failure: false
12-21 08:38:01.965  1570  1810 I AiAiEcho: Settings cha with uri: content://settings/secure/accessibility_enabled
12-21 08:38:01.966  1570  1735 I AiAiEcho: Predicting[0]: 
12-21 08:38:01.966  1570  1735 I AiAiEcho: Ranked targets strategy: SORT, count: 0, ranking metadata: 
12-21 08:38:01.966  1570  1735 I AiAiEcho: Predicting[0]: 
12-21 08:38:01.966  1570  1735 I AiAiEcho: Ranked targets strategy: SORT, count: 0, ranking metadata: 
12-21 08:38:01.966  1570  1735 I AiAiEcho: #postPredictionTargets: Sending updates to UISurface lockscreen with targets# 0
12-21 08:38:01.966  1570  1735 I AiAiEcho: #postPredictionTargets: Sending updates to UISurface home with targets# 0
12-21 08:38:01.966  1570  1735 I AiAiEcho: #postPredictionTargets: Sending updates to UISurface media_data_manager with targets# 0
12-21 08:38:01.966  1570  1735 I AiAiEcho: #postPredictionTargets: Sending updates to UISurface lockscreen with targets# 0
12-21 08:38:01.966  1570  1735 I AiAiEcho: #postPredictionTargets: Sending updates to UISurface home with targets# 0
12-21 08:38:01.966  1570  1735 I AiAiEcho: #postPredictionTargets: Sending updates to UISurface media_data_manager with targets# 0
12-21 08:38:01.968  1082  1082 E BcSmartspaceCard: No tap action can be set up
12-21 08:38:01.969  1082  1082 E BcSmartspaceCard: No tap action can be set up
12-21 08:38:01.969  1570  1735 I AiAiEcho: Predicting[0]: 
12-21 08:38:01.969  1570  1735 I AiAiEcho: Ranked targets strategy: SORT, count: 0, ranking metadata: 
12-21 08:38:01.969  1570  1735 I AiAiEcho: #postPredictionTargets: Sending updates to UISurface lockscreen with targets# 0
12-21 08:38:01.969  1570  1735 I AiAiEcho: #postPredictionTargets: Sending updates to UISurface home with targets# 0
12-21 08:38:01.969  1570  1735 I AiAiEcho: #postPredictionTargets: Sending updates to UISurface media_data_manager with targets# 0
12-21 08:38:01.970  1082  1082 E BcSmartspaceCard: No tap action can be set up
12-21 08:38:01.981   576   576 D BatterySaverPolicy: accessibility changed to true, updating policy.
12-21 08:38:01.991  2236  2381 V UiAutomation: Init UiAutomation@4373462[id=243, flags=1]
12-21 08:38:02.045 28212 28255 I A       : NGA disabled due to not being eligible.
12-21 08:38:02.061   576   595 I ActivityTaskManager: Displayed com.google.android.permissioncontroller/com.android.permissioncontroller.permission.ui.GrantPermissionsActivity: +241ms
12-21 08:38:02.233   418   514 W TransactionTracing: Could not find layer handle 0xb4000076cd351f10
12-21 08:38:02.499   418   514 W TransactionTracing: Could not find layer handle 0xb4000076cd353410
12-21 08:38:02.619  2236  2312 I PatrolServer: POST /isPermissionDialogVisible took 743 ms
12-21 08:38:02.633  2236  2319 I flutter : Patrol (native): isPermissionDialogVisible() succeeded
12-21 08:38:02.633  2236  2319 I flutter : Patrol (native): grantPermissionWhenInUse() started
12-21 08:38:02.638  2236  2343 I PatrolServer: POST /handlePermissionDialog started
12-21 08:38:02.643  2236  2343 I QueryController: Matched selector: UiSelector[RESOURCE_ID=com.android.permissioncontroller:id/permission_allow_foreground_only_button] <<==>> [android.view.accessibility.AccessibilityNodeInfo@20eaf; boundsInParent: Rect(0, 0 - 826, 140); boundsInScreen: Rect(127, 1258 - 953, 1398); packageName: com.google.android.permissioncontroller; className: android.widget.Button; text: While using the app; error: null; maxTextLength: -1; stateDescription: null; contentDescription: null; tooltipText: null; viewIdResName: com.android.permissioncontroller:id/permission_allow_foreground_only_button; uniqueId: null; checkable: false; checked: false; focusable: true; focused: false; selected: false; clickable: true; longClickable: false; contextClickable: false; enabled: true; password: false; scrollable: false; importantForAccessibility: true; visible: true; actions: [AccessibilityAction: ACTION_FOCUS - null, AccessibilityAction: ACTION_SELECT - null, AccessibilityAction: ACTION_CLEAR_SELECTION - null, AccessibilityAction: ACTION_CLICK - null, AccessibilityAction: ACTION_ACCESSIBILITY_FOCUS - null, AccessibilityAction: ACTION_NEXT_AT_MOVEMENT_GRANULARITY - null, AccessibilityAction: ACTION_PREVIOUS_AT_MOVEMENT_GRANULARITY - null, AccessibilityAction: ACTION_SET_SELECTION - null, AccessibilityAction: ACTION_SHOW_ON_SCREEN - null]; isTextSelectable: false]
12-21 08:38:02.651  2236  2343 D InteractionController: clickAndSync(540, 1328)
12-21 08:38:02.653  1570 20062 I AiAiEcho: Settings cha with uri: content://settings/secure/accessibility_enabled
12-21 08:38:02.655  1570  1735 I AiAiEcho: Predicting[0]: 
12-21 08:38:02.655  1570  1735 I AiAiEcho: Ranked targets strategy: SORT, count: 0, ranking metadata: 
12-21 08:38:02.655  1570  1735 I AiAiEcho: Predicting[0]: 
12-21 08:38:02.655  1570  1735 I AiAiEcho: Ranked targets strategy: SORT, count: 0, ranking metadata: 
12-21 08:38:02.655  1570  1735 I AiAiEcho: Predicting[0]: 
12-21 08:38:02.655  1570  1735 I AiAiEcho: Ranked targets strategy: SORT, count: 0, ranking metadata: 
12-21 08:38:02.655  1570  1735 I AiAiEcho: #postPredictionTargets: Sending updates to UISurface lockscreen with targets# 0
12-21 08:38:02.655  1570  1735 I AiAiEcho: #postPredictionTargets: Sending updates to UISurface home with targets# 0
12-21 08:38:02.655  1570  1735 I AiAiEcho: #postPredictionTargets: Sending updates to UISurface media_data_manager with targets# 0
12-21 08:38:02.655  1570  1735 I AiAiEcho: #postPredictionTargets: Sending updates to UISurface lockscreen with targets# 0
12-21 08:38:02.655  1570  1735 I AiAiEcho: #postPredictionTargets: Sending updates to UISurface home with targets# 0
12-21 08:38:02.655  1570  1735 I AiAiEcho: #postPredictionTargets: Sending updates to UISurface media_data_manager with targets# 0
12-21 08:38:02.655  1570  1735 I AiAiEcho: #postPredictionTargets: Sending updates to UISurface lockscreen with targets# 0
12-21 08:38:02.655  1570  1735 I AiAiEcho: #postPredictionTargets: Sending updates to UISurface home with targets# 0
12-21 08:38:02.655  1570  1735 I AiAiEcho: #postPredictionTargets: Sending updates to UISurface media_data_manager with targets# 0
12-21 08:38:02.660  1082  1082 E BcSmartspaceCard: No tap action can be set up
12-21 08:38:02.660  1082  1082 E BcSmartspaceCard: No tap action can be set up
12-21 08:38:02.660  1082  1082 E BcSmartspaceCard: No tap action can be set up
12-21 08:38:02.675  1082  1082 D TaplEvents: TIS / TouchInteractionService.onInputEvent: MotionEvent { action=ACTION_DOWN, actionButton=0, id[0]=0, x[0]=540.0, y[0]=1328.0, toolType[0]=TOOL_TYPE_FINGER, buttonState=0, classification=NONE, metaState=0, flags=0x0, edgeFlags=0x0, pointerCount=1, historySize=0, eventTime=39426725, downTime=39426725, deviceId=-1, source=0x1002, displayId=0, eventId=-541352235 }
12-21 08:38:02.777  1082  1082 D TaplEvents: TIS / TouchInteractionService.onInputEvent: MotionEvent { action=ACTION_UP, actionButton=0, id[0]=0, x[0]=540.0, y[0]=1328.0, toolType[0]=TOOL_TYPE_FINGER, buttonState=0, classification=NONE, metaState=0, flags=0x0, edgeFlags=0x0, pointerCount=1, historySize=0, eventTime=39426849, downTime=39426725, deviceId=-1, source=0x1002, displayId=0, eventId=-450773761 }
12-21 08:38:02.785 32016 32016 V GrantPermissionsViewModel: Logged buttons presented and clicked permissionGroupName=android.permission-group.LOCATION uid=10186 selectedLocations=3 package=ai.vanillatech.mmp.uat presentedButtons=44 clickedButton=4 sessionId=8095282720846974013 targetSdk=33
12-21 08:38:02.794 32016 32016 V GrantPermissionsViewModel: Permission grant result requestId=8095282720846974013 callingUid=10186 callingPackage=ai.vanillatech.mmp.uat permission=android.permission.ACCESS_FINE_LOCATION isImplicit=false result=4
12-21 08:38:02.794 32016 32016 V GrantPermissionsViewModel: Permission grant result requestId=8095282720846974013 callingUid=10186 callingPackage=ai.vanillatech.mmp.uat permission=android.permission.ACCESS_COARSE_LOCATION isImplicit=false result=4
12-21 08:38:02.826  2236  2236 D CompatibilityChangeReporter: Compat change id reported: 78294732; UID 10186; state: ENABLED
12-21 08:38:02.838  2236  2274 D SessionLifecycleClient: Sending lifecycle 1 to service
12-21 08:38:02.839  2236  2338 D SessionLifecycleService: Activity foregrounding at 39426911.
12-21 08:38:02.842  2236  2236 D LifecycleMonitor: Lifecycle status change: com.vanillatech.mmp.MainActivity@fab6dbd in: RESUMED
12-21 08:38:02.881  1488  1488 I GoogleInputMethodService: GoogleInputMethodService.onFinishInput():3220 
12-21 08:38:02.885  1488  1488 I GoogleInputMethodService: GoogleInputMethodService.updateDeviceLockedStatus():2114 repeatCheckTimes = 0, unlocked = true
12-21 08:38:02.886  1488  1488 I GoogleInputMethodService: GoogleInputMethodService.onStartInput():1919 onStartInput(EditorInfo{inputType=0x0(NULL) imeOptions=0x0 privateImeOptions=null actionName=UNSPECIFIED actionLabel=null actionId=0 initialSelStart=-1 initialSelEnd=-1 initialCapsMode=0x0 hintText=null label=null packageName=ai.vanillatech.mmp.uat fieldId=-1 fieldName=null extras=null}, false)
12-21 08:38:02.886  1488  1488 I GoogleInputMethodService: GoogleInputMethodService.updateDeviceLockedStatus():2114 repeatCheckTimes = 2, unlocked = true
12-21 08:38:02.898   576   901 D CoreBackPreview: Window{6dfb6bc u0 com.google.android.permissioncontroller/com.android.permissioncontroller.permission.ui.GrantPermissionsActivity}: Setting back callback null
12-21 08:38:02.899   418   514 W TransactionTracing: Could not find layer id -1
12-21 08:38:02.900   576  3007 W InputManager-JNI: Input channel object '6dfb6bc com.google.android.permissioncontroller/com.android.permissioncontroller.permission.ui.GrantPermissionsActivity (client)' was disposed without first being removed with the input manager!
12-21 08:38:03.003   765  1001 D EGL_emulation: app_time_stats: avg=398.66ms min=16.07ms max=3602.51ms count=10
12-21 08:38:03.083   418   514 W TransactionTracing: Could not find layer handle 0xb4000076cd3516d0
12-21 08:38:03.083   418   514 W TransactionTracing: Could not find layer handle 0xb4000076cd34fff0
12-21 08:38:03.083   418   514 W TransactionTracing: Could not find layer handle 0xb4000076cd34ec10
12-21 08:38:03.083   418   514 W TransactionTracing: Could not find layer handle 0xb4000076cd34ec10
12-21 08:38:03.083   418   514 W TransactionTracing: Could not find layer handle 0xb4000076cd34fff0
12-21 08:38:03.083   418   514 W TransactionTracing: Could not find layer handle 0xb4000076cd3553f0
12-21 08:38:03.083   418   514 W TransactionTracing: Could not find layer handle 0xb4000076cd34e3d0
12-21 08:38:03.133   418   514 W TransactionTracing: Could not find layer handle 0xb4000076cd34ef10
12-21 08:38:03.133   418   514 W TransactionTracing: Could not find layer handle 0xb4000076cd3532f0
12-21 08:38:03.133   418   514 W TransactionTracing: Could not find layer handle 0xb4000076cd34ed90
12-21 08:38:03.738   760   760 I wpa_supplicant: wlan0: CTRL-EVENT-BEACON-LOSS 
12-21 08:38:04.033   765  1001 D EGL_emulation: app_time_stats: avg=36.77ms min=13.93ms max=115.63ms count=28
12-21 08:38:05.786  2236  2343 W InteractionController: runAndwaitForEvents timed out waiting for events
12-21 08:38:05.786  2236  2343 I PatrolServer: POST /handlePermissionDialog took 3148 ms
12-21 08:38:05.790  2236  2319 I flutter : Patrol (native): grantPermissionWhenInUse() succeeded
12-21 08:38:05.830  2236  2247 W System  : A resource failed to call close. 
12-21 08:38:05.984  2236  2320 D EGL_emulation: app_time_stats: avg=1363.27ms min=4.93ms max=4033.94ms count=3
12-21 08:38:06.048  2236  2319 I flutter : 00:08 +5: temp_test RA_01: Add new rate alert
12-21 08:38:06.048  2236  2319 I flutter : Network log [33m[Request] ->[0m
12-21 08:38:06.049  2236  2319 I flutter : Network log [33mUri: https://mmpv2vuat.digitalmta.com/user/login-initial-data[0m
12-21 08:38:06.049  2236  2319 I flutter : Network log [33mMethod: GET[0m
12-21 08:38:06.049  2236  2319 I flutter : Network log [33mResponse Type: ResponseType.json[0m
12-21 08:38:06.049  2236  2319 I flutter : Network log [33mFollow Redirects: true[0m
12-21 08:38:06.049  2236  2319 I flutter : Network log [33mConnection Timeout: 0:01:00.000000[0m
12-21 08:38:06.049  2236  2319 I flutter : Network log [33mSend Timeout: 0:01:00.000000[0m
12-21 08:38:06.049  2236  2319 I flutter : Network log [33mReceive Timeout: 0:01:00.000000[0m
12-21 08:38:06.049  2236  2319 I flutter : Network log [33mReceive Data When Status Error: true[0m
12-21 08:38:06.050  2236  2319 I flutter : Network log [33mExtra: {}[0m
12-21 08:38:06.050  2236  2319 I flutter : Network log [33mHeaders:[0m
12-21 08:38:06.050  2236  2319 I flutter : Network log [33m Request Body:
12-21 08:38:06.050  2236  2319 I flutter : null[0m
12-21 08:38:06.050  2236  2319 I flutter : Network log [37m[0m
12-21 08:38:06.059   368  2383 I resolv  : GetAddrInfoHandler::run: {101 101 101 983141 10186 0}
12-21 08:38:06.061   368  2384 I resolv  : res_nmkquery: (QUERY, IN, A)
12-21 08:38:06.061   368  2384 I resolv  : resolv_cache_lookup: FOUND IN CACHE entry=0xb400007554136410
12-21 08:38:06.061   368  2384 I resolv  : doQuery: rcode=0, ancount=3, return value=138
12-21 08:38:06.064   368  2385 I resolv  : GetAddrInfoHandler::run: {101 101 101 983141 10186 0}
12-21 08:38:06.065   368  2386 I resolv  : res_nmkquery: (QUERY, IN, AAAA)
12-21 08:38:06.065   368  2386 I resolv  : resolv_cache_lookup: FOUND IN CACHE entry=0xb400007564136c10
12-21 08:38:06.065   368  2386 I resolv  : doQuery: rcode=0, ancount=1, return value=188
12-21 08:38:06.065   368  2387 I resolv  : GetAddrInfoHandler::run: {101 101 101 983141 10186 0}
12-21 08:38:06.065   368  2388 I resolv  : res_nmkquery: (QUERY, IN, AAAA)
12-21 08:38:06.065   368  2388 I resolv  : resolv_cache_lookup: FOUND IN CACHE entry=0xb400007564136c10
12-21 08:38:06.065   368  2388 I resolv  : doQuery: rcode=0, ancount=1, return value=188
12-21 08:38:06.271  2236  2308 D EGL_emulation: app_time_stats: avg=2927.33ms min=31.49ms max=4547.98ms count=3
12-21 08:38:06.383   765  1001 D EGL_emulation: app_time_stats: avg=470.02ms min=49.47ms max=1949.48ms count=5
12-21 08:38:06.408  2236  2319 I flutter : Network log [32m[Response] ->[0m
12-21 08:38:06.408  2236  2319 I flutter : Network log [32mUri: https://mmpv2vuat.digitalmta.com/user/login-initial-data[0m
12-21 08:38:06.409  2236  2319 I flutter : Network log [32mRequest Method: GET[0m
12-21 08:38:06.409  2236  2319 I flutter : Network log [32mStatus Code: 200[0m
12-21 08:38:06.409  2236  2319 I flutter : Network log [32mHeaders:[0m
12-21 08:38:06.409  2236  2319 I flutter : Network log [32m	connection: keep-alive[0m
12-21 08:38:06.409  2236  2319 I flutter : Network log [32m	content-type: application/json[0m
12-21 08:38:06.409  2236  2319 I flutter : Network log [32m	date: Thu, 21 Dec 2023 02:53:06 GMT[0m
12-21 08:38:06.409  2236  2319 I flutter : Network log [32m	server: uvicorn[0m
12-21 08:38:06.409  2236  2319 I flutter : Network log [32m	content-length: 2560[0m
12-21 08:38:06.409  2236  2319 I flutter : Network log [32mResponse Body:
12-21 08:38:06.409  2236  2319 I flutter : {
12-21 08:38:06.409  2236  2319 I flutter :   "countries": [
12-21 08:38:06.409  2236  2319 I flutter :     {
12-21 08:38:06.409  2236  2319 I flutter :       "name": "MALAYSIA",
12-21 08:38:06.409  2236  2319 I flutter :       "code": "MY",
12-21 08:38:06.409  2236  2319 I flutter :       "alpha3_code": "MYS",
12-21 08:38:06.409  2236  2319 I flutter :       "is_high_risk": false,
12-21 08:38:06.409  2236  2319 I flutter :       "secondary_number_enabled": false,
12-21 08:38:06.409  2236  2319 I flutter :       "id": 80,
12-21 08:38:06.409  2236  2319 I flutter :       "nationality": null,
12-21 08:38:06.409  2236  2319 I flutter :       "dialing_code": "60",
12-21 08:38:06.409  2236  2319 I flutter :       "is_active": true
12-21 08:38:06.409  2236  2319 I flutter :     },
12-21 08:38:06.409  2236  2319 I flutter :     {
12-21 08:38:06.409  2236  2319 I flutter :       "name": "AFGHANISTAN",
12-21 08:38:06.409  2236  2319 I flutter :       "code": "AF",
12-21 08:38:06.409  2236  2319 I flutter :       "alpha3_code": "AFG",
12-21 08:38:06.409  2236  2319 I flutter :       "is_high_risk": false,
12-21 08:38:06.409  2236  2319 I flutter :       "secondary_number_enabled": true,
12-21 08:38:06.409  2236  2319 I flutter :       "id": 221,
12-21 08:38:06.409  2236  2319 I flutter :       "nationality": null,
12-21 08:38:06.409  2236  2319 I flutter :       "dialing_code": "93",
12-21 08:38:06.409  2236  2319 I flutter :       "is_active": true
12-21 08:38:06.409  2236  2319 I flutter :     },
12-21 08:38:06.409  2236  2319 I flutter :     {
12-21 08:38:06.409  2236  2319 I flutter :       "name": "BANGLADESH",
12-21 08:38:06.409  2236  2319 I flutter :       "code": "BD",
12-21 08:38:06.409  2236  2319 I flutter :       "alpha3_code": "BGD",
12-21 08:38:06.409  2236  2319 I flutter :       "is_high_risk": false,
12-21 08:38:06.409  2236  2319 I flutter :       "secondary_number_enabled": true,
12-21 08:38:06.409  2236  2319 I flutter :       "id": 34,
12-21 08:38:06.409  2236  2319 I flutter :       "nationality": null,
12-21 08:38:06.409  2236  2319 I flutter :       "dialing_code": "880",
12-21 08:38:06.409  2236  2319 I flutter :       "is_active": true
12-21 08:38:06.409  2236  2319 I flutter :     },
12-21 08:38:06.409  2236  2319 I flutter :     {
12-21 08:38:06.409  2236  2319 I flutter :       "name": "BHUTAN",
12-21 08:38:06.409  2236  2319 I flutter :       "code": "BT",
12-21 08:38:06.409  2236  2319 I flutter :       "alpha3_code": "BTN",
12-21 08:38:06.409  2236  2319 I flutter :       "is_high_risk": false,
12-21 08:38:06.409  2236  2319 I flutter :       "secondary_number_enabled": true,
12-21 08:38:06.409  2236  2319 I flutter :       "id": 230,
12-21 08:38:06.409  2236  2319 I flutter :       "nationality": null,
12-21 08:38:06.409  2236  2319 I flutter :       "dialing_code": "975",
12-21 08:38:06.409  2236  2319 I flutter :       "is_active": true
12-21 08:38:06.409  2236  2319 I flutter :     },
12-21 08:38:06.409  2236  2319 I flutter :     {
12-21 08:38:06.409  2236  2319 I flutter :       "name": "CHINA",
12-21 08:38:06.409  2236  2319 I flutter :       "code": "CN",
12-21 08:38:06.409  2236  2319 I flutter :       "alpha3_code": "CHN",
12-21 08:38:06.409  2236  2319 I flutter :       "is_high_risk": false,
12-21 08:38:06.409  2236  2319 I flutter :       "secondary_number_enabled": true,
12-21 08:38:06.409  2236  2319 I flutter :       "id": 123,
12-21 08:38:06.409  2236  2319 I flutter :       "nationality": null,
12-21 08:38:06.409  2236  2319 I flutter :       "dialing_code": "86",
12-21 08:38:06.409  2236  2319 I flutter :       "is_active": true
12-21 08:38:06.409  2236  2319 I flutter :     },
12-21 08:38:06.409  2236  2319 I flutter :     {
12-21 08:38:06.409  2236  2319 I flutter :       "name": "INDIA",
12-21 08:38:06.409  2236  2319 I flutter :       "code": "IN",
12-21 08:38:06.409  2236  2319 I flutter :       "alpha3_code": "IND",
12-21 08:38:06.409  2236  2319 I flutter :       "is_high_risk": false,
12-21 08:38:06.409  2236  2319 I flutter :       "secondary_number_enabled": true,
12-21 08:38:06.409  2236  2319 I flutter :       "id": 12,
12-21 08:38:06.409  2236  2319 I flutter :       "nationality": null,
12-21 08:38:06.409  2236  2319 I flutter :       "dialing_code": "91",
12-21 08:38:06.409  2236  2319 I flutter :       "is_active": true
12-21 08:38:06.409  2236  2319 I flutter :     },
12-21 08:38:06.410  2236  2319 I flutter :     {
12-21 08:38:06.410  2236  2319 I flutter :       "name": "INDONESIA",
12-21 08:38:06.410  2236  2319 I flutter :       "code": "ID",
12-21 08:38:06.410  2236  2319 I flutter :       "alpha3_code": "IDN",
12-21 08:38:06.410  2236  2319 I flutter :       "is_high_risk": false,
12-21 08:38:06.410  2236  2319 I flutter :       "secondary_number_enabled": true,
12-21 08:38:06.410  2236  2319 I flutter :       "id": 9,
12-21 08:38:06.410  2236  2319 I flutter :       "nationality": null,
12-21 08:38:06.410  2236  2319 I flutter :       "dialing_code": "62",
12-21 08:38:06.410  2236  2319 I flutter :       "is_active": true
12-21 08:38:06.410  2236  2319 I flutter :     },
12-21 08:38:06.410  2236  2319 I flutter :     {
12-21 08:38:06.410  2236  2319 I flutter :       "name": "MYANMAR",
12-21 08:38:06.410  2236  2319 I flutter :       "code": "MM",
12-21 08:38:06.410  2236  2319 I flutter :       "alpha3_code": "MMR",
12-21 08:38:06.410  2236  2319 I flutter :       "is_high_risk": false,
12-21 08:38:06.410  2236  2319 I flutter :       "secondary_number_enabled": true,
12-21 08:38:06.410  2236  2319 I flutter :       "id": 16,
12-21 08:38:06.410  2236  2319 I flutter :       "nationality": null,
12-21 08:38:06.410  2236  2319 I flutter :       "dialing_code": "95",
12-21 08:38:06.410  2236  2319 I flutter :       "is_active": true
12-21 08:38:06.410  2236  2319 I flutter :     },
12-21 08:38:06.410  2236  2319 I flutter :     {
12-21 08:38:06.410  2236  2319 I flutter :       "name": "NEPAL",
12-21 08:38:06.410  2236  2319 I flutter :       "code": "NP",
12-21 08:38:06.410  2236  2319 I flutter :       "alpha3_code": "NPL",
12-21 08:38:06.410  2236  2319 I flutter :       "is_high_risk": false,
12-21 08:38:06.410  2236  2319 I flutter :       "secondary_number_enabled": true,
12-21 08:38:06.410  2236  2319 I flutter :       "id": 89,
12-21 08:38:06.410  2236  2319 I flutter :       "nationality": null,
12-21 08:38:06.410  2236  2319 I flutter :       "dialing_code": "977",
12-21 08:38:06.410  2236  2319 I flutter :       "is_active": true
12-21 08:38:06.410  2236  2319 I flutter :     },
12-21 08:38:06.410  2236  2319 I flutter :     {
12-21 08:38:06.410  2236  2319 I flutter :       "name": "PAKISTAN",
12-21 08:38:06.410  2236  2319 I flutter :       "code": "PK",
12-21 08:38:06.410  2236  2319 I flutter :       "alpha3_code": "PAK",
12-21 08:38:06.410  2236  2319 I flutter :       "is_high_risk": false,
12-21 08:38:06.410  2236  2319 I flutter :       "secondary_number_enabled": true,
12-21 08:38:06.410  2236  2319 I flutter :       "id": 153,
12-21 08:38:06.410  2236  2319 I flutter :       "nationality": null,
12-21 08:38:06.410  2236  2319 I flutter :       "dialing_code": "92",
12-21 08:38:06.410  2236  2319 I flutter :       "is_active": true
12-21 08:38:06.410  2236  2319 I flutter :     },
12-21 08:38:06.410  2236  2319 I flutter :     {
12-21 08:38:06.410  2236  2319 I flutter :       "name": "PHILIPPINES",
12-21 08:38:06.410  2236  2319 I flutter :       "code": "PH",
12-21 08:38:06.410  2236  2319 I flutter :       "alpha3_code": "PHL",
12-21 08:38:06.410  2236  2319 I flutter :       "is_high_risk": false,
12-21 08:38:06.410  2236  2319 I flutter :       "secondary_number_enabled": true,
12-21 08:38:06.410  2236  2319 I flutter :       "id": 152,
12-21 08:38:06.410  2236  2319 I flutter :       "nationality": null,
12-21 08:38:06.410  2236  2319 I flutter :       "dialing_code": "63",
12-21 08:38:06.410  2236  2319 I flutter :       "is_active": true
12-21 08:38:06.410  2236  2319 I flutter :     },
12-21 08:38:06.410  2236  2319 I flutter :     {
12-21 08:38:06.410  2236  2319 I flutter :       "name": "SINGAPORE",
12-21 08:38:06.410  2236  2319 I flutter :       "code": "SG",
12-21 08:38:06.410  2236  2319 I flutter :       "alpha3_code": "SGP",
12-21 08:38:06.410  2236  2319 I flutter :       "is_high_risk": false,
12-21 08:38:06.410  2236  2319 I flutter :       "secondary_number_enabled": true,
12-21 08:38:06.410  2236  2319 I flutter :       "id": 119,
12-21 08:38:06.410  2236  2319 I flutter :       "nationality": null,
12-21 08:38:06.410  2236  2319 I flutter :       "dialing_code": "65",
12-21 08:38:06.410  2236  2319 I flutter :       "is_active": true
12-21 08:38:06.410  2236  2319 I flutter :     },
12-21 08:38:06.410  2236  2319 I flutter :     {
12-21 08:38:06.410  2236  2319 I flutter :       "name": "SRI LANKA",
12-21 08:38:06.410  2236  2319 I flutter :       "code": "LK",
12-21 08:38:06.410  2236  2319 I flutter :       "alpha3_code": "LKA",
12-21 08:38:06.410  2236  2319 I flutter :       "is_high_risk": false,
12-21 08:38:06.410  2236  2319 I flutter :       "secondary_number_enabled": true,
12-21 08:38:06.410  2236  2319 I flutter :       "id": 138,
12-21 08:38:06.410  2236  2319 I flutter :       "nationality": null,
12-21 08:38:06.410  2236  2319 I flutter :       "dialing_code": "94",
12-21 08:38:06.410  2236  2319 I flutter :       "is_active": true
12-21 08:38:06.410  2236  2319 I flutter :     },
12-21 08:38:06.410  2236  2319 I flutter :     {
12-21 08:38:06.410  2236  2319 I flutter :       "name": "THAILAND",
12-21 08:38:06.410  2236  2319 I flutter :       "code": "TH",
12-21 08:38:06.410  2236  2319 I flutter :       "alpha3_code": "THA",
12-21 08:38:06.410  2236  2319 I flutter :       "is_high_risk": false,
12-21 08:38:06.410  2236  2319 I flutter :       "secondary_number_enabled": true,
12-21 08:38:06.410  2236  2319 I flutter :       "id": 175,
12-21 08:38:06.410  2236  2319 I flutter :       "nationality": null,
12-21 08:38:06.410  2236  2319 I flutter :       "dialing_code": "66",
12-21 08:38:06.410  2236  2319 I flutter :       "is_active": true
12-21 08:38:06.410  2236  2319 I flutter :     },
12-21 08:38:06.410  2236  2319 I flutter :     {
12-21 08:38:06.410  2236  2319 I flutter :       "name": "VIETNAM",
12-21 08:38:06.410  2236  2319 I flutter :       "code": "VN",
12-21 08:38:06.410  2236  2319 I flutter :       "alpha3_code": "VNM",
12-21 08:38:06.410  2236  2319 I flutter :       "is_high_risk": false,
12-21 08:38:06.410  2236  2319 I flutter :       "secondary_number_enabled": true,
12-21 08:38:06.410  2236  2319 I flutter :       "id": 166,
12-21 08:38:06.410  2236  2319 I flutter :       "nationality": null,
12-21 08:38:06.410  2236  2319 I flutter :       "dialing_code": "84",
12-21 08:38:06.410  2236  2319 I flutter :       "is_active": true
12-21 08:38:06.410  2236  2319 I flutter :     }
12-21 08:38:06.410  2236  2319 I flutter :   ]
12-21 08:38:06.410  2236  2319 I flutter : }[0m
12-21 08:38:06.410  2236  2319 I flutter : Network log [37m[0m
12-21 08:38:06.714  2236  2236 D InputMethodManager: showSoftInput() view=io.flutter.embedding.android.FlutterView{9bd2d9b VFED..... .F....ID 0,0-1080,2100 #2 aid=1073741824} flags=0 reason=SHOW_SOFT_INPUT
12-21 08:38:06.715  1488  1488 I GoogleInputMethodService: GoogleInputMethodService.onFinishInput():3220 
12-21 08:38:06.720  1488  1488 I GoogleInputMethodService: GoogleInputMethodService.updateDeviceLockedStatus():2114 repeatCheckTimes = 0, unlocked = true
12-21 08:38:06.721  1488  1488 I GoogleInputMethodService: GoogleInputMethodService.onStartInput():1919 onStartInput(EditorInfo{inputType=0x2(Number) imeOptions=0x2000006 privateImeOptions=null actionName=DONE actionLabel=null actionId=0 initialSelStart=0 initialSelEnd=0 initialCapsMode=0x0 hintText=null label=null packageName=ai.vanillatech.mmp.uat fieldId=2 fieldName=null extras=null}, false)
12-21 08:38:06.721  1488  1488 I GoogleInputMethodService: GoogleInputMethodService.updateDeviceLockedStatus():2114 repeatCheckTimes = 2, unlocked = true
12-21 08:38:06.737  1488  1488 I GoogleInputMethodService: GoogleInputMethodService.onStartInputView():2023 onStartInputView(EditorInfo{inputType=0x2(Number) imeOptions=0x2000006 privateImeOptions=null actionName=DONE actionLabel=null actionId=0 initialSelStart=0 initialSelEnd=0 initialCapsMode=0x0 hintText=null label=null packageName=ai.vanillatech.mmp.uat fieldId=2 fieldName=null extras=null}, false)
12-21 08:38:06.738  1488  1488 I GoogleInputMethodService: GoogleInputMethodService.updateDeviceLockedStatus():2114 repeatCheckTimes = 2, unlocked = true
12-21 08:38:06.743  1488  1529 I DeviceModeUtil: DeviceModeUtil.getDeviceMode():117 Get device mode phone by ui mode:1 and smallestScreenWidthDp:432
12-21 08:38:06.743  2236  2236 D InputMethodManager: showSoftInput() view=io.flutter.embedding.android.FlutterView{9bd2d9b VFED..... .F...... 0,0-1080,2100 #2 aid=1073741824} flags=0 reason=SHOW_SOFT_INPUT
12-21 08:38:06.750  1488  1488 I KeyboardViewUtil: KeyboardViewUtil.getKeyboardHeightRatio():168 systemKeyboardHeightRatio:1.000000; userKeyboardHeightRatio:1.000000.
12-21 08:38:06.755  1488  1488 I KeyboardViewUtil: KeyboardViewUtil.calculateMaxKeyboardBodyHeight():44 leave 338 height for app when screen height:2040, header height:110 and isFullscreenMode:false, so the max keyboard body height is:1592
12-21 08:38:06.755  1488  1488 W Keyboard: Keyboard.getKeyboardViewHelper():611 null helper is returned: keyboardDef=hyz{className=.latin.keyboard.LatinNumberKeyboard, id=#0x7f0b062a, initialStates=0, keyboardViewDefs=[hzr{direction=LOCALE, id=#0x7f0b013c, isScalable=false, layoutId=#0x7f0e03db, type=HEADER, touchable=true}, hzr{direction=null, id=#0x7f0b013c, isScalable=true, layoutId=#0x7f0e041e, type=BODY, touchable=true}], keyTextSizeRatio=1.0, persistentStates=0, persistentStatesPrefKey=null, popupBubbleLayoutId=#0x7f0e04a2, recentKeyLayoutId=0, recentKeyPopupLayoutId=0, recentKeyType=null, rememberRecentKey=NONE, sessionStates=0}, type=FLOATING_CANDIDATES, helpersCreated=[hro@3f5e928, hro@9aea641, null], 
