12-21 08:38:20.122  2236  2319 I flutter : Network log [33mUri: https://mmpv2vuat.digitalmta.com/emoney-packet-season/current[0m
12-21 08:38:20.122  2236  2319 I flutter : Network log [33mMethod: GET[0m
12-21 08:38:20.122  2236  2319 I flutter : Network log [33mResponse Type: ResponseType.json[0m
12-21 08:38:20.122  2236  2319 I flutter : Network log [33mFollow Redirects: true[0m
12-21 08:38:20.122  2236  2319 I flutter : Network log [33mConnection Timeout: 0:01:00.000000[0m
12-21 08:38:20.122  2236  2319 I flutter : Network log [33mSend Timeout: 0:01:00.000000[0m
12-21 08:38:20.122  2236  2319 I flutter : Network log [33mReceive Timeout: 0:01:00.000000[0m
12-21 08:38:20.122  2236  2319 I flutter : Network log [33mReceive Data When Status Error: true[0m
12-21 08:38:20.122  2236  2319 I flutter : Network log [33mExtra: {}[0m
12-21 08:38:20.122  2236  2319 I flutter : Network log [33mHeaders:[0m
12-21 08:38:20.122  2236  2319 I flutter : Network log [33m Request Body:
12-21 08:38:20.122  2236  2319 I flutter : null[0m
12-21 08:38:20.122  2236  2319 I flutter : Network log [37m[0m
12-21 08:38:20.122  2236  2319 I flutter : Network log [33m[Request] ->[0m
12-21 08:38:20.122  2236  2319 I flutter : Network log [33mUri: https://mmpv2vuat.digitalmta.com/user-card/check-eligibility-to-upgrade-wallet[0m
12-21 08:38:20.122  2236  2319 I flutter : Network log [33mMethod: GET[0m
12-21 08:38:20.122  2236  2319 I flutter : Network log [33mResponse Type: ResponseType.json[0m
12-21 08:38:20.122  2236  2319 I flutter : Network log [33mFollow Redirects: true[0m
12-21 08:38:20.122  2236  2319 I flutter : Network log [33mConnection Timeout: 0:01:00.000000[0m
12-21 08:38:20.122  2236  2319 I flutter : Network log [33mSend Timeout: 0:01:00.000000[0m
12-21 08:38:20.122  2236  2319 I flutter : Network log [33mReceive Timeout: 0:01:00.000000[0m
12-21 08:38:20.122  2236  2319 I flutter : Network log [33mReceive Data When Status Error: true[0m
12-21 08:38:20.122  2236  2319 I flutter : Network log [33mExtra: {}[0m
12-21 08:38:20.122  2236  2319 I flutter : Network log [33mHeaders:[0m
12-21 08:38:20.122  2236  2319 I flutter : Network log [33m Request Body:
12-21 08:38:20.122  2236  2319 I flutter : null[0m
12-21 08:38:20.122  2236  2319 I flutter : Network log [37m[0m
12-21 08:38:20.126   368  2402 I resolv  : GetAddrInfoHandler::run: {101 101 101 983141 10186 0}
12-21 08:38:20.126   368  2403 I resolv  : GetAddrInfoHandler::run: {101 101 101 983141 10186 0}
12-21 08:38:20.127   368  2405 I resolv  : res_nmkquery: (QUERY, IN, A)
12-21 08:38:20.127   368  2404 I resolv  : res_nmkquery: (QUERY, IN, A)
12-21 08:38:20.127   368  2405 I resolv  : resolv_cache_lookup: FOUND IN CACHE entry=0xb400007554136410
12-21 08:38:20.127   368  2405 I resolv  : doQuery: rcode=0, ancount=3, return value=138
12-21 08:38:20.127   368  2404 I resolv  : resolv_cache_lookup: FOUND IN CACHE entry=0xb400007554136410
12-21 08:38:20.127   368  2404 I resolv  : doQuery: rcode=0, ancount=3, return value=138
12-21 08:38:20.137   368  2406 I resolv  : GetAddrInfoHandler::run: {101 101 101 983141 10186 0}
12-21 08:38:20.137   368  2407 I resolv  : res_nmkquery: (QUERY, IN, AAAA)
12-21 08:38:20.137   368  2407 I resolv  : resolv_cache_lookup: FOUND IN CACHE entry=0xb400007564136c10
12-21 08:38:20.137   368  2407 I resolv  : doQuery: rcode=0, ancount=1, return value=188
12-21 08:38:20.137   368  2408 I resolv  : GetAddrInfoHandler::run: {101 101 101 983141 10186 0}
12-21 08:38:20.137   368  2409 I resolv  : res_nmkquery: (QUERY, IN, AAAA)
12-21 08:38:20.137   368  2409 I resolv  : resolv_cache_lookup: FOUND IN CACHE entry=0xb400007564136c10
12-21 08:38:20.137   368  2409 I resolv  : doQuery: rcode=0, ancount=1, return value=188
12-21 08:38:20.138   368  2410 I resolv  : GetAddrInfoHandler::run: {101 101 101 983141 10186 0}
12-21 08:38:20.139   368  2411 I resolv  : res_nmkquery: (QUERY, IN, AAAA)
12-21 08:38:20.139   368  2411 I resolv  : resolv_cache_lookup: FOUND IN CACHE entry=0xb400007564136c10
12-21 08:38:20.139   368  2411 I resolv  : doQuery: rcode=0, ancount=1, return value=188
12-21 08:38:20.139   368  2412 I resolv  : GetAddrInfoHandler::run: {101 101 101 983141 10186 0}
12-21 08:38:20.139   368  2413 I resolv  : res_nmkquery: (QUERY, IN, AAAA)
12-21 08:38:20.139   368  2413 I resolv  : resolv_cache_lookup: FOUND IN CACHE entry=0xb400007564136c10
12-21 08:38:20.139   368  2413 I resolv  : doQuery: rcode=0, ancount=1, return value=188
12-21 08:38:20.269  2236  2319 I flutter : Network log [32m[Response] ->[0m
12-21 08:38:20.269  2236  2319 I flutter : Network log [32mUri: https://mmpv2vuat.digitalmta.com/banner?banner_type=Promotion[0m
12-21 08:38:20.269  2236  2319 I flutter : Network log [32mRequest Method: GET[0m
12-21 08:38:20.269  2236  2319 I flutter : Network log [32mStatus Code: 200[0m
12-21 08:38:20.269  2236  2319 I flutter : Network log [32mHeaders:[0m
12-21 08:38:20.269  2236  2319 I flutter : Network log [32m	connection: keep-alive[0m
12-21 08:38:20.269  2236  2319 I flutter : Network log [32m	content-type: application/json[0m
12-21 08:38:20.269  2236  2319 I flutter : Network log [32m	date: Thu, 21 Dec 2023 02:53:20 GMT[0m
12-21 08:38:20.269  2236  2319 I flutter : Network log [32m	server: uvicorn[0m
12-21 08:38:20.269  2236  2319 I flutter : Network log [32m	content-length: 2695[0m
12-21 08:38:20.270  2236  2319 I flutter : Network log [32mResponse Body:
12-21 08:38:20.270  2236  2319 I flutter : {
12-21 08:38:20.270  2236  2319 I flutter :   "pagination": {
12-21 08:38:20.270  2236  2319 I flutter :     "count": 4,
12-21 08:38:20.270  2236  2319 I flutter :     "page": 1,
12-21 08:38:20.270  2236  2319 I flutter :     "pages": 1,
12-21 08:38:20.270  2236  2319 I flutter :     "size": 20
12-21 08:38:20.270  2236  2319 I flutter :   },
12-21 08:38:20.270  2236  2319 I flutter :   "results": [
12-21 08:38:20.270  2236  2319 I flutter :     {
12-21 08:38:20.270  2236  2319 I flutter :       "title": "Ratnapark Exhibition",
12-21 08:38:20.270  2236  2319 I flutter :       "image": "https://d1t0u2ql2wp61b.cloudfront.net/Call-to-Action_(1)_1694594510232.jpg",
12-21 08:38:20.270  2236  2319 I flutter :       "type": "Promotion",
12-21 08:38:20.270  2236  2319 I flutter :       "start_date": "2023-09-13",
12-21 08:38:20.270  2236  2319 I flutter :       "start_time": "14:27:00",
12-21 08:38:20.270  2236  2319 I flutter :       "description": "<h2>Welcome to the Expo</h2><h3>&nbsp;</h3><p>16th International Footwear Expo 2023 is scheduled to be held in 5th, 6th &amp; 7th January 2023, Kathmandu, Nepal. Footwear Expo is the he Only B2B Event Where Brand Manufacturers, Wholesale Dealers and Distributors, Accessories, Components, Material and Machinery Manufacturers Are Brought Together under One Roof. Footwear expo is a Platform Where New Ideas Are Explored, New Partnerships Are Formed, And Networking On A Grand Scale Takes Place. Footwear Expo Will Provide Footwear Manufacturer An Exclusive Platform To Interact WithWholesale Dealers And Distributors.</p><p>&nbsp;</p><p>Click <a href=\"https://www.google.com\">here.</a></p>",
12-21 08:38:20.270  2236  2319 I flutter :       "call_for_action": "String",
12-21 08:38:20.270  2236  2319 I flutter :       "url": "https://www.facebook.com",
12-21 08:38:20.270  2236  2319 I flutter :       "active": true,
12-21 08:38:20.270  2236  2319 I flutter :       "numeric_code": null,
12-21 08:38:20.270  2236  2319 I flutter :       "id": 22
12-21 08:38:20.270  2236  2319 I flutter :     },
12-21 08:38:20.270  2236  2319 I flutter :     {
12-21 08:38:20.270  2236  2319 I flutter :       "title": "Voluptatibus saepe d",
12-21 08:38:20.270  2236  2319 I flutter :       "image": "https://d1t0u2ql2wp61b.cloudfront.net/test_image_(5)_1694080274780.jpg",
12-21 08:38:20.270  2236  2319 I flutter :       "type": "Promotion",
12-21 08:38:20.270  2236  2319 I flutter :       "start_date": "2023-09-12",
12-21 08:38:20.270  2236  2319 I flutter :       "start_time": "19:59:00",
12-21 08:38:20.270  2236  2319 I flutter :       "description": "Aliquid impedit qua",
12-21 08:38:20.270  2236  2319 I flutter :       "call_for_action": "Ex aut soluta volupt",
12-21 08:38:20.270  2236  2319 I flutter :       "url": "Consequuntur aut sit",
12-21 08:38:20.270  2236  2319 I flutter :       "active": true,
12-21 08:38:20.270  2236  2319 I flutter :       "numeric_code": null,
12-21 08:38:20.270  2236  2319 I flutter :       "id": 19
12-21 08:38:20.270  2236  2319 I flutter :     },
12-21 08:38:20.270  2236  2319 I flutter :     {
12-21 08:38:20.270  2236  2319 I flutter :       "title": "KFC Best Deal",
12-21 08:38:20.270  2236  2319 I flutter :       "image": "https://d1t0u2ql2wp61b.cloudfront.net/2172162_orig_1694594292056.jpg",
12-21 08:38:20.270  2236  2319 I flutter :       "type": "Promotion",
12-21 08:38:20.270  2236  2319 I flutter :       "start_date": "2023-09-13",
12-21 08:38:20.270  2236  2319 I flutter :       "start_time": "14:23:00",
12-21 08:38:20.270  2236  2319 I flutter :       "description": "<p>KFC (Kentucky Fried Chicken) is an American fast food restaurant chain headquartered in Louisville, Kentucky, that specializes in fried chicken. It is the world's second-largest restaurant chain after McDonald's. KFC was founded by Colonel Harland Sanders, an entrepreneur who began selling fried chicken from his roadside restaurant in Corbin, Kentucky. By branding himself as \"Colonel Sanders\", Harland became a prominent figure of American cultural history and his image remains widely used in KFC advertising to this day. KFC was one of the first American fast-food chains to expand internationally, opening outlets in Canada, the United Kingdom, Mexico and Jamaica by the mid-1960s.</p>",
12-21 08:38:20.317   368  2415 I resolv  : GetAddrInfoHandler::run: {101 101 101 983141 10186 0}
12-21 08:38:20.317   368  2414 I resolv  : GetAddrInfoHandler::run: {101 101 101 983141 10186 0}
12-21 08:38:20.317   368  2416 I resolv  : res_nmkquery: (QUERY, IN, A)
12-21 08:38:20.317   368  2416 I resolv  : resolv_cache_lookup: FOUND IN CACHE entry=0xb400007554136f50
12-21 08:38:20.317   368  2416 I resolv  : doQuery: rcode=0, ancount=4, return value=111
12-21 08:38:20.317   368  2418 I resolv  : GetAddrInfoHandler::run: {101 101 101 983141 10186 0}
12-21 08:38:20.317   368  2419 I resolv  : res_nmkquery: (QUERY, IN, A)
12-21 08:38:20.317   368  2419 I resolv  : resolv_cache_lookup: FOUND IN CACHE entry=0xb400007554136f50
12-21 08:38:20.317   368  2419 I resolv  : doQuery: rcode=0, ancount=4, return value=111
12-21 08:38:20.318   368  2417 I resolv  : res_nmkquery: (QUERY, IN, A)
12-21 08:38:20.318   368  2417 I resolv  : resolv_cache_lookup: FOUND IN CACHE entry=0xb400007554136f50
12-21 08:38:20.318   368  2417 I resolv  : doQuery: rcode=0, ancount=4, return value=111
12-21 08:38:20.329   368  2421 I resolv  : GetAddrInfoHandler::run: {101 101 101 983141 10186 0}
12-21 08:38:20.329   368  2423 I resolv  : GetAddrInfoHandler::run: {101 101 101 983141 10186 0}
12-21 08:38:20.329   368  2420 I resolv  : GetAddrInfoHandler::run: {101 101 101 983141 10186 0}
12-21 08:38:20.330   368  2424 I resolv  : res_nmkquery: (QUERY, IN, AAAA)
12-21 08:38:20.330   368  2424 I resolv  : resolv_cache_lookup: FOUND IN CACHE entry=0xb400007574134b50
12-21 08:38:20.330   368  2424 I resolv  : doQuery: rcode=0, ancount=8, return value=271
12-21 08:38:20.330   368  2425 I resolv  : res_nmkquery: (QUERY, IN, AAAA)
12-21 08:38:20.330   368  2425 I resolv  : resolv_cache_lookup: FOUND IN CACHE entry=0xb400007574134b50
12-21 08:38:20.330   368  2425 I resolv  : doQuery: rcode=0, ancount=8, return value=271
12-21 08:38:20.330   368  2426 I resolv  : res_nmkquery: (QUERY, IN, AAAA)
12-21 08:38:20.330   368  2426 I resolv  : resolv_cache_lookup: FOUND IN CACHE entry=0xb400007574134b50
12-21 08:38:20.330   368  2426 I resolv  : doQuery: rcode=0, ancount=8, return value=271
12-21 08:38:20.557   368  2427 I resolv  : GetAddrInfoHandler::run: {101 101 101 983141 10186 0}
12-21 08:38:20.557   368  2428 I resolv  : res_nmkquery: (QUERY, IN, A)
12-21 08:38:20.557   368  2428 I resolv  : resolv_cache_lookup: FOUND IN CACHE entry=0xb400007554136f50
12-21 08:38:20.557   368  2428 I resolv  : doQuery: rcode=0, ancount=4, return value=111
12-21 08:38:20.569   368  2429 I resolv  : GetAddrInfoHandler::run: {101 101 101 983141 10186 0}
12-21 08:38:20.569   368  2430 I resolv  : res_nmkquery: (QUERY, IN, AAAA)
12-21 08:38:20.569   368  2430 I resolv  : resolv_cache_lookup: FOUND IN CACHE entry=0xb400007574134b50
12-21 08:38:20.569   368  2430 I resolv  : doQuery: rcode=0, ancount=8, return value=271
12-21 08:38:20.679  2236  2320 D EGL_emulation: app_time_stats: avg=117.87ms min=102.53ms max=130.80ms count=9
12-21 08:38:21.271  2236  2319 I flutter :       "call_for_action": "String",
12-21 08:38:21.271  2236  2319 I flutter :       "url": "https://kfc.com.np/",
12-21 08:38:21.271  2236  2319 I flutter :       "active": true,
12-21 08:38:21.271  2236  2319 I flutter :       "numeric_code": null,
12-21 08:38:21.271  2236  2319 I flutter :       "id": 21
12-21 08:38:21.271  2236  2319 I flutter :     },
12-21 08:38:21.271  2236  2319 I flutter :     {
12-21 08:38:21.271  2236  2319 I flutter :       "title": "sdjsgb",
12-21 08:38:21.271  2236  2319 I flutter :       "image": "https://d1t0u2ql2wp61b.cloudfront.net/authx_-_public_1701925434564.png",
12-21 08:38:21.271  2236  2319 I flutter :       "type": "Promotion",
12-21 08:38:21.271  2236  2319 I flutter :       "start_date": "2023-12-07",
12-21 08:38:21.271  2236  2319 I flutter :       "start_time": "11:49:00",
12-21 08:38:21.271  2236  2319 I flutter :       "description": "<p>This is a test description.</p>",
12-21 08:38:21.271  2236  2319 I flutter :       "call_for_action": "sdmfb",
12-21 08:38:21.271  2236  2319 I flutter :       "url": "https://www.mmp.com",
12-21 08:38:21.271  2236  2319 I flutter :       "active": true,
12-21 08:38:21.271  2236  2319 I flutter :       "numeric_code": null,
12-21 08:38:21.271  2236  2319 I flutter :       "id": 47
12-21 08:38:21.271  2236  2319 I flutter :     }
12-21 08:38:21.271  2236  2319 I flutter :   ]
12-21 08:38:21.271  2236  2319 I flutter : }[0m
12-21 08:38:21.271  2236  2319 I flutter : Network log [37m[0m
12-21 08:38:21.271  2236  2319 I flutter : Network log [32m[Response] ->[0m
12-21 08:38:21.271  2236  2319 I flutter : Network log [32mUri: https://mmpv2vuat.digitalmta.com/emoney-packet-season/current[0m
12-21 08:38:21.271  2236  2319 I flutter : Network log [32mRequest Method: GET[0m
12-21 08:38:21.271  2236  2319 I flutter : Network log [32mStatus Code: 200[0m
12-21 08:38:21.271  2236  2319 I flutter : Network log [32mHeaders:[0m
12-21 08:38:21.271  2236  2319 I flutter : Network log [32m	connection: keep-alive[0m
12-21 08:38:21.271  2236  2319 I flutter : Network log [32m	content-type: application/json[0m
12-21 08:38:21.271  2236  2319 I flutter : Network log [32m	date: Thu, 21 Dec 2023 02:53:20 GMT[0m
12-21 08:38:21.271  2236  2319 I flutter : Network log [32m	server: uvicorn[0m
12-21 08:38:21.271  2236  2319 I flutter : Network log [32m	content-length: 651[0m
12-21 08:38:21.271  2236  2319 I flutter : Network log [32mResponse Body:
12-21 08:38:21.271  2236  2319 I flutter : {
12-21 08:38:21.271  2236  2319 I flutter :   "description": "This is descripition field",
12-21 08:38:21.271  2236  2319 I flutter :   "season_number": 99,
12-21 08:38:21.271  2236  2319 I flutter :   "end_date": "2031-03-29",
12-21 08:38:21.271  2236  2319 I flutter :   "fail_image": "https://d1t0u2ql2wp61b.cloudfront.net/test_image_(1)_1694427412675.jpg",
12-21 08:38:21.271  2236  2319 I flutter :   "banner_image": "https://d1t0u2ql2wp61b.cloudfront.net/festive_packet_banner_1694430415520_1695098202291.jpg",
12-21 08:38:21.271  2236  2319 I flutter :   "success_message": "Success Message!",
12-21 08:38:21.271  2236  2319 I flutter :   "active": true,
12-21 08:38:21.271  2236  2319 I flutter :   "season": "Hari Raya",
12-21 08:38:21.272  2236  2319 I flutter :   "id": 3,
12-21 08:38:21.272  2236  2319 I flutter :   "start_date": "2023-09-05",
12-21 08:38:21.272  2236  2319 I flutter :   "start_time": "12:19:00",
12-21 08:38:21.272  2236  2319 I flutter :   "end_time": "00:19:00",
12-21 08:38:21.272  2236  2319 I flutter :   "success_image": "https://d1t0u2ql2wp61b.cloudfront.net/test_image_(5)_1694427421560.jpg",
12-21 08:38:21.272  2236  2319 I flutter :   "summary_header_image": "https://d1t0u2ql2wp61b.cloudfront.net/test_image_(5)_1694427438557.jpg",
12-21 08:38:21.272  2236  2319 I flutter :   "fail_message": "Failed Message!"
12-21 08:38:21.272  2236  2319 I flutter : }[0m
12-21 08:38:21.272  2236  2319 I flutter : Network log [37m[0m
12-21 08:38:21.272  2236  2319 I flutter : Network log [32m[Response] ->[0m
12-21 08:38:21.272  2236  2319 I flutter : Network log [32mUri: https://mmpv2vuat.digitalmta.com/user-card/check-eligibility-to-upgrade-wallet[0m
12-21 08:38:21.272  2236  2319 I flutter : Network log [32mRequest Method: GET[0m
12-21 08:38:21.272  2236  2319 I flutter : Network log [32mStatus Code: 200[0m
12-21 08:38:21.272  2236  2319 I flutter : Network log [32mHeaders:[0m
12-21 08:38:21.272  2236  2319 I flutter : Network log [32m	connection: keep-alive[0m
12-21 08:38:21.272  2236  2319 I flutter : Network log [32m	content-type: application/json[0m
12-21 08:38:21.272  2236  2319 I flutter : Network log [32m	date: Thu, 21 Dec 2023 02:53:20 GMT[0m
12-21 08:38:21.272  2236  2319 I flutter : Network log [32m	server: uvicorn[0m
12-21 08:38:21.272  2236  2319 I flutter : Network log [32m	content-length: 247[0m
12-21 08:38:21.272  2236  2319 I flutter : Network log [32mResponse Body:
12-21 08:38:21.272  2236  2319 I flutter : {
12-21 08:38:21.272  2236  2319 I flutter :   "20k_eligibility": true,
12-21 08:38:21.272  2236  2319 I flutter :   "ambank_eligibility": true,
12-21 08:38:21.272  2236  2319 I flutter :   "ambank_description": "Open a Hybrid Current Account-i from your app to enjoy more perks & a bigger wallet limit.\n Would you like to set it up?\n This Hybrid Current Account-i is only for in-app."
12-21 08:38:21.272  2236  2319 I flutter : }[0m
12-21 08:38:21.272  2236  2319 I flutter : Network log [37m[0m
12-21 08:38:21.519  2236  2319 I flutter : unhandled element <filter/>; Picture key: Svg loader
12-21 08:38:21.721  2236  2320 D EGL_emulation: app_time_stats: avg=86.71ms min=11.52ms max=119.67ms count=12
12-21 08:38:21.852 31924 31924 D BoundBrokerSvc: onUnbind: Intent { act=com.google.firebase.dynamiclinks.service.START pkg=com.google.android.gms }
12-21 08:38:22.199   418   514 W TransactionTracing: Could not find layer id -1
12-21 08:38:22.280   576  1062 I ActivityTaskManager: START u0 {act=android.content.pm.action.REQUEST_PERMISSIONS pkg=com.google.android.permissioncontroller cmp=com.google.android.permissioncontroller/com.android.permissioncontroller.permission.ui.GrantPermissionsActivity (has extras)} from uid 10186
12-21 08:38:22.294   576  1062 D CompatibilityChangeReporter: Compat change id reported: 197654537; UID 10186; state: ENABLED
12-21 08:38:22.319  2236  2280 D SessionLifecycleClient: Sending lifecycle 2 to service
12-21 08:38:22.319  2236  2338 D SessionLifecycleService: Activity backgrounding at 39446391
12-21 08:38:22.322  2236  2236 D LifecycleMonitor: Lifecycle status change: com.vanillatech.mmp.MainActivity@fab6dbd in: PAUSED
12-21 08:38:22.324   576   901 W ActivityTaskManager: Tried to set launchTime (0) < mLastActivityLaunchTime (39425843)
12-21 08:38:22.349   418   514 W TransactionTracing: Could not find layer id -1
12-21 08:38:22.349   418   514 W TransactionTracing: Could not find layer id -1
12-21 08:38:22.349   418   514 W TransactionTracing: Could not find layer id -1
12-21 08:38:22.363 24684 24773 D BtGatt.ScanManager: uid 10118 isForeground true scanMode -1
12-21 08:38:22.363 24684 24773 D BtGatt.ScanManager: uid 10118 isForeground true scanMode -1
12-21 08:38:22.380 31924 31924 D BoundBrokerSvc: onBind: Intent { act=com.google.android.gms.measurement.START pkg=com.google.android.gms }
12-21 08:38:22.380 31924 31924 D BoundBrokerSvc: Loading bound service for intent: Intent { act=com.google.android.gms.measurement.START pkg=com.google.android.gms }
12-21 08:38:22.397 32016 32016 D AutofillManager: Fill dialog is enabled:false, hints=[password, passwordAuto, creditCardNumber, creditCardSecurityCode, creditCardExpirationDate]
12-21 08:38:22.424 20029 19648 W android.hardware.audio@7.1-impl.ranchu: pcmWrite:236 pcm_write failed with 'cannot read/write stream data: I/O error' (-1)
12-21 08:38:22.424 20029 19648 E android.hardware.audio@7.1-impl.ranchu: device/generic/goldfish/audio/talsa.cpp:pcmWrite:237 failure: false
12-21 08:38:22.432   576   592 D CoreBackPreview: Window{7bca036 u0 com.google.android.permissioncontroller/com.android.permissioncontroller.permission.ui.GrantPermissionsActivity}: Setting back callback OnBackInvokedCallbackInfo{mCallback=android.window.IOnBackInvokedCallback$Stub$Proxy@6a1f3d3, mPriority=0}
12-21 08:38:22.466   418   514 W TransactionTracing: Could not find layer handle 0xb4000076cd34ee50
12-21 08:38:22.466   418   514 W TransactionTracing: Could not find layer handle 0xb4000076cd3547f0
12-21 08:38:22.483   418   514 W TransactionTracing: Could not find layer id -1
12-21 08:38:22.510   765  1001 D EGL_emulation: app_time_stats: avg=1620.49ms min=15.61ms max=14441.09ms count=9
12-21 08:38:22.551   576   595 I ActivityTaskManager: Displayed com.google.android.permissioncontroller/com.android.permissioncontroller.permission.ui.GrantPermissionsActivity: +182ms
12-21 08:38:22.700   418   514 W TransactionTracing: Could not find layer handle 0xb4000076cd34f2d0
12-21 08:38:22.700   418   514 W TransactionTracing: Could not find layer handle 0xb4000076cd34f2d0
12-21 08:38:22.734   765  1001 D EGL_emulation: app_time_stats: avg=350.09ms min=0.42ms max=14650.93ms count=42
12-21 08:38:22.804  2236  2320 D EGL_emulation: app_time_stats: avg=87.63ms min=1.00ms max=143.34ms count=12
12-21 08:38:22.853   418   514 W TransactionTracing: Could not find layer id -1
12-21 08:38:22.853   418   514 W TransactionTracing: Could not find layer id -1
12-21 08:38:23.000   418   514 W TransactionTracing: Could not find layer handle 0xb4000076cd34ed90
12-21 08:38:23.000   418   514 W TransactionTracing: Could not find layer handle 0xb4000076cd34ed90
12-21 08:38:23.000   418   514 W TransactionTracing: Could not find layer handle 0xb4000076cd34ed90
12-21 08:38:23.736   765  1001 D EGL_emulation: app_time_stats: avg=2.89ms min=0.40ms max=20.19ms count=55
12-21 08:38:23.853  2236  2320 D EGL_emulation: app_time_stats: avg=116.61ms min=114.89ms max=118.41ms count=9
12-21 08:38:24.902  2236  2320 D EGL_emulation: app_time_stats: avg=116.46ms min=114.23ms max=118.33ms count=9
12-21 08:38:25.955  2236  2320 D EGL_emulation: app_time_stats: avg=117.05ms min=113.99ms max=120.29ms count=9
12-21 08:38:27.006  2236  2320 D EGL_emulation: app_time_stats: avg=116.73ms min=113.63ms max=122.48ms count=9
12-21 08:38:27.126   576   742 D androidtc: Initializing SystemTextClassifier, type = System
12-21 08:38:27.142  1570  1570 I AiAiTextClassifier: onCreateTextClassificationSession = TextClassificationSessionId {acbbf319-04c1-48fb-b591-5c57f0c21872}
12-21 08:38:27.143   765   765 I ClipboardListener: Clipboard overlay suppressed.
12-21 08:38:27.144   765   765 I ClipboardListener: Clipboard overlay suppressed.
12-21 08:38:27.144  1570  1829 I AiAiTranslate: C2T - not in a conversation
12-21 08:38:27.148  1570  1893 I AiAiTextClassifier: Initialize textClassifierLib, privileged changed = [true], TC null = [false]
12-21 08:38:27.151  1488  2432 D androidtc: Initializing SystemTextClassifier, type = System
12-21 08:38:27.174  1570  1941 I AiAiTextClassifier: GenerateLinks did not find valid links, returning empty result
12-21 08:38:27.176  1570  1829 W AiAiClearcutLogger: Trying to use Clearcut counters (disabled via policy). [CONTEXT ratelimit_period="1 HOURS [skipped: 1]" ]
12-21 08:38:27.176  1570  1941 I AiAiTextClassifier: Initialize textClassifierLib, privileged changed = [true], TC null = [false]
12-21 08:38:27.177  1570  1941 I AiAiTextClassifier: GenerateLinks did not find valid links, returning empty result
12-21 08:38:27.183   765   765 I ClipboardListener: Clipboard overlay suppressed.
12-21 08:38:27.509  1082  1082 D TaplEvents: TIS / TouchInteractionService.onInputEvent: MotionEvent { action=ACTION_DOWN, actionButton=0, id[0]=0, x[0]=654.96094, y[0]=1129.8999, toolType[0]=TOOL_TYPE_FINGER, buttonState=0, classification=NONE, metaState=0, flags=0x0, edgeFlags=0x0, pointerCount=1, historySize=0, eventTime=39451574, downTime=39451574, deviceId=8, source=0x5002, displayId=0, eventId=50511611 }
12-21 08:38:27.599  1082  1082 D TaplEvents: TIS / TouchInteractionService.onInputEvent: MotionEvent { action=ACTION_UP, actionButton=0, id[0]=0, x[0]=654.96094, y[0]=1129.8999, toolType[0]=TOOL_TYPE_FINGER, buttonState=0, classification=NONE, metaState=0, flags=0x0, edgeFlags=0x0, pointerCount=1, historySize=0, eventTime=39451671, downTime=39451574, deviceId=8, source=0x5002, displayId=0, eventId=216829577 }
12-21 08:38:27.609 32016 32016 V GrantPermissionsViewModel: Logged buttons presented and clicked permissionGroupName=android.permission-group.CONTACTS uid=10186 selectedLocations=0 package=ai.vanillatech.mmp.uat presentedButtons=9 clickedButton=1 sessionId=-4045740105803464634 targetSdk=33
12-21 08:38:27.619 32016 32016 V GrantPermissionsViewModel: Permission grant result requestId=-4045740105803464634 callingUid=10186 callingPackage=ai.vanillatech.mmp.uat permission=android.permission.READ_CONTACTS isImplicit=false result=4
12-21 08:38:27.718  2236  2276 D SessionLifecycleClient: Sending lifecycle 1 to service
12-21 08:38:27.721  2236  2338 D SessionLifecycleService: Activity foregrounding at 39451790.
12-21 08:38:27.721  2236  2236 D LifecycleMonitor: Lifecycle status change: com.vanillatech.mmp.MainActivity@fab6dbd in: RESUMED
12-21 08:38:27.723   765  1001 D EGL_emulation: app_time_stats: avg=566.58ms min=0.81ms max=5086.59ms count=9
12-21 08:38:27.765   576  3177 D CoreBackPreview: Window{7bca036 u0 com.google.android.permissioncontroller/com.android.permissioncontroller.permission.ui.GrantPermissionsActivity}: Setting back callback null
12-21 08:38:27.769   576   901 W InputManager-JNI: Input channel object '7bca036 com.google.android.permissioncontroller/com.android.permissioncontroller.permission.ui.GrantPermissionsActivity (client)' was disposed without first being removed with the input manager!
12-21 08:38:27.774   576  3043 D CompatibilityChangeReporter: Compat change id reported: 135634846; UID 10070; state: DISABLED
12-21 08:38:27.775   576  3043 D CompatibilityChangeReporter: Compat change id reported: 177438394; UID 10070; state: DISABLED
12-21 08:38:27.775   576  3043 D CompatibilityChangeReporter: Compat change id reported: 135772972; UID 10070; state: DISABLED
12-21 08:38:27.775   576  3043 D CompatibilityChangeReporter: Compat change id reported: 135754954; UID 10070; state: ENABLED
12-21 08:38:27.775   576   607 D CompatibilityChangeReporter: Compat change id reported: 143937733; UID 10070; state: ENABLED
12-21 08:38:27.780   370   370 D Zygote  : Forked child process 2437
12-21 08:38:27.785   576   607 I ActivityManager: Start proc 2437:android.process.acore/u0a70 for content provider {com.android.providers.contacts/com.android.providers.contacts.ContactsProvider2}
12-21 08:38:27.803   760   760 I wpa_supplicant: wlan0: CTRL-EVENT-BEACON-LOSS 
12-21 08:38:27.825   446   488 I adbd    : jdwp connection from 2437
12-21 08:38:27.832   576  3043 D BiometricService: canAuthenticate: User=0, Caller=0, Authenticators=255
12-21 08:38:27.836   576  3043 D BiometricService/PreAuthInfo: Package: ai.vanillatech.mmp.uat Sensor ID: 0 Modality: 2 Status: 7
12-21 08:38:27.838   576  3043 D BiometricService/PreAuthInfo: getCanAuthenticateInternal Modality: 2 AuthenticatorStatus: 7
12-21 08:38:27.838   576  3043 D AuthService: canAuthenticate, userId: 0, callingUserId: 0, authenticators: 255, result: 11
12-21 08:38:27.849   576  3043 D CompatibilityChangeReporter: Compat change id reported: 168419799; UID 10070; state: DISABLED
12-21 08:38:27.870   765  1001 D EGL_emulation: app_time_stats: avg=206.51ms min=0.43ms max=3587.30ms count=19
12-21 08:38:27.881   576  3177 D BiometricService: canAuthenticate: User=0, Caller=0, Authenticators=255
12-21 08:38:27.881   576  3177 D BiometricService/PreAuthInfo: Package: ai.vanillatech.mmp.uat Sensor ID: 0 Modality: 2 Status: 7
12-21 08:38:27.881   576  3177 D BiometricService/PreAuthInfo: getCanAuthenticateInternal Modality: 2 AuthenticatorStatus: 7
12-21 08:38:27.881   576  3177 D AuthService: canAuthenticate, userId: 0, callingUserId: 0, authenticators: 255, result: 11
12-21 08:38:27.882   576  3177 D BiometricService: canAuthenticate: User=0, Caller=0, Authenticators=15
12-21 08:38:27.882   576  3177 D BiometricService/PreAuthInfo: Package: ai.vanillatech.mmp.uat Sensor ID: 0 Modality: 2 Status: 7
12-21 08:38:27.882   576  3177 D BiometricService/PreAuthInfo: getCanAuthenticateInternal Modality: 2 AuthenticatorStatus: 7
12-21 08:38:27.882   576  3177 D AuthService: canAuthenticate, userId: 0, callingUserId: 0, authenticators: 15, result: 11
12-21 08:38:27.904   576  3043 W ActivityManager: Slow operation: 57ms so far, now at attachApplicationLocked: after updateOomAdjLocked
12-21 08:38:27.906  2437  2437 D CompatibilityChangeReporter: Compat change id reported: 171979766; UID 10070; state: ENABLED
12-21 08:38:27.928  2437  2437 D nativeloader: Configuring classloader-namespace-shared for other apk /system/priv-app/ContactsProvider/ContactsProvider.apk. target_sdk_version=33, uses_libraries=, library_path=/system/priv-app/ContactsProvider/lib/arm64:/system/lib64:/system_ext/lib64, permitted_path=/data:/mnt/expand:/data/user/0/com.android.providers.contacts:/system/priv-app/ContactsProvider:/system/lib64:/system_ext/lib64
12-21 08:38:27.933   418   514 W TransactionTracing: Could not find layer handle 0xb4000076cd350ef0
12-21 08:38:27.933   418   514 W TransactionTracing: Could not find layer handle 0xb4000076cd34ee50
12-21 08:38:27.945  2437  2437 V GraphicsEnvironment: ANGLE Developer option for 'com.android.providers.contacts' set to: 'default'
12-21 08:38:27.945  2437  2437 V GraphicsEnvironment: ANGLE GameManagerService for com.android.providers.contacts: false
12-21 08:38:27.945  2437  2437 V GraphicsEnvironment: Neither updatable production driver nor prerelease driver is supported.
12-21 08:38:27.947  2437  2437 D NetworkSecurityConfig: No Network Security Config specified, using platform default
12-21 08:38:27.948  2437  2437 D NetworkSecurityConfig: No Network Security Config specified, using platform default
12-21 08:38:27.949   418   514 W TransactionTracing: Could not find layer handle 0xb4000076cd3546d0
12-21 08:38:27.949   418   514 W TransactionTracing: Could not find layer handle 0xb4000076cd34eeb0
12-21 08:38:27.949   418   514 W TransactionTracing: Could not find layer handle 0xb4000076cd352bd0
12-21 08:38:27.949   418   514 W TransactionTracing: Could not find layer handle 0xb4000076cd352bd0
12-21 08:38:27.953  2437  2437 D nativeloader: Configuring classloader-namespace-shared for other apk /system/priv-app/UserDictionaryProvider/UserDictionaryProvider.apk. target_sdk_version=33, uses_libraries=, library_path=/system/priv-app/UserDictionaryProvider/lib/arm64:/system/lib64:/system_ext/lib64, permitted_path=/data:/mnt/expand:/data/user/0/com.android.providers.userdictionary:/system/priv-app/UserDictionaryProvider:/system/lib64:/system_ext/lib64
12-21 08:38:27.960  2437  2437 D nativeloader: Configuring classloader-namespace-shared for other apk /system/priv-app/BlockedNumberProvider/BlockedNumberProvider.apk. target_sdk_version=33, uses_libraries=, library_path=/system/priv-app/BlockedNumberProvider/lib/arm64:/system/lib64:/system_ext/lib64, permitted_path=/data:/mnt/expand:/data/user_de/0/com.android.providers.blockednumber:/system/priv-app/BlockedNumberProvider:/system/lib64:/system_ext/lib64
12-21 08:38:27.964  2437  2437 I ContactsPerf: VoicemailContentProvider.onCreate start
12-21 08:38:27.973   576  3043 D CompatibilityChangeReporter: Compat change id reported: 161145287; UID 10070; state: DISABLED
12-21 08:38:27.974  2437  2437 I ContactsPerf: VoicemailContentProvider.onCreate finish
12-21 08:38:27.982   418   514 W TransactionTracing: Could not find layer handle 0xb4000076cd34ec10
12-21 08:38:27.982   418   514 W TransactionTracing: Could not find layer handle 0xb4000076cd34f1b0
12-21 08:38:27.982   418   514 W TransactionTracing: Could not find layer handle 0xb4000076cd3531d0
12-21 08:38:27.991  2437  2462 I PhoneAccountHandleMigrationUtils_CallLogDatabaseHelper: updatePhoneAccountHandleMigrationPendingStatus false
12-21 08:38:27.993  2437  2460 I PhoneAccountHandleMigrationUtils_CallLogDatabaseHelper: updatePhoneAccountHandleMigrationPendingStatus false
12-21 08:38:27.994   576   901 D CountryDetector: The first listener is added
12-21 08:38:27.994  2437  2437 I ContactsDatabaseHelper: updateUseStrictPhoneNumberComparison: US
12-21 08:38:27.997  2437  2460 D CompatibilityChangeReporter: Compat change id reported: 183155436; UID 10070; state: ENABLED
12-21 08:38:28.009  2437  2464 D ContactsDatabaseHelper: WAL enabled for contacts2.db: true
12-21 08:38:28.016  2437  2464 I PhoneAccountHandleMigrationUtils_ContactsDatabaseHelper: updatePhoneAccountHandleMigrationPendingStatus false
12-21 08:38:28.018  2437  2460 I CallLogProvider: Syncing call composer pics -- source user=0, isShadow=true, forAllUser=false
12-21 08:38:28.018  2437  2460 I CallLogProvider: Fetching list of Uris to sync
12-21 08:38:28.021  2437  2460 I CallLogProvider: Will sync following Uris:[]
12-21 08:38:28.021  2437  2460 I CallLogProvider: Syncing call composer pics -- got []
12-21 08:38:28.031  2437  2464 I ContactLocale: AddressBook Labels [[en_US]]: […, A, B, C, D, E, F, G, H, I, J, K, L, M, N, O, P, Q, R, S, T, U, V, W, X, Y, Z, Α, Β, Γ, Δ, Ε, Ζ, Η, Θ, Ι, Κ, Λ, Μ, Ν, Ξ, Ο, Π, Ρ, Σ, Τ, Υ, Φ, Χ, Ψ, Ω, …, А, Б, В, Г, Д, Ђ, Е, Є, Ж, З, И, І, Й, Ј, К, Л, Љ, М, Н, Њ, О, П, Р, С, Т, Ћ, У, Ф, Х, Ц, Ч, Џ, Ш, Щ, Ю, Я, …, א, ב, ג, ד, ה, ו, ז, ח, ט, י, כ, ל, מ, נ, ס, ע, פ, צ, ק, ר, ש, ת, …, ا, ب, ت, ث, ج, ح, خ, د, ذ, ر, ز, س, ش, ص, ض, ط, ظ, ع, غ, ف, ق, ك, ل, م, ن, ه, و, ي, …, ก, ข, ฃ, ค, ฅ, ฆ, ง, จ, ฉ, ช, ซ, ฌ, ญ, ฎ, ฏ, ฐ, ฑ, ฒ, ณ, ด, ต, ถ, ท, ธ, น, บ, ป, ผ, ฝ, พ, ฟ, ภ, ม, ย, ร, ฤ, ล, ฦ, ว, ศ, ษ, ส, ห, ฬ, อ, ฮ, …, ㄱ, ㄴ, ㄷ, ㄹ, ㅁ, ㅂ, ㅅ, ㅇ, ㅈ, ㅊ, ㅋ, ㅌ, ㅍ, ㅎ, …, あ, か, さ, た, な, は, ま, や, ら, わ, #, …]
12-21 08:38:28.037  2437  2464 D ContactsDatabaseHelper: WAL enabled for profile.db: false
12-21 08:38:28.055  2437  2464 V ContactsProvider: 0 Dangling Contacts have been cleaned up.
12-21 08:38:28.092  2236  2319 I flutter : headerPost= {}
12-21 08:38:28.093  2236  2319 I flutter : Network log [33m[Request] ->[0m
12-21 08:38:28.094  2236  2319 I flutter : Network log [33mUri: https://mmpv2vuat.digitalmta.com/transaction/sync-contacts[0m
12-21 08:38:28.094  2236  2319 I flutter : Network log [33mMethod: POST[0m
12-21 08:38:28.094  2236  2319 I flutter : Network log [33mResponse Type: ResponseType.json[0m
12-21 08:38:28.094  2236  2319 I flutter : Network log [33mFollow Redirects: true[0m
12-21 08:38:28.094  2236  2319 I flutter : Network log [33mConnection Timeout: 0:01:00.000000[0m
12-21 08:38:28.094  2236  2319 I flutter : Network log [33mSend Timeout: 0:01:00.000000[0m
12-21 08:38:28.094  2236  2319 I flutter : Network log [33mReceive Timeout: 0:01:00.000000[0m
12-21 08:38:28.094  2236  2319 I flutter : Network log [33mReceive Data When Status Error: true[0m
12-21 08:38:28.094  2236  2319 I flutter : Network log [33mExtra: {}[0m
12-21 08:38:28.094  2236  2319 I flutter : Network log [33mHeaders:[0m
12-21 08:38:28.094  2236  2319 I flutter : Network log [33m	content-type: application/json[0m
12-21 08:38:28.094  2236  2319 I flutter : Network log [33m[Json] Request Body:
12-21 08:38:28.094  2236  2319 I flutter : {
12-21 08:38:28.094  2236  2319 I flutter :   "type": "RequestMoney",
12-21 08:38:28.094  2236  2319 I flutter :   "contacts": [
12-21 08:38:28.094  2236  2319 I flutter :     {
12-21 08:38:28.094  2236  2319 I flutter :       "name": "Test User",
12-21 08:38:28.094  2236  2319 I flutter :       "phone_number": "603645645654",
12-21 08:38:28.094  2236  2319 I flutter :       "profile_picture": null
12-21 08:38:28.094  2236  2319 I flutter :     }
12-21 08:38:28.094  2236  2319 I flutter :   ]
12-21 08:38:28.094  2236  2319 I flutter : }[0m
12-21 08:38:28.094  2236  2319 I flutter : Network log [37m[0m
12-21 08:38:28.102  2236  2320 D EGL_emulation: app_time_stats: avg=121.83ms min=106.79ms max=171.93ms count=9
12-21 08:38:28.103   368  2467 I resolv  : GetAddrInfoHandler::run: {101 101 101 983141 10186 0}
12-21 08:38:28.104   368  2468 I resolv  : res_nmkquery: (QUERY, IN, A)
12-21 08:38:28.104   368  2468 I resolv  : resolv_cache_lookup: FOUND IN CACHE entry=0xb400007554136410
12-21 08:38:28.104   368  2468 I resolv  : doQuery: rcode=0, ancount=3, return value=138
12-21 08:38:28.108   368  2469 I resolv  : GetAddrInfoHandler::run: {101 101 101 983141 10186 0}
12-21 08:38:28.108   368  2470 I resolv  : res_nmkquery: (QUERY, IN, AAAA)
12-21 08:38:28.108   368  2470 I resolv  : resolv_cache_lookup: FOUND IN CACHE entry=0xb400007564136c10
12-21 08:38:28.108   368  2470 I resolv  : doQuery: rcode=0, ancount=1, return value=188
12-21 08:38:28.108   368  2471 I resolv  : GetAddrInfoHandler::run: {101 101 101 983141 10186 0}
12-21 08:38:28.109   368  2472 I resolv  : res_nmkquery: (QUERY, IN, AAAA)
12-21 08:38:28.109   368  2472 I resolv  : resolv_cache_lookup: FOUND IN CACHE entry=0xb400007564136c10
12-21 08:38:28.109   368  2472 I resolv  : doQuery: rcode=0, ancount=1, return value=188
12-21 08:38:28.500  2236  2319 I flutter : Network log [32m[Response] ->[0m
12-21 08:38:28.500  2236  2319 I flutter : Network log [32mUri: https://mmpv2vuat.digitalmta.com/transaction/sync-contacts[0m
12-21 08:38:28.500  2236  2319 I flutter : Network log [32mRequest Method: POST[0m
12-21 08:38:28.500  2236  2319 I flutter : Network log [32mStatus Code: 200[0m
12-21 08:38:28.501  2236  2319 I flutter : Network log [32mHeaders:[0m
12-21 08:38:28.501  2236  2319 I flutter : Network log [32m	connection: keep-alive[0m
12-21 08:38:28.501  2236  2319 I flutter : Network log [32m	content-type: application/json[0m
12-21 08:38:28.501  2236  2319 I flutter : Network log [32m	date: Thu, 21 Dec 2023 02:53:28 GMT[0m
12-21 08:38:28.501  2236  2319 I flutter : Network log [32m	server: uvicorn[0m
12-21 08:38:28.501  2236  2319 I flutter : Network log [32m	content-length: 222[0m
12-21 08:38:28.501  2236  2319 I flutter : Network log [32mResponse Body:
12-21 08:38:28.501  2236  2319 I flutter : {
12-21 08:38:28.501  2236  2319 I flutter :   "registered_contacts": [
12-21 08:38:28.501  2236  2319 I flutter :     {
12-21 08:38:28.501  2236  2319 I flutter :       "name": "ET VSPREM EMAIL JJJ",
12-21 08:38:28.501  2236  2319 I flutter :       "phone_number": "603645645654",
12-21 08:38:28.501  2236  2319 I flutter :       "profile_picture": "https://d1t0u2ql2wp61b.cloudfront.net/mmp_documents/id_cards/scaled_1000008816.jpg",
12-21 08:38:28.501  2236  2319 I flutter :       "is_recent": true,
12-21 08:38:28.501  2236  2319 I flutter :       "txn_time": null
12-21 08:38:28.501  2236  2319 I flutter :     }
12-21 08:38:28.501  2236  2319 I flutter :   ]
12-21 08:38:28.501  2236  2319 I flutter : }[0m
12-21 08:38:28.501  2236  2319 I flutter : Network log [37m[0m
12-21 08:38:28.882   765  1001 D EGL_emulation: app_time_stats: avg=2.04ms min=0.44ms max=47.42ms count=55
12-21 08:38:29.154  2236  2320 D EGL_emulation: app_time_stats: avg=131.35ms min=110.66ms max=174.41ms count=8
12-21 08:38:30.202  2236  2320 D EGL_emulation: app_time_stats: avg=116.35ms min=113.54ms max=118.87ms count=9
12-21 08:38:30.501  1082  1082 D TaplEvents: TIS / TouchInteractionService.onInputEvent: MotionEvent { action=ACTION_DOWN, actionButton=0, id[0]=0, x[0]=135.98877, y[0]=1227.9199, toolType[0]=TOOL_TYPE_FINGER, buttonState=0, classification=NONE, metaState=0, flags=0x0, edgeFlags=0x0, pointerCount=1, historySize=0, eventTime=39454564, downTime=39454564, deviceId=8, source=0x5002, displayId=0, eventId=531097794 }
12-21 08:38:30.583  1082  1082 D TaplEvents: TIS / TouchInteractionService.onInputEvent: MotionEvent { action=ACTION_UP, actionButton=0, id[0]=0, x[0]=135.98877, y[0]=1227.9199, toolType[0]=TOOL_TYPE_FINGER, buttonState=0, classification=NONE, metaState=0, flags=0x0, edgeFlags=0x0, pointerCount=1, historySize=0, eventTime=39454655, downTime=39454564, deviceId=8, source=0x5002, displayId=0, eventId=365041005 }
12-21 08:38:30.939  1082  1082 D TaplEvents: TIS / TouchInteractionService.onInputEvent: MotionEvent { action=ACTION_DOWN, actionButton=0, id[0]=0, x[0]=523.98193, y[0]=1210.9131, toolType[0]=TOOL_TYPE_FINGER, buttonState=0, classification=NONE, metaState=0, flags=0x0, edgeFlags=0x0, pointerCount=1, historySize=0, eventTime=39455011, downTime=39455011, deviceId=8, source=0x5002, displayId=0, eventId=806211650 }
12-21 08:38:31.030  1082  1082 D TaplEvents: TIS / TouchInteractionService.onInputEvent: MotionEvent { action=ACTION_UP, actionButton=0, id[0]=0, x[0]=520.98267, y[0]=1210.9131, toolType[0]=TOOL_TYPE_FINGER, buttonState=0, classification=NONE, metaState=0, flags=0x0, edgeFlags=0x0, pointerCount=1, historySize=0, eventTime=39455102, downTime=39455011, deviceId=8, source=0x5002, displayId=0, eventId=1037168959 }
12-21 08:38:31.251  2236  2320 D EGL_emulation: app_time_stats: avg=116.57ms min=106.40ms max=127.06ms count=9
12-21 08:38:31.481  1082  1082 D TaplEvents: TIS / TouchInteractionService.onInputEvent: MotionEvent { action=ACTION_DOWN, actionButton=0, id[0]=0, x[0]=901.95557, y[0]=1196.9385, toolType[0]=TOOL_TYPE_FINGER, buttonState=0, classification=NONE, metaState=0, flags=0x0, edgeFlags=0x0, pointerCount=1, historySize=0, eventTime=39455552, downTime=39455552, deviceId=8, source=0x5002, displayId=0, eventId=395309252 }
12-21 08:38:31.579  1082  1082 D TaplEvents: TIS / TouchInteractionService.onInputEvent: MotionEvent { action=ACTION_UP, actionButton=0, id[0]=0, x[0]=904.95483, y[0]=1196.9385, toolType[0]=TOOL_TYPE_FINGER, buttonState=0, classification=NONE, metaState=0, flags=0x0, edgeFlags=0x0, pointerCount=1, historySize=0, eventTime=39455651, downTime=39455552, deviceId=8, source=0x5002, displayId=0, eventId=731186685 }
12-21 08:38:32.155  1082  1082 D TaplEvents: TIS / TouchInteractionService.onInputEvent: MotionEvent { action=ACTION_DOWN, actionButton=0, id[0]=0, x[0]=322.9651, y[0]=1410.9082, toolType[0]=TOOL_TYPE_FINGER, buttonState=0, classification=NONE, metaState=0, flags=0x0, edgeFlags=0x0, pointerCount=1, historySize=0, eventTime=39456227, downTime=39456227, deviceId=8, source=0x5002, displayId=0, eventId=801502651 }
12-21 08:38:32.257  1082  1082 D TaplEvents: TIS / TouchInteractionService.onInputEvent: MotionEvent { action=ACTION_UP, actionButton=0, id[0]=0, x[0]=322.9651, y[0]=1410.9082, toolType[0]=TOOL_TYPE_FINGER, buttonState=0, classification=NONE, metaState=0, flags=0x0, edgeFlags=0x0, pointerCount=1, historySize=0, eventTime=39456329, downTime=39456227, deviceId=8, source=0x5002, displayId=0, eventId=228083750 }
12-21 08:38:32.307  2236  2320 D EGL_emulation: app_time_stats: avg=117.33ms min=109.67ms max=124.56ms count=9
12-21 08:38:32.664 20029 19648 W android.hardware.audio@7.1-impl.ranchu: pcmWrite:236 pcm_write failed with 'cannot read/write stream data: I/O error' (-1)
12-21 08:38:32.664 20029 19648 E android.hardware.audio@7.1-impl.ranchu: device/generic/goldfish/audio/talsa.cpp:pcmWrite:237 failure: false
12-21 08:38:32.673  1082  1082 D TaplEvents: TIS / TouchInteractionService.onInputEvent: MotionEvent { action=ACTION_DOWN, actionButton=0, id[0]=0, x[0]=530.96924, y[0]=1432.9248, toolType[0]=TOOL_TYPE_FINGER, buttonState=0, classification=NONE, metaState=0, flags=0x0, edgeFlags=0x0, pointerCount=1, historySize=0, eventTime=39456744, downTime=39456744, deviceId=8, source=0x5002, displayId=0, eventId=210904136 }
12-21 08:38:32.762  1082  1082 D TaplEvents: TIS / TouchInteractionService.onInputEvent: MotionEvent { action=ACTION_UP, actionButton=0, id[0]=0, x[0]=530.96924, y[0]=1432.9248, toolType[0]=TOOL_TYPE_FINGER, buttonState=0, classification=NONE, metaState=0, flags=0x0, edgeFlags=0x0, pointerCount=1, historySize=0, eventTime=39456834, downTime=39456744, deviceId=8, source=0x5002, displayId=0, eventId=254137450 }
12-21 08:38:33.019  1082  1082 D TaplEvents: TIS / TouchInteractionService.onInputEvent: MotionEvent { action=ACTION_DOWN, actionButton=0, id[0]=0, x[0]=968.9612, y[0]=1421.9165, toolType[0]=TOOL_TYPE_FINGER, buttonState=0, classification=NONE, metaState=0, flags=0x0, edgeFlags=0x0, pointerCount=1, historySize=0, eventTime=39457091, downTime=39457091, deviceId=8, source=0x5002, displayId=0, eventId=6713307 }
12-21 08:38:33.107  1082  1082 D TaplEvents: TIS / TouchInteractionService.onInputEvent: MotionEvent { action=ACTION_UP, actionButton=0, id[0]=0, x[0]=968.9612, y[0]=1421.9165, toolType[0]=TOOL_TYPE_FINGER, buttonState=0, classification=NONE, metaState=0, flags=0x0, edgeFlags=0x0, pointerCount=1, historySize=0, eventTime=39457179, downTime=39457091, deviceId=8, source=0x5002, displayId=0, eventId=979778126 }
12-21 08:38:33.109  2236  2319 I flutter : headerPost= {}
12-21 08:38:33.110  2236  2319 I flutter : Network log [33m[Request] ->[0m
12-21 08:38:33.111  2236  2319 I flutter : Network log [33mUri: https://mmpv2vuat.digitalmta.com/user/validate-passcode[0m
12-21 08:38:33.111  2236  2319 I flutter : Network log [33mMethod: POST[0m
12-21 08:38:33.111  2236  2319 I flutter : Network log [33mResponse Type: ResponseType.json[0m
12-21 08:38:33.111  2236  2319 I flutter : Network log [33mFollow Redirects: true[0m
12-21 08:38:33.111  2236  2319 I flutter : Network log [33mConnection Timeout: 0:01:00.000000[0m
12-21 08:38:33.111  2236  2319 I flutter : Network log [33mSend Timeout: 0:01:00.000000[0m
12-21 08:38:33.111  2236  2319 I flutter : Network log [33mReceive Timeout: 0:01:00.000000[0m
12-21 08:38:33.111  2236  2319 I flutter : Network log [33mReceive Data When Status Error: true[0m
12-21 08:38:33.111  2236  2319 I flutter : Network log [33mExtra: {}[0m
12-21 08:38:33.111  2236  2319 I flutter : Network log [33mHeaders:[0m
12-21 08:38:33.111  2236  2319 I flutter : Network log [33m	content-type: application/json[0m
12-21 08:38:33.111  2236  2319 I flutter : Network log [33m[Json] Request Body:
12-21 08:38:33.111  2236  2319 I flutter : {
12-21 08:38:33.111  2236  2319 I flutter :   "passcode": "123456"
12-21 08:38:33.111  2236  2319 I flutter : }[0m
12-21 08:38:33.111  2236  2319 I flutter : Network log [37m[0m
12-21 08:38:33.137   368  2474 I resolv  : GetAddrInfoHandler::run: {101 101 101 983141 10186 0}
12-21 08:38:33.139   368  2475 I resolv  : res_nmkquery: (QUERY, IN, A)
12-21 08:38:33.139   368  2475 I resolv  : resolv_cache_lookup: FOUND IN CACHE entry=0xb400007554136410
12-21 08:38:33.139   368  2475 I resolv  : doQuery: rcode=0, ancount=3, return value=138
12-21 08:38:33.142   368  2477 I resolv  : GetAddrInfoHandler::run: {101 101 101 983141 10186 0}
12-21 08:38:33.142   368  2478 I resolv  : res_nmkquery: (QUERY, IN, AAAA)
12-21 08:38:33.143   368  2478 I resolv  : resolv_cache_lookup: FOUND IN CACHE entry=0xb400007564136c10
12-21 08:38:33.143   368  2478 I resolv  : doQuery: rcode=0, ancount=1, return value=188
12-21 08:38:33.143   368  2479 I resolv  : GetAddrInfoHandler::run: {101 101 101 983141 10186 0}
12-21 08:38:33.143   368  2480 I resolv  : res_nmkquery: (QUERY, IN, AAAA)
12-21 08:38:33.143   368  2480 I resolv  : resolv_cache_lookup: FOUND IN CACHE entry=0xb400007564136c10
12-21 08:38:33.143   368  2480 I resolv  : doQuery: rcode=0, ancount=1, return value=188
12-21 08:38:33.354  2236  2320 D EGL_emulation: app_time_stats: avg=116.26ms min=110.51ms max=124.50ms count=9
12-21 08:38:33.898  2236  2319 I flutter : Network log [32m[Response] ->[0m
12-21 08:38:33.898  2236  2319 I flutter : Network log [32mUri: https://mmpv2vuat.digitalmta.com/user/validate-passcode[0m
12-21 08:38:33.898  2236  2319 I flutter : Network log [32mRequest Method: POST[0m
12-21 08:38:33.898  2236  2319 I flutter : Network log [32mStatus Code: 200[0m
12-21 08:38:33.899  2236  2319 I flutter : Network log [32mHeaders:[0m
12-21 08:38:33.899  2236  2319 I flutter : Network log [32m	connection: keep-alive[0m
12-21 08:38:33.899  2236  2319 I flutter : Network log [32m	content-type: application/json[0m
12-21 08:38:33.899  2236  2319 I flutter : Network log [32m	date: Thu, 21 Dec 2023 02:53:34 GMT[0m
12-21 08:38:33.899  2236  2319 I flutter : Network log [32m	server: uvicorn[0m
12-21 08:38:33.899  2236  2319 I flutter : Network log [32m	content-length: 51[0m
12-21 08:38:33.899  2236  2319 I flutter : Network log [32mResponse Body:
12-21 08:38:33.899  2236  2319 I flutter : {
12-21 08:38:33.899  2236  2319 I flutter :   "msg": "Passcode has been validated successfully."
12-21 08:38:33.899  2236  2319 I flutter : }[0m
12-21 08:38:33.899  2236  2319 I flutter : Network log [37m[0m
12-21 08:38:34.404  2236  2320 D EGL_emulation: app_time_stats: avg=86.11ms min=6.06ms max=132.83ms count=12
12-21 08:38:35.432  2236  2320 D EGL_emulation: app_time_stats: avg=79.09ms min=11.84ms max=119.27ms count=13
12-21 08:38:35.714  2236  2319 I flutter : ══╡ EXCEPTION CAUGHT BY IMAGE RESOURCE SERVICE ╞════════════════════════════════════════════════════
