12-21 08:38:35.714  2236  2319 I flutter : The following ArgumentError was thrown resolving an image codec:
12-21 08:38:35.714  2236  2319 I flutter : Invalid argument(s): No host specified in URI
12-21 08:38:35.714  2236  2319 I flutter : 
12-21 08:38:35.714  2236  2319 I flutter : When the exception was thrown, this was the stack:
12-21 08:38:35.714  2236  2319 I flutter : #0      _HttpClient._openUrl (dart:_http/http_impl.dart:2752:9)
12-21 08:38:35.714  2236  2319 I flutter : #1      _HttpClient.openUrl (dart:_http/http_impl.dart:2623:7)
12-21 08:38:35.714  2236  2319 I flutter : #2      IOClient.send (package:http/src/io_client.dart:88:38)
12-21 08:38:35.714  2236  2319 I flutter : #3      HttpFileService.get (package:flutter_cache_manager/src/web/file_service.dart:37:44)
12-21 08:38:35.714  2236  2319 I flutter : #4      WebHelper._download (package:flutter_cache_manager/src/web/web_helper.dart:115:24)
12-21 08:38:35.714  2236  2319 I flutter : #5      WebHelper._updateFile (package:flutter_cache_manager/src/web/web_helper.dart:97:28)
12-21 08:38:35.714  2236  2319 I flutter : <asynchronous suspension>
12-21 08:38:35.714  2236  2319 I flutter : #6      WebHelper._downloadOrAddToQueue (package:flutter_cache_manager/src/web/web_helper.dart:65:7)
12-21 08:38:35.714  2236  2319 I flutter : <asynchronous suspension>
12-21 08:38:35.714  2236  2319 I flutter : 
12-21 08:38:35.714  2236  2319 I flutter : Image provider: CachedNetworkImageProvider("", scale: 1.0)
12-21 08:38:35.714  2236  2319 I flutter :  Image key: CachedNetworkImageProvider("", scale: 1.0):
12-21 08:38:35.714  2236  2319 I flutter :   CachedNetworkImageProvider("", scale: 1.0)
12-21 08:38:35.714  2236  2319 I flutter : ════════════════════════════════════════════════════════════════════════════════════════════════════
12-21 08:38:35.715  2236  2319 I flutter : ══╡ EXCEPTION CAUGHT BY IMAGE RESOURCE SERVICE ╞════════════════════════════════════════════════════
12-21 08:38:35.715  2236  2319 I flutter : The following ArgumentError was thrown resolving an image codec:
12-21 08:38:35.715  2236  2319 I flutter : Invalid argument(s): No host specified in URI
12-21 08:38:35.715  2236  2319 I flutter : 
12-21 08:38:35.715  2236  2319 I flutter : When the exception was thrown, this was the stack:
12-21 08:38:35.715  2236  2319 I flutter : #0      _HttpClient._openUrl (dart:_http/http_impl.dart:2752:9)
12-21 08:38:35.715  2236  2319 I flutter : #1      _HttpClient.openUrl (dart:_http/http_impl.dart:2623:7)
12-21 08:38:35.715  2236  2319 I flutter : #2      IOClient.send (package:http/src/io_client.dart:88:38)
12-21 08:38:35.715  2236  2319 I flutter : #3      HttpFileService.get (package:flutter_cache_manager/src/web/file_service.dart:37:44)
12-21 08:38:35.715  2236  2319 I flutter : #4      WebHelper._download (package:flutter_cache_manager/src/web/web_helper.dart:115:24)
12-21 08:38:35.715  2236  2319 I flutter : #5      WebHelper._updateFile (package:flutter_cache_manager/src/web/web_helper.dart:97:28)
12-21 08:38:35.715  2236  2319 I flutter : <asynchronous suspension>
12-21 08:38:35.715  2236  2319 I flutter : #6      WebHelper._downloadOrAddToQueue (package:flutter_cache_manager/src/web/web_helper.dart:65:7)
12-21 08:38:35.715  2236  2319 I flutter : <asynchronous suspension>
12-21 08:38:35.715  2236  2319 I flutter : 
12-21 08:38:35.715  2236  2319 I flutter : Image provider: CachedNetworkImageProvider("", scale: 1.0)
12-21 08:38:35.715  2236  2319 I flutter :  Image key: CachedNetworkImageProvider("", scale: 1.0):
12-21 08:38:35.715  2236  2319 I flutter :   CachedNetworkImageProvider("", scale: 1.0)
12-21 08:38:35.715  2236  2319 I flutter : ═══════════════════════════════════════════════════════════════════════��════════════════════════════
12-21 08:38:35.738   760   760 I wpa_supplicant: wlan0: CTRL-EVENT-BEACON-LOSS 
12-21 08:38:35.851  2236  2236 D InputMethodManager: showSoftInput() view=io.flutter.embedding.android.FlutterView{9bd2d9b VFED..... .F...... 0,0-1080,2100 #2 aid=1073741824} flags=0 reason=SHOW_SOFT_INPUT
12-21 08:38:35.852  1488  1488 I GoogleInputMethodService: GoogleInputMethodService.onStartInput():1919 onStartInput(EditorInfo{inputType=0x2002(Number) imeOptions=0x2000006 privateImeOptions=null actionName=DONE actionLabel=null actionId=0 initialSelStart=-1 initialSelEnd=-1 initialCapsMode=0x0 hintText=null label=null packageName=ai.vanillatech.mmp.uat fieldId=2 fieldName=null extras=null}, true)
12-21 08:38:35.854  1488  1488 I GoogleInputMethodService: GoogleInputMethodService.updateDeviceLockedStatus():2114 repeatCheckTimes = 2, unlocked = true
12-21 08:38:35.854  1488  1488 W SessionManager: SessionManager.beginSession():53 Try to begin an already begun session [INPUT_SESSION], end it first
12-21 08:38:35.865  2236  2236 D InputMethodManager: showSoftInput() view=io.flutter.embedding.android.FlutterView{9bd2d9b VFED..... .F...... 0,0-1080,2100 #2 aid=1073741824} flags=0 reason=SHOW_SOFT_INPUT
12-21 08:38:35.870  2236  2236 D InputMethodManager: showSoftInput() view=io.flutter.embedding.android.FlutterView{9bd2d9b VFED..... .F...... 0,0-1080,2100 #2 aid=1073741824} flags=0 reason=SHOW_SOFT_INPUT
12-21 08:38:35.874  1488  1488 I GoogleInputMethodService: GoogleInputMethodService.onStartInputView():2023 onStartInputView(EditorInfo{inputType=0x2002(Number) imeOptions=0x2000006 privateImeOptions=null actionName=DONE actionLabel=null actionId=0 initialSelStart=-1 initialSelEnd=-1 initialCapsMode=0x0 hintText=null label=null packageName=ai.vanillatech.mmp.uat fieldId=2 fieldName=null extras=null}, false)
12-21 08:38:35.875  1488  1488 I GoogleInputMethodService: GoogleInputMethodService.updateDeviceLockedStatus():2114 repeatCheckTimes = 2, unlocked = true
12-21 08:38:35.880  1488  1529 I DeviceModeUtil: DeviceModeUtil.getDeviceMode():117 Get device mode phone by ui mode:1 and smallestScreenWidthDp:432
12-21 08:38:35.885  1488  1488 I InputContextChangeTracker: InputContextChangeTracker.fixLyingSelectionRangeFromSurroundingText():1495 fixLyingSelectionRangeFromSurroundingText(): [-1, -1]([-1, -1]) -> [0, 0]([0, 0])
12-21 08:38:35.888  1488  1488 I KeyboardViewUtil: KeyboardViewUtil.getKeyboardHeightRatio():168 systemKeyboardHeightRatio:1.000000; userKeyboardHeightRatio:1.000000.
12-21 08:38:35.892  1488  1488 I KeyboardViewUtil: KeyboardViewUtil.calculateMaxKeyboardBodyHeight():44 leave 338 height for app when screen height:2040, header height:110 and isFullscreenMode:false, so the max keyboard body height is:1592
12-21 08:38:35.893  1488  1488 W Keyboard: Keyboard.getKeyboardViewHelper():611 null helper is returned: keyboardDef=hyz{className=.latin.keyboard.LatinNumberKeyboard, id=#0x7f0b062a, initialStates=0, keyboardViewDefs=[hzr{direction=LOCALE, id=#0x7f0b013c, isScalable=false, layoutId=#0x7f0e03db, type=HEADER, touchable=true}, hzr{direction=null, id=#0x7f0b013c, isScalable=true, layoutId=#0x7f0e041e, type=BODY, touchable=true}], keyTextSizeRatio=1.0, persistentStates=0, persistentStatesPrefKey=null, popupBubbleLayoutId=#0x7f0e04a2, recentKeyLayoutId=0, recentKeyPopupLayoutId=0, recentKeyType=null, rememberRecentKey=NONE, sessionStates=0}, type=FLOATING_CANDIDATES, helpersCreated=[hro@3f5e928, hro@9aea641, null], 
12-21 08:38:35.893  1488  1488 W Keyboard: Keyboard.getKeyboardViewHelper():611 null helper is returned: keyboardDef=hyz{className=.latin.keyboard.LatinNumberKeyboard, id=#0x7f0b062a, initialStates=0, keyboardViewDefs=[hzr{direction=LOCALE, id=#0x7f0b013c, isScalable=false, layoutId=#0x7f0e03db, type=HEADER, touchable=true}, hzr{direction=null, id=#0x7f0b013c, isScalable=true, layoutId=#0x7f0e041e, type=BODY, touchable=true}], keyTextSizeRatio=1.0, persistentStates=0, persistentStatesPrefKey=null, popupBubbleLayoutId=#0x7f0e04a2, recentKeyLayoutId=0, recentKeyPopupLayoutId=0, recentKeyType=null, rememberRecentKey=NONE, sessionStates=0}, type=FLOATING_CANDIDATES, helpersCreated=[hro@3f5e928, hro@9aea641, null], 
12-21 08:38:35.894  1488  1488 I DeviceModeUtil: DeviceModeUtil.getDeviceMode():117 Get device mode phone by ui mode:1 and smallestScreenWidthDp:432
12-21 08:38:35.894  1488  1488 I DeviceModeUtil: DeviceModeUtil.getDeviceMode():117 Get device mode phone by ui mode:1 and smallestScreenWidthDp:432
12-21 08:38:35.894  1488  1488 I NormalModeController: NormalModeController.getKeyboardBodyViewHolderPaddingBottom():111 currentPrimeKeyboardType:SOFT systemPaddingBottom:-1
12-21 08:38:35.895  1488  1488 I NormalModeController: NormalModeController.getKeyboardBodyViewHolderPaddingBottom():111 currentPrimeKeyboardType:SOFT systemPaddingBottom:-1
12-21 08:38:35.900  1488  1488 W AutoPasteSuggestionHelper: AutoPasteSuggestionHelper.createProactiveSuggestions():377 Failed to create item chips. Clip items are [ClipItem{ id = 1703127207134, timestamp = 1703127207134, clipItemContent = ClipItemContent{text=allure generate build/reports/allure-results --clean -o build/reports/allure-report, htmlText=, itemType=0, entityType=0, uri=, groupId=-1, viewType=0}}].
12-21 08:38:35.901  1488  1488 I CurrentMicStatusHolder: CurrentMicStatusHolder.onStartInputView():79 Current Mic status = {MicIconHidden-SettingOff,MicIconHidden-PasswordOrNumberOrDateInputType,}
12-21 08:38:35.901  1488  1488 I VoiceImeExtension: VoiceImeExtension.shouldStartVoiceInputAutomatically():382 No private IME option set to start voice input.
12-21 08:38:35.905  2236  2236 W OnBackInvokedCallback: OnBackInvokedCallback is not enabled for the application.
12-21 08:38:35.905  2236  2236 W OnBackInvokedCallback: Set 'android:enableOnBackInvokedCallback="true"' in the application manifest.
12-21 08:38:35.938 31924 31924 D BoundBrokerSvc: onBind: Intent { act=com.google.firebase.dynamiclinks.service.START pkg=com.google.android.gms }
12-21 08:38:35.938 31924 31924 D BoundBrokerSvc: Loading bound service for intent: Intent { act=com.google.firebase.dynamiclinks.service.START pkg=com.google.android.gms }
12-21 08:38:35.941  2236  2236 D InsetsController: show(ime(), fromIme=true)
12-21 08:38:35.974  2236  2308 D EGL_emulation: app_time_stats: avg=1428.88ms min=9.65ms max=28271.93ms count=20
12-21 08:38:36.024 31924 31924 D BoundBrokerSvc: onBind: Intent { act=com.google.android.gms.common.BIND_SHARED_PREFS pkg=com.google.android.gms }
12-21 08:38:36.024 31924 31924 D BoundBrokerSvc: Loading bound service for intent: Intent { act=com.google.android.gms.common.BIND_SHARED_PREFS pkg=com.google.android.gms }
12-21 08:38:36.025 31924 31924 D BoundBrokerSvc: onUnbind: Intent { act=com.google.android.gms.common.BIND_SHARED_PREFS pkg=com.google.android.gms }
12-21 08:38:36.028 31924 31924 D BoundBrokerSvc: onBind: Intent { act=com.google.android.gms.common.BIND_SHARED_PREFS pkg=com.google.android.gms }
12-21 08:38:36.028 31924 31924 D BoundBrokerSvc: Loading bound service for intent: Intent { act=com.google.android.gms.common.BIND_SHARED_PREFS pkg=com.google.android.gms }
12-21 08:38:36.030 31924 31924 D BoundBrokerSvc: onUnbind: Intent { act=com.google.android.gms.common.BIND_SHARED_PREFS pkg=com.google.android.gms }
12-21 08:38:36.434  1488  1488 I GoogleInputMethodService: GoogleInputMethodService.onFinishInputView():2266 
12-21 08:38:36.446  1488  1488 W TooltipLifecycleManager: TooltipLifecycleManager.dismissTooltips():159 Tooltip with id spell_check_add_to_dictionary not found in tooltipManager.
12-21 08:38:37.300   418   514 W TransactionTracing: Could not find layer handle 0xb4000076cd352030
12-21 08:38:37.544  2236  2320 D EGL_emulation: app_time_stats: avg=190.67ms min=2.59ms max=1125.42ms count=11
12-21 08:38:37.564  2236  2236 D InputMethodManager: showSoftInput() view=io.flutter.embedding.android.FlutterView{9bd2d9b VFED..... .F...... 0,0-1080,2100 #2 aid=1073741824} flags=0 reason=SHOW_SOFT_INPUT
12-21 08:38:37.564  1488  1488 I GoogleInputMethodService: GoogleInputMethodService.onStartInput():1919 onStartInput(EditorInfo{inputType=0x8001(Normal) imeOptions=0x2000006 privateImeOptions=null actionName=DONE actionLabel=null actionId=0 initialSelStart=-1 initialSelEnd=-1 initialCapsMode=0x0 hintText=null label=null packageName=ai.vanillatech.mmp.uat fieldId=2 fieldName=null extras=null}, true)
12-21 08:38:37.565  1488  1488 I GoogleInputMethodService: GoogleInputMethodService.updateDeviceLockedStatus():2114 repeatCheckTimes = 2, unlocked = true
12-21 08:38:37.566  1488  1488 W SessionManager: SessionManager.beginSession():53 Try to begin an already begun session [INPUT_SESSION], end it first
12-21 08:38:37.582  1488  1488 I GoogleInputMethodService: GoogleInputMethodService.onStartInputView():2023 onStartInputView(EditorInfo{inputType=0x8001(Normal) imeOptions=0x2000006 privateImeOptions=null actionName=DONE actionLabel=null actionId=0 initialSelStart=-1 initialSelEnd=-1 initialCapsMode=0x0 hintText=null label=null packageName=ai.vanillatech.mmp.uat fieldId=2 fieldName=null extras=null}, false)
12-21 08:38:37.583  2236  2236 D InputMethodManager: showSoftInput() view=io.flutter.embedding.android.FlutterView{9bd2d9b VFED..... .F...... 0,0-1080,2100 #2 aid=1073741824} flags=0 reason=SHOW_SOFT_INPUT
12-21 08:38:37.584  1488  1488 I GoogleInputMethodService: GoogleInputMethodService.updateDeviceLockedStatus():2114 repeatCheckTimes = 2, unlocked = true
12-21 08:38:37.590  2236  2236 D InputMethodManager: showSoftInput() view=io.flutter.embedding.android.FlutterView{9bd2d9b VFED..... .F...... 0,0-1080,2100 #2 aid=1073741824} flags=0 reason=SHOW_SOFT_INPUT
12-21 08:38:37.594  1488  1529 I DeviceModeUtil: DeviceModeUtil.getDeviceMode():117 Get device mode phone by ui mode:1 and smallestScreenWidthDp:432
12-21 08:38:37.624  1488  1488 I InputContextChangeTracker: InputContextChangeTracker.fixLyingSelectionRangeFromSurroundingText():1495 fixLyingSelectionRangeFromSurroundingText(): [-1, -1]([-1, -1]) -> [0, 0]([0, 0])
12-21 08:38:37.633  1488  1488 I KeyboardViewUtil: KeyboardViewUtil.getKeyboardHeightRatio():168 systemKeyboardHeightRatio:1.000000; userKeyboardHeightRatio:1.000000.
12-21 08:38:37.633  1488  1488 I AndroidIME: AbstractIme.onActivate():91 LatinIme.onActivate() : EditorInfo = inputType=0x8001(Normal) imeOptions=0x2000006 privateImeOptions=null actionName=DONE actionLabel=null actionId=0 initialSelStart=-1 initialSelEnd=-1 initialCapsMode=0x0 hintText=null label=null packageName=ai.vanillatech.mmp.uat fieldId=2 fieldName=null extras=null, IncognitoMode = false, DeviceLocked = false
12-21 08:38:37.644  1488  1488 I Delight5Facilitator: Delight5Facilitator.initializeForIme():777 initializeForIme() : Locale = [en_US], layout = qwerty
12-21 08:38:37.668  1488  1488 I VoiceInputManagerWrapper: VoiceInputManagerWrapper.cancelShutdown():55 cancelShutdown()
12-21 08:38:37.668  1488  1488 I VoiceInputManagerWrapper: VoiceInputManagerWrapper.syncLanguagePacks():67 syncLanguagePacks()
12-21 08:38:37.674  1488  6939 I SpeechFactory: SpeechRecognitionFactory.maybeScheduleAutoPackDownloadForFallback():202 maybeScheduleAutoPackDownloadForFallback()
12-21 08:38:37.675  1488  6939 I FallbackOnDeviceRecognitionProvider: FallbackOnDeviceRecognitionProvider.maybeScheduleAutoPackDownload():196 maybeScheduleAutoPackDownload() for language tag en-US
12-21 08:38:37.679  2737  2737 I logd    : start watching /data/system/packages.list ...
12-21 08:38:37.679  2737  2737 I logd    : ReadPackageList, total packages: 186
12-21 08:38:37.680  1488  1488 I LatinIme: LatinIme.updateEnableInlineSuggestionsOnDecoderSideFlags():1295 inline flag updated to:false
12-21 08:38:37.698  1488  1488 I KeyboardWrapper: KeyboardWrapper.consumeEvent():273 Skip consuming an event as current keyboard is deactivated (state=0, keyboard existence=true)
12-21 08:38:37.793  1488  1488 I KeyboardViewHelper: KeyboardViewHelper.getView():168 Get view with height ratio:1.000000
12-21 08:38:37.810 31924 31924 D BoundBrokerSvc: onUnbind: Intent { act=com.google.android.gms.measurement.START pkg=com.google.android.gms }
12-21 08:38:37.818 24684 24773 D BtGatt.ScanManager: uid 10118 isForeground true scanMode -1
12-21 08:38:37.818 24684 24773 D BtGatt.ScanManager: uid 10118 isForeground true scanMode -1
12-21 08:38:37.824  1488  1488 I KeyboardViewUtil: KeyboardViewUtil.calculateMaxKeyboardBodyHeight():44 leave 338 height for app when screen height:2040, header height:110 and isFullscreenMode:false, so the max keyboard body height is:1592
12-21 08:38:37.833  1488  1488 I DeviceModeUtil: DeviceModeUtil.getDeviceMode():117 Get device mode phone by ui mode:1 and smallestScreenWidthDp:432
12-21 08:38:37.835  1488  1488 I KeyboardViewUtil: KeyboardViewUtil.calculateMaxKeyboardBodyHeight():44 leave 338 height for app when screen height:2040, header height:110 and isFullscreenMode:false, so the max keyboard body height is:1592
12-21 08:38:37.842  1488  1488 I DeviceModeUtil: DeviceModeUtil.getDeviceMode():117 Get device mode phone by ui mode:1 and smallestScreenWidthDp:432
12-21 08:38:37.863  1488  1488 I DeviceModeUtil: DeviceModeUtil.getDeviceMode():117 Get device mode phone by ui mode:1 and smallestScreenWidthDp:432
12-21 08:38:37.865  1488  1488 I NormalModeController: NormalModeController.getKeyboardBodyViewHolderPaddingBottom():111 currentPrimeKeyboardType:SOFT systemPaddingBottom:-1
12-21 08:38:37.869  1488  1488 I NormalModeController: NormalModeController.getKeyboardBodyViewHolderPaddingBottom():111 currentPrimeKeyboardType:SOFT systemPaddingBottom:-1
12-21 08:38:37.893  1488  1488 W AutoPasteSuggestionHelper: AutoPasteSuggestionHelper.setMaxWidthOfChipTextView():773 Failed to get the width of the proactive suggestion view holder.
12-21 08:38:37.894  1488  1488 I ProactiveSuggestionsHolderManager: ProactiveSuggestionsHolderManager$3.display():214 Requesting to show proactive suggestions: CLIPBOARD PREEMPTIVE_WITH_SUPPRESSION
12-21 08:38:37.897  2236  2319 I flutter : 00:40 +5: temp_test Req_01: Successfully request money to single user.
12-21 08:38:37.897  2236  2319 I flutter : headerPost= {}
12-21 08:38:37.899  2236  2319 I flutter : Network log [33m[Request] ->[0m
12-21 08:38:37.900  2236  2319 I flutter : Network log [33mUri: https://mmpv2vuat.digitalmta.com/request-money[0m
12-21 08:38:37.900  2236  2319 I flutter : Network log [33mMethod: POST[0m
12-21 08:38:37.900  2236  2319 I flutter : Network log [33mResponse Type: ResponseType.json[0m
12-21 08:38:37.900  2236  2319 I flutter : Network log [33mFollow Redirects: true[0m
12-21 08:38:37.900  2236  2319 I flutter : Network log [33mConnection Timeout: 0:01:00.000000[0m
12-21 08:38:37.900  2236  2319 I flutter : Network log [33mSend Timeout: 0:01:00.000000[0m
12-21 08:38:37.900  2236  2319 I flutter : Network log [33mReceive Timeout: 0:01:00.000000[0m
12-21 08:38:37.900  2236  2319 I flutter : Network log [33mReceive Data When Status Error: true[0m
12-21 08:38:37.900  2236  2319 I flutter : Network log [33mExtra: {}[0m
12-21 08:38:37.900  2236  2319 I flutter : Network log [33mHeaders:[0m
12-21 08:38:37.900  2236  2319 I flutter : Network log [33m	content-type: application/json[0m
12-21 08:38:37.900  2236  2319 I flutter : Network log [33m[Json] Request Body:
12-21 08:38:37.900  2236  2319 I flutter : {
12-21 08:38:37.900  2236  2319 I flutter :   "requestee": [
12-21 08:38:37.900  2236  2319 I flutter :     "609849351634",
12-21 08:38:37.900  2236  2319 I flutter :     "603553553555"
12-21 08:38:37.900  2236  2319 I flutter :   ],
12-21 08:38:37.900  2236  2319 I flutter :   "amount": 10,
12-21 08:38:37.900  2236  2319 I flutter :   "remarks": "This is a test."
12-21 08:38:37.900  2236  2319 I flutter : }[0m
12-21 08:38:37.900  2236  2319 I flutter : Network log [37m[0m
12-21 08:38:37.904  1488  1488 I VoiceImeExtension: VoiceImeExtension.shouldStartVoiceInputAutomatically():382 No private IME option set to start voice input.
12-21 08:38:37.933  2236  2236 W OnBackInvokedCallback: OnBackInvokedCallback is not enabled for the application.
12-21 08:38:37.933  2236  2236 W OnBackInvokedCallback: Set 'android:enableOnBackInvokedCallback="true"' in the application manifest.
12-21 08:38:38.119 31924 31924 D BoundBrokerSvc: onBind: Intent { act=com.google.android.gms.common.BIND_SHARED_PREFS pkg=com.google.android.gms }
12-21 08:38:38.121 31924 31924 D BoundBrokerSvc: Loading bound service for intent: Intent { act=com.google.android.gms.common.BIND_SHARED_PREFS pkg=com.google.android.gms }
12-21 08:38:38.199 31924 31924 D BoundBrokerSvc: onUnbind: Intent { act=com.google.android.gms.common.BIND_SHARED_PREFS pkg=com.google.android.gms }
12-21 08:38:38.254  1488  1488 I NormalModeController: NormalModeController.getKeyboardBodyViewHolderPaddingBottom():111 currentPrimeKeyboardType:SOFT systemPaddingBottom:-1
12-21 08:38:38.262  1488  1928 I Delight5Decoder: Delight5DecoderWrapper.setKeyboardLayout():442 setKeyboardLayout()
12-21 08:38:38.267  1488  1488 W TooltipLifecycleManager: TooltipLifecycleManager.dismissTooltips():159 Tooltip with id spell_check_add_to_dictionary not found in tooltipManager.
12-21 08:38:38.287  1488  1928 I Delight5Decoder: Delight5DecoderWrapper.setKeyboardLayout():442 setKeyboardLayout()
12-21 08:38:38.292  2236  2236 D InsetsController: show(ime(), fromIme=true)
12-21 08:38:38.312   368  2481 I resolv  : GetAddrInfoHandler::run: {101 101 101 983141 10186 0}
12-21 08:38:38.317   368  2483 I resolv  : res_nmkquery: (QUERY, IN, A)
12-21 08:38:38.317   368  2483 I resolv  : resolv_cache_lookup: FOUND IN CACHE entry=0xb400007554136410
12-21 08:38:38.317   368  2483 I resolv  : doQuery: rcode=0, ancount=3, return value=138
12-21 08:38:38.324   368  2482 I resolv  : GetAddrInfoHandler::run: {101 101 101 983141 10186 0}
12-21 08:38:38.324   368  2484 I resolv  : res_nmkquery: (QUERY, IN, AAAA)
12-21 08:38:38.324   368  2484 I resolv  : resolv_cache_lookup: FOUND IN CACHE entry=0xb400007564136c10
12-21 08:38:38.324   368  2484 I resolv  : doQuery: rcode=0, ancount=1, return value=188
12-21 08:38:38.330   368  2485 I resolv  : GetAddrInfoHandler::run: {101 101 101 983141 10186 0}
12-21 08:38:38.340   368  2486 I resolv  : res_nmkquery: (QUERY, IN, AAAA)
12-21 08:38:38.340   368  2486 I resolv  : resolv_cache_lookup: FOUND IN CACHE entry=0xb400007564136c10
12-21 08:38:38.340   368  2486 I resolv  : doQuery: rcode=0, ancount=1, return value=188
12-21 08:38:38.374  1488  1488 I GoogleInputMethodService: GoogleInputMethodService.onFinishInputView():2266 
12-21 08:38:38.432 31924 31924 D BoundBrokerSvc: onBind: Intent { act=com.google.android.gms.common.BIND_SHARED_PREFS pkg=com.google.android.gms }
12-21 08:38:38.432 31924 31924 D BoundBrokerSvc: Loading bound service for intent: Intent { act=com.google.android.gms.common.BIND_SHARED_PREFS pkg=com.google.android.gms }
12-21 08:38:38.434  1488  1488 W TooltipLifecycleManager: TooltipLifecycleManager.dismissTooltips():159 Tooltip with id spell_check_add_to_dictionary not found in tooltipManager.
12-21 08:38:38.441  1488  1488 I InputBundle: InputBundle.consumeEvent():894 Skip consuming an event as keyboard status is 0
12-21 08:38:38.452 31924 31924 D BoundBrokerSvc: onUnbind: Intent { act=com.google.android.gms.common.BIND_SHARED_PREFS pkg=com.google.android.gms }
12-21 08:38:38.458  1488  1488 I KeyboardWrapper: KeyboardWrapper.consumeEvent():273 Skip consuming an event as current keyboard is deactivated (state=0, keyboard existence=true)
12-21 08:38:38.458  1488  1488 I VoiceInputManagerWrapper: VoiceInputManagerWrapper.shutdown():77 shutdown()
12-21 08:38:38.461  1488  1488 I AndroidIME: AbstractIme.onDeactivate():213 LatinIme.onDeactivate()
12-21 08:38:38.476  1488  1529 I NebulaeTrainingCacheMetricsProcessor: NebulaeTrainingCacheMetricsProcessor.processEndSession():431 No input action collection in this session, skip logging.
12-21 08:38:38.480  2236  2308 D EGL_emulation: app_time_stats: avg=51.49ms min=0.45ms max=1679.70ms count=37
12-21 08:38:38.495  1488  2002 E native  : E0000 00:00:1703127218.492839    2002 keyboard.cc:26] Cannot create a keyboard with 0 valid keys
12-21 08:38:38.592  2236  2320 D EGL_emulation: app_time_stats: avg=116.10ms min=44.09ms max=163.48ms count=9
12-21 08:38:39.220  2236  2319 I flutter : Network log [32m[Response] ->[0m
12-21 08:38:39.220  2236  2319 I flutter : Network log [32mUri: https://mmpv2vuat.digitalmta.com/request-money[0m
12-21 08:38:39.220  2236  2319 I flutter : Network log [32mRequest Method: POST[0m
12-21 08:38:39.220  2236  2319 I flutter : Network log [32mStatus Code: 201[0m
12-21 08:38:39.220  2236  2319 I flutter : Network log [32mHeaders:[0m
12-21 08:38:39.220  2236  2319 I flutter : Network log [32m	connection: keep-alive[0m
12-21 08:38:39.220  2236  2319 I flutter : Network log [32m	content-type: application/json[0m
12-21 08:38:39.220  2236  2319 I flutter : Network log [32m	date: Thu, 21 Dec 2023 02:53:39 GMT[0m
12-21 08:38:39.220  2236  2319 I flutter : Network log [32m	server: uvicorn[0m
12-21 08:38:39.220  2236  2319 I flutter : Network log [32m	content-length: 255[0m
12-21 08:38:39.220  2236  2319 I flutter : Network log [32mResponse Body:
12-21 08:38:39.220  2236  2319 I flutter : {
12-21 08:38:39.220  2236  2319 I flutter :   "requestees": [
12-21 08:38:39.220  2236  2319 I flutter :     {
12-21 08:38:39.220  2236  2319 I flutter :       "name": "SABRINA ALI SKIP",
12-21 08:38:39.220  2236  2319 I flutter :       "phone_number": "609849351634"
12-21 08:38:39.220  2236  2319 I flutter :     },
12-21 08:38:39.220  2236  2319 I flutter :     {
12-21 08:38:39.220  2236  2319 I flutter :       "name": "TABLET SKIP MALAY",
12-21 08:38:39.220  2236  2319 I flutter :       "phone_number": "603553553555"
12-21 08:38:39.220  2236  2319 I flutter :     }
12-21 08:38:39.220  2236  2319 I flutter :   ],
12-21 08:38:39.220  2236  2319 I flutter :   "amount": 20,
12-21 08:38:39.220  2236  2319 I flutter :   "remarks": "This is a test.",
12-21 08:38:39.220  2236  2319 I flutter :   "msg": "You have requested total MYR 20 from SABRINA ALI SKIP, TABLET SKIP MALAY."
12-21 08:38:39.220  2236  2319 I flutter : }[0m
12-21 08:38:39.220  2236  2319 I flutter : Network log [37m[0m
12-21 08:38:39.384   418   514 W TransactionTracing: Could not find layer handle 0xb4000076cd34e8b0
12-21 08:38:39.619  2236  2320 D EGL_emulation: app_time_stats: avg=114.06ms min=106.43ms max=127.26ms count=9
12-21 08:38:39.632  2236  2319 I flutter : 00:42 +5: temp_test RA_01: Add new rate alert
12-21 08:38:39.632  2236  2319 I flutter : ══╡ EXCEPTION CAUGHT BY IMAGE RESOURCE SERVICE ╞════════════════════════════════════════════════════
12-21 08:38:39.632  2236  2319 I flutter : The following ArgumentError was thrown resolving an image codec:
12-21 08:38:39.632  2236  2319 I flutter : Invalid argument(s): No host specified in URI
12-21 08:38:39.632  2236  2319 I flutter : 
12-21 08:38:39.632  2236  2319 I flutter : When the exception was thrown, this was the stack:
12-21 08:38:39.632  2236  2319 I flutter : #0      _HttpClient._openUrl (dart:_http/http_impl.dart:2752:9)
12-21 08:38:39.632  2236  2319 I flutter : #1      _HttpClient.openUrl (dart:_http/http_impl.dart:2623:7)
12-21 08:38:39.632  2236  2319 I flutter : #2      IOClient.send (package:http/src/io_client.dart:88:38)
12-21 08:38:39.632  2236  2319 I flutter : #3      HttpFileService.get (package:flutter_cache_manager/src/web/file_service.dart:37:44)
12-21 08:38:39.632  2236  2319 I flutter : #4      WebHelper._download (package:flutter_cache_manager/src/web/web_helper.dart:115:24)
12-21 08:38:39.632  2236  2319 I flutter : #5      WebHelper._updateFile (package:flutter_cache_manager/src/web/web_helper.dart:97:28)
12-21 08:38:39.632  2236  2319 I flutter : <asynchronous suspension>
12-21 08:38:39.632  2236  2319 I flutter : #6      WebHelper._downloadOrAddToQueue (package:flutter_cache_manager/src/web/web_helper.dart:65:7)
12-21 08:38:39.632  2236  2319 I flutter : <asynchronous suspension>
12-21 08:38:39.632  2236  2319 I flutter : 
12-21 08:38:39.632  2236  2319 I flutter : Image provider: CachedNetworkImageProvider("", scale: 1.0)
12-21 08:38:39.632  2236  2319 I flutter :  Image key: CachedNetworkImageProvider("", scale: 1.0):
12-21 08:38:39.632  2236  2319 I flutter :   CachedNetworkImageProvider("", scale: 1.0)
12-21 08:38:39.632  2236  2319 I flutter : ════════════════════════════════════════════════════════════════════════════════════════════════════
12-21 08:38:39.685  2236  2319 I flutter : Network log [33m[Request] ->[0m
12-21 08:38:39.685  2236  2319 I flutter : Network log [33mUri: https://mmpv2vuat.digitalmta.com/user-card/card-data[0m
12-21 08:38:39.685  2236  2319 I flutter : Network log [33mMethod: GET[0m
12-21 08:38:39.685  2236  2319 I flutter : Network log [33mResponse Type: ResponseType.json[0m
12-21 08:38:39.685  2236  2319 I flutter : Network log [33mFollow Redirects: true[0m
12-21 08:38:39.685  2236  2319 I flutter : Network log [33mConnection Timeout: 0:01:00.000000[0m
12-21 08:38:39.685  2236  2319 I flutter : Network log [33mSend Timeout: 0:01:00.000000[0m
12-21 08:38:39.685  2236  2319 I flutter : Network log [33mReceive Timeout: 0:01:00.000000[0m
12-21 08:38:39.685  2236  2319 I flutter : Network log [33mReceive Data When Status Error: true[0m
12-21 08:38:39.685  2236  2319 I flutter : Network log [33mExtra: {}[0m
12-21 08:38:39.685  2236  2319 I flutter : Network log [33mHeaders:[0m
12-21 08:38:39.685  2236  2319 I flutter : Network log [33m Request Body:
12-21 08:38:39.685  2236  2319 I flutter : null[0m
12-21 08:38:39.685  2236  2319 I flutter : Network log [37m[0m
12-21 08:38:40.348  2236  2319 I flutter : Network log [32m[Response] ->[0m
12-21 08:38:40.348  2236  2319 I flutter : Network log [32mUri: https://mmpv2vuat.digitalmta.com/user-card/card-data[0m
12-21 08:38:40.348  2236  2319 I flutter : Network log [32mRequest Method: GET[0m
12-21 08:38:40.348  2236  2319 I flutter : Network log [32mStatus Code: 200[0m
12-21 08:38:40.348  2236  2319 I flutter : Network log [32mHeaders:[0m
12-21 08:38:40.348  2236  2319 I flutter : Network log [32m	connection: keep-alive[0m
12-21 08:38:40.348  2236  2319 I flutter : Network log [32m	content-type: application/json[0m
12-21 08:38:40.348  2236  2319 I flutter : Network log [32m	date: Thu, 21 Dec 2023 02:53:40 GMT[0m
12-21 08:38:40.348  2236  2319 I flutter : Network log [32m	server: uvicorn[0m
12-21 08:38:40.348  2236  2319 I flutter : Network log [32m	content-length: 536[0m
12-21 08:38:40.348  2236  2319 I flutter : Network log [32mResponse Body:
12-21 08:38:40.348  2236  2319 I flutter : {
12-21 08:38:40.348  2236  2319 I flutter :   "card_image": "https://mmp2-uat.s3.amazonaws.com/vtonle_1687946383184.jpg?AWSAccessKeyId=AKIAWKLL55UHE2TNQUSW&Signature=RW0%2FFUzy70ZKHTahBHXE2eSNZEw%3D&Expires=1703130820",
12-21 08:38:40.348  2236  2319 I flutter :   "card_no_last_4_digit": "9315",
12-21 08:38:40.348  2236  2319 I flutter :   "wallet_limit": "10K",
12-21 08:38:40.348  2236  2319 I flutter :   "deposit": 20,
12-21 08:38:40.348  2236  2319 I flutter :   "is_upsize_wallet": true,
12-21 08:38:40.348  2236  2319 I flutter :   "hybrid_wallet": {
12-21 08:38:40.348  2236  2319 I flutter :     "topup_mode": "D",
12-21 08:38:40.348  2236  2319 I flutter :     "topup_threshold": 0.0,
12-21 08:38:40.348  2236  2319 I flutter :     "auto_topup_amount": 0.0,
12-21 08:38:40.348  2236  2319 I flutter :     "opt_account_debit": false,
12-21 08:38:40.348  2236  2319 I flutter :     "opt_auto_topup": false
12-21 08:38:40.348  2236  2319 I flutter :   },
12-21 08:38:40.348  2236  2319 I flutter :   "is_remit_enabled": false,
12-21 08:38:40.348  2236  2319 I flutter :   "is_mcw_enabled": false,
12-21 08:38:40.348  2236  2319 I flutter :   "is_prepaid_enabled": false,
12-21 08:38:40.348  2236  2319 I flutter :   "bank_status": true,
12-21 08:38:40.348  2236  2319 I flutter :   "is_card_active": true,
12-21 08:38:40.348  2236  2319 I flutter :   "is_initial_pin_setup": false
12-21 08:38:40.348  2236  2319 I flutter : }[0m
12-21 08:38:40.348  2236  2319 I flutter : Network log [37m[0m
12-21 08:38:40.351  2236  2319 I flutter : Network log [33m[Request] ->[0m
12-21 08:38:40.351  2236  2319 I flutter : Network log [33mUri: https://mmpv2vuat.digitalmta.com/user/document-update-alert[0m
12-21 08:38:40.351  2236  2319 I flutter : Network log [33mMethod: GET[0m
12-21 08:38:40.351  2236  2319 I flutter : Network log [33mResponse Type: ResponseType.json[0m
12-21 08:38:40.351  2236  2319 I flutter : Network log [33mFollow Redirects: true[0m
12-21 08:38:40.351  2236  2319 I flutter : Network log [33mConnection Timeout: 0:01:00.000000[0m
12-21 08:38:40.351  2236  2319 I flutter : Network log [33mSend Timeout: 0:01:00.000000[0m
12-21 08:38:40.351  2236  2319 I flutter : Network log [33mReceive Timeout: 0:01:00.000000[0m
12-21 08:38:40.351  2236  2319 I flutter : Network log [33mReceive Data When Status Error: true[0m
12-21 08:38:40.351  2236  2319 I flutter : Network log [33mExtra: {}[0m
12-21 08:38:40.351  2236  2319 I flutter : Network log [33mHeaders:[0m
12-21 08:38:40.351  2236  2319 I flutter : Network log [33m Request Body:
12-21 08:38:40.351  2236  2319 I flutter : null[0m
12-21 08:38:40.351  2236  2319 I flutter : Network log [37m[0m
12-21 08:38:40.488  2236  2319 I flutter : Network log [32m[Response] ->[0m
12-21 08:38:40.488  2236  2319 I flutter : Network log [32mUri: https://mmpv2vuat.digitalmta.com/user/document-update-alert[0m
12-21 08:38:40.488  2236  2319 I flutter : Network log [32mRequest Method: GET[0m
12-21 08:38:40.488  2236  2319 I flutter : Network log [32mStatus Code: 200[0m
12-21 08:38:40.488  2236  2319 I flutter : Network log [32mHeaders:[0m
12-21 08:38:40.488  2236  2319 I flutter : Network log [32m	connection: keep-alive[0m
12-21 08:38:40.488  2236  2319 I flutter : Network log [32m	content-type: application/json[0m
12-21 08:38:40.488  2236  2319 I flutter : Network log [32m	date: Thu, 21 Dec 2023 02:53:40 GMT[0m
12-21 08:38:40.488  2236  2319 I flutter : Network log [32m	server: uvicorn[0m
12-21 08:38:40.488  2236  2319 I flutter : Network log [32m	content-length: 109[0m
12-21 08:38:40.489  2236  2319 I flutter : Network log [32mResponse Body:
12-21 08:38:40.489  2236  2319 I flutter : {
12-21 08:38:40.489  2236  2319 I flutter :   "is_expiring_notification": false,
12-21 08:38:40.489  2236  2319 I flutter :   "is_expired_notification": false,
12-21 08:38:40.489  2236  2319 I flutter :   "message": "Uploaded document not expired."
12-21 08:38:40.489  2236  2319 I flutter : }[0m
12-21 08:38:40.489  2236  2319 I flutter : Network log [37m[0m
12-21 08:38:40.490  2236  2319 I flutter : Network log [33m[Request] ->[0m
12-21 08:38:40.490  2236  2319 I flutter : Network log [33mUri: https://mmpv2vuat.digitalmta.com/user/check-multi-balance[0m
12-21 08:38:40.490  2236  2319 I flutter : Network log [33mMethod: GET[0m
12-21 08:38:40.490  2236  2319 I flutter : Network log [33mResponse Type: ResponseType.json[0m
12-21 08:38:40.490  2236  2319 I flutter : Network log [33mFollow Redirects: true[0m
12-21 08:38:40.490  2236  2319 I flutter : Network log [33mConnection Timeout: 0:01:00.000000[0m
12-21 08:38:40.490  2236  2319 I flutter : Network log [33mSend Timeout: 0:01:00.000000[0m
12-21 08:38:40.490  2236  2319 I flutter : Network log [33mReceive Timeout: 0:01:00.000000[0m
12-21 08:38:40.490  2236  2319 I flutter : Network log [33mReceive Data When Status Error: true[0m
12-21 08:38:40.490  2236  2319 I flutter : Network log [33mExtra: {}[0m
12-21 08:38:40.490  2236  2319 I flutter : Network log [33mHeaders:[0m
12-21 08:38:40.490  2236  2319 I flutter : Network log [33m Request Body:
12-21 08:38:40.490  2236  2319 I flutter : null[0m
12-21 08:38:40.490  2236  2319 I flutter : Network log [37m[0m
12-21 08:38:40.685  2236  2320 D EGL_emulation: app_time_stats: avg=88.81ms min=6.06ms max=127.64ms count=12
12-21 08:38:41.389   368   368 I netd    : tetherGetStats() -> {[]} <3.22ms>
12-21 08:38:41.397   368   368 I netd    : bandwidthSetGlobalAlert(2097152) <0.11ms>
12-21 08:38:41.576  2236  2319 I flutter : Network log [32m[Response] ->[0m
12-21 08:38:41.576  2236  2319 I flutter : Network log [32mUri: https://mmpv2vuat.digitalmta.com/user/check-multi-balance[0m
12-21 08:38:41.576  2236  2319 I flutter : Network log [32mRequest Method: GET[0m
12-21 08:38:41.576  2236  2319 I flutter : Network log [32mStatus Code: 200[0m
12-21 08:38:41.576  2236  2319 I flutter : Network log [32mHeaders:[0m
12-21 08:38:41.576  2236  2319 I flutter : Network log [32m	connection: keep-alive[0m
12-21 08:38:41.576  2236  2319 I flutter : Network log [32m	content-type: application/json[0m
12-21 08:38:41.576  2236  2319 I flutter : Network log [32m	date: Thu, 21 Dec 2023 02:53:41 GMT[0m
12-21 08:38:41.576  2236  2319 I flutter : Network log [32m	server: uvicorn[0m
12-21 08:38:41.576  2236  2319 I flutter : Network log [32m	content-length: 5065[0m
12-21 08:38:41.577  2236  2319 I flutter : Network log [32mResponse Body:
12-21 08:38:41.577  2236  2319 I flutter : {
12-21 08:38:41.577  2236  2319 I flutter :   "body": [
12-21 08:38:41.577  2236  2319 I flutter :     {
12-21 08:38:41.577  2236  2319 I flutter :       "available_balance": "5155.54",
12-21 08:38:41.577  2236  2319 I flutter :       "total_balance": "5175.54",
12-21 08:38:41.577  2236  2319 I flutter :       "currency_code": "458",
12-21 08:38:41.577  2236  2319 I flutter :       "name": "Malaysian Ringgit",
12-21 08:38:41.577  2236  2319 I flutter :       "code": "MYR",
12-21 08:38:41.577  2236  2319 I flutter :       "numeric_code": "458",
12-21 08:38:41.577  2236  2319 I flutter :       "buy_rate": 0.0,
12-21 08:38:41.577  2236  2319 I flutter :       "sell_rate": 0.0,
12-21 08:38:41.577  2236  2319 I flutter :       "unit": "1M",
12-21 08:38:41.577  2236  2319 I flutter :       "country": {
12-21 08:38:41.577  2236  2319 I flutter :         "id": 80,
12-21 08:38:41.577  2236  2319 I flutter :         "code": "MY"
12-21 08:38:41.577  2236  2319 I flutter :       },
12-21 08:38:41.577  2236  2319 I flutter :       "hybrid_current_account": null
12-21 08:38:41.577  2236  2319 I flutter :     },
12-21 08:38:41.577  2236  2319 I flutter :     {
12-21 08:38:41.577  2236  2319 I flutter :       "available_balance": "1117.0",
12-21 08:38:41.577  2236  2319 I flutter :       "total_balance": "1117.0",
12-21 08:38:41.577  2236  2319 I flutter :       "currency_code": "840",
12-21 08:38:41.577  2236  2319 I flutter :       "name": "US Dollar",
12-21 08:38:41.577  2236  2319 I flutter :       "code": "USD",
12-21 08:38:41.577  2236  2319 I flutter :       "numeric_code": "840",
12-21 08:38:41.577  2236  2319 I flutter :       "buy_rate": 4.5,
12-21 08:38:41.577  2236  2319 I flutter :       "sell_rate": 5.1,
12-21 08:38:41.577  2236  2319 I flutter :       "unit": "1",
12-21 08:38:41.577  2236  2319 I flutter :       "country": {
12-21 08:38:41.577  2236  2319 I flutter :         "id": 71,
12-21 08:38:41.577  2236  2319 I flutter :         "code": "US"
12-21 08:38:41.577  2236  2319 I flutter :       },
12-21 08:38:41.577  2236  2319 I flutter :       "hybrid_current_account": null
12-21 08:38:41.577  2236  2319 I flutter :     },
12-21 08:38:41.577  2236  2319 I flutter :     {
12-21 08:38:41.577  2236  2319 I flutter :       "available_balance": "3.0",
12-21 08:38:41.577  2236  2319 I flutter :       "total_balance": "3.0",
12-21 08:38:41.577  2236  2319 I flutter :       "currency_code": "702",
12-21 08:38:41.577  2236  2319 I flutter :       "name": "Singapore Dollar",
12-21 08:38:41.577  2236  2319 I flutter :       "code": "SGD",
12-21 08:38:41.577  2236  2319 I flutter :       "numeric_code": "702",
12-21 08:38:41.577  2236  2319 I flutter :       "buy_rate": 3.5,
12-21 08:38:41.577  2236  2319 I flutter :       "sell_rate": 5.0,
12-21 08:38:41.577  2236  2319 I flutter :       "unit": "1",
12-21 08:38:41.577  2236  2319 I flutter :       "country": {
12-21 08:38:41.577  2236  2319 I flutter :         "id": 119,
12-21 08:38:41.577  2236  2319 I flutter :         "code": "SG"
12-21 08:38:41.577  2236  2319 I flutter :       },
12-21 08:38:41.577  2236  2319 I flutter :       "hybrid_current_account": null
12-21 08:38:41.577  2236  2319 I flutter :     },
12-21 08:38:41.577  2236  2319 I flutter :     {
12-21 08:38:41.577  2236  2319 I flutter :       "available_balance": "2.0",
12-21 08:38:41.577  2236  2319 I flutter :       "total_balance": "2.0",
12-21 08:38:41.577  2236  2319 I flutter :       "currency_code": "826",
12-21 08:38:41.577  2236  2319 I flutter :       "name": "British Pound",
12-21 08:38:41.577  2236  2319 I flutter :       "code": "GBP",
12-21 08:38:41.577  2236  2319 I flutter :       "numeric_code": "826",
12-21 08:38:41.577  2236  2319 I flutter :       "buy_rate": 5.4,
12-21 08:38:41.577  2236  2319 I flutter :       "sell_rate": 5.428,
12-21 08:38:41.577  2236  2319 I flutter :       "unit": "1",
12-21 08:38:41.577  2236  2319 I flutter :       "country": {
12-21 08:38:41.577  2236  2319 I flutter :         "id": 179,
12-21 08:38:41.577  2236  2319 I flutter :         "code": "GB"
12-21 08:38:41.577  2236  2319 I flutter :       },
12-21 08:38:41.577  2236  2319 I flutter :       "hybrid_current_account": null
12-21 08:38:41.577  2236  2319 I flutter :     },
12-21 08:38:41.577  2236  2319 I flutter :     {
12-21 08:38:41.577  2236  2319 I flutter :       "available_balance": "0.0",
12-21 08:38:41.577  2236  2319 I flutter :       "total_balance": "0.0",
12-21 08:38:41.577  2236  2319 I flutter :       "currency_code": "036",
12-21 08:38:41.577  2236  2319 I flutter :       "name": "Australian Dollar",
12-21 08:38:41.577  2236  2319 I flutter :       "code": "AUD",
12-21 08:38:41.577  2236  2319 I flutter :       "numeric_code": "036",
12-21 08:38:41.577  2236  2319 I flutter :       "buy_rate": 2.948,
12-21 08:38:41.577  2236  2319 I flutter :       "sell_rate": 3.148,
12-21 08:38:41.577  2236  2319 I flutter :       "unit": "1",
12-21 08:38:41.577  2236  2319 I flutter :       "country": {
12-21 08:38:41.577  2236  2319 I flutter :         "id": 29,
12-21 08:38:41.577  2236  2319 I flutter :         "code": "AU"
12-21 08:38:41.577  2236  2319 I flutter :       },
12-21 08:38:41.577  2236  2319 I flutter :       "hybrid_current_account": null
12-21 08:38:41.577  2236  2319 I flutter :     },
12-21 08:38:41.577  2236  2319 I flutter :     {
12-21 08:38:41.577  2236  2319 I flutter :       "available_balance": "0.0",
12-21 08:38:41.577  2236  2319 I flutter :       "total_balance": "0.0",
12-21 08:38:41.577  2236  2319 I flutter :       "currency_code": "360",
12-21 08:38:41.577  2236  2319 I flutter :       "name": "Indonesian Rupiah",
12-21 08:38:41.577  2236  2319 I flutter :       "code": "IDR",
12-21 08:38:41.577  2236  2319 I flutter :       "numeric_code": "360",
12-21 08:38:41.577  2236  2319 I flutter :       "buy_rate": 289.3,
12-21 08:38:41.577  2236  2319 I flutter :       "sell_rate": 290.5,
12-21 08:38:41.577  2236  2319 I flutter :       "unit": "1M",
12-21 08:38:41.577  2236  2319 I flutter :       "country": {
12-21 08:38:41.577  2236  2319 I flutter :         "id": 9,
12-21 08:38:41.577  2236  2319 I flutter :         "code": "ID"
12-21 08:38:41.577  2236  2319 I flutter :       },
12-21 08:38:41.577  2236  2319 I flutter :       "hybrid_current_account": null
12-21 08:38:41.577  2236  2319 I flutter :     },
12-21 08:38:41.577  2236  2319 I flutter :     {
12-21 08:38:41.577  2236  2319 I flutter :       "available_balance": "0.0",
12-21 08:38:41.577  2236  2319 I flutter :       "total_balance": "0.0",
12-21 08:38:41.577  2236  2319 I flutter :       "currency_code": "978",
12-21 08:38:41.577  2236  2319 I flutter :       "name": "Euro",
12-21 08:38:41.577  2236  2319 I flutter :       "code": "EUR",
12-21 08:38:41.577  2236  2319 I flutter :       "numeric_code": "978",
12-21 08:38:41.577  2236  2319 I flutter :       "buy_rate": 4.603,
12-21 08:38:41.577  2236  2319 I flutter :       "sell_rate": 4.628,
12-21 08:38:41.577  2236  2319 I flutter :       "unit": "1",
12-21 08:38:41.577  2236  2319 I flutter :       "country": {
12-21 08:38:41.577  2236  2319 I flutter :         "id": 236,
12-21 08:38:41.577  2236  2319 I flutter :         "code": "EU"
12-21 08:38:41.577  2236  2319 I flutter :       },
12-21 08:38:41.577  2236  2319 I flutter :       "hybrid_current_account": null
12-21 08:38:41.577  2236  2319 I flutter :     },
12-21 08:38:41.577  2236  2319 I flutter :     {
12-21 08:38:41.577  2236  2319 I flutter :       "available_balance": "0.0",
12-21 08:38:41.577  2236  2319 I flutter :       "total_balance": "0.0",
12-21 08:38:41.577  2236  2319 I flutter :       "currency_code": "764",
12-21 08:38:41.577  2236  2319 I flutter :       "name": "Thai Baht",
12-21 08:38:41.577  2236  2319 I flutter :       "code": "THB",
12-21 08:38:41.577  2236  2319 I flutter :       "numeric_code": "764",
12-21 08:38:41.577  2236  2319 I flutter :       "buy_rate": 12.861,
12-21 08:38:41.577  2236  2319 I flutter :       "sell_rate": 12.951,
12-21 08:38:41.577  2236  2319 I flutter :       "unit": "100",
12-21 08:38:41.577  2236  2319 I flutter :       "country": {
12-21 08:38:41.577  2236  2319 I flutter :         "id": 175,
12-21 08:38:41.577  2236  2319 I flutter :         "code": "TH"
12-21 08:38:41.577  2236  2319 I flutter :       },
12-21 08:38:41.577  2236  2319 I flutter :       "hybrid_current_account": null
12-21 08:38:41.577  2236  2319 I flutter :     },
12-21 08:38:41.577  2236  2319 I flutter :     {
12-21 08:38:41.577  2236  2319 I flutter :       "available_balance": "0.0",
12-21 08:38:41.577  2236  2319 I flutter :       "total_balance": "0.0",
12-21 08:38:41.577  2236  2319 I flutter :       "currency_code": "392",
12-21 08:38:41.577  2236  2319 I flutter :       "name": "Japanese Yen",
12-21 08:38:41.577  2236  2319 I flutter :       "code": "JPY",
12-21 08:38:41.577  2236  2319 I flutter :       "numeric_code": "392",
12-21 08:38:41.577  2236  2319 I flutter :       "buy_rate": 3.07,
12-21 08:38:41.577  2236  2319 I flutter :       "sell_rate": 3.703,
12-21 08:38:41.577  2236  2319 I flutter :       "unit": "100",
12-21 08:38:41.577  2236  2319 I flutter :       "country": {
12-21 08:38:41.577  2236  2319 I flutter :         "id": 205,
12-21 08:38:41.577  2236  2319 I flutter :         "code": "JP"
12-21 08:38:41.577  2236  2319 I flutter :       },
12-21 08:38:41.577  2236  2319 I flutter :       "hybrid_current_account": null
12-21 08:38:41.577  2236  2319 I flutter :     },
12-21 08:38:41.577  2236  2319 I flutter :     {
12-21 08:38:41.577  2236  2319 I flutter :       "available_balance": "0.0",
12-21 08:38:41.577  2236  2319 I flutter :       "total_balance": "0.0",
12-21 08:38:41.577  2236  2319 I flutter :       "currency_code": "682",
12-21 08:38:41.577  2236  2319 I flutter :       "name": "Saudi Riyal",
12-21 08:38:41.577  2236  2319 I flutter :       "code": "SAR",
12-21 08:38:41.577  2236  2319 I flutter :       "numeric_code": "682",
12-21 08:38:41.577  2236  2319 I flutter :       "buy_rate": 107.9,
12-21 08:38:41.577  2236  2319 I flutter :       "sell_rate": 109.7,
12-21 08:38:41.577  2236  2319 I flutter :       "unit": "100",
12-21 08:38:41.577  2236  2319 I flutter :       "country": {
12-21 08:38:41.577  2236  2319 I flutter :         "id": 134,
12-21 08:38:41.577  2236  2319 I flutter :         "code": "SA"
12-21 08:38:41.577  2236  2319 I flutter :       },
12-21 08:38:41.577  2236  2319 I flutter :       "hybrid_current_account": null
12-21 08:38:41.577  2236  2319 I flutter :     },
12-21 08:38:41.577  2236  2319 I flutter :     {
12-21 08:38:41.577  2236  2319 I flutter :       "available_balance": "0.0",
12-21 08:38:41.577  2236  2319 I flutter :       "total_balance": "0.0",
12-21 08:38:41.577  2236  2319 I flutter :       "currency_code": "156",
12-21 08:38:41.577  2236  2319 I flutter :       "name": "Chinese Renminbi",
12-21 08:38:41.577  2236  2319 I flutter :       "code": "CNY",
12-21 08:38:41.577  2236  2319 I flutter :       "numeric_code": "156",
12-21 08:38:41.577  2236  2319 I flutter :       "buy_rate": 60.4,
12-21 08:38:41.577  2236  2319 I flutter :       "sell_rate": 60.65,
12-21 08:38:41.577  2236  2319 I flutter :       "unit": "100",
12-21 08:38:41.577  2236  2319 I flutter :       "country": {
12-21 08:38:41.577  2236  2319 I flutter :         "id": 123,
12-21 08:38:41.577  2236  2319 I flutter :         "code": "CN"
12-21 08:38:41.577  2236  2319 I flutter :       },
12-21 08:38:41.577  2236  2319 I flutter :       "hybrid_current_account": null
12-21 08:38:41.577  2236  2319 I flutter :     },
12-21 08:38:41.577  2236  2319 I flutter :     {
12-21 08:38:41.577  2236  2319 I flutter :       "available_balance": "0.0",
12-21 08:38:41.577  2236  2319 I flutter :       "total_balance": "0.0",
12-21 08:38:41.577  2236  2319 I flutter :       "currency_code": "901",
12-21 08:38:41.577  2236  2319 I flutter :       "name": "New Taiwan Dollar",
12-21 08:38:41.577  2236  2319 I flutter :       "code": "TWD",
12-21 08:38:41.577  2236  2319 I flutter :       "numeric_code": "901",
12-21 08:38:41.577  2236  2319 I flutter :       "buy_rate": 13.411,
12-21 08:38:41.577  2236  2319 I flutter :       "sell_rate": 13.423,
12-21 08:38:41.577  2236  2319 I flutter :       "unit": "100",
12-21 08:38:41.577  2236  2319 I flutter :       "country": {
12-21 08:38:41.577  2236  2319 I flutter :         "id": 67,
12-21 08:38:41.577  2236  2319 I flutter :         "code": "TW"
12-21 08:38:41.577  2236  2319 I flutter :       },
12-21 08:38:41.577  2236  2319 I flutter :       "hybrid_current_account": null
12-21 08:38:41.577  2236  2319 I flutter :     },
12-21 08:38:41.577  2236  2319 I flutter :     {
12-21 08:38:41.577  2236  2319 I flutter :       "available_balance": "0.0",
12-21 08:38:41.577  2236  2319 I flutter :       "total_balance": "0.0",
