12-21 08:38:06.755  1488  1488 W Keyboard: Keyboard.getKeyboardViewHelper():611 null helper is returned: keyboardDef=hyz{className=.latin.keyboard.LatinNumberKeyboard, id=#0x7f0b062a, initialStates=0, keyboardViewDefs=[hzr{direction=LOCALE, id=#0x7f0b013c, isScalable=false, layoutId=#0x7f0e03db, type=HEADER, touchable=true}, hzr{direction=null, id=#0x7f0b013c, isScalable=true, layoutId=#0x7f0e041e, type=BODY, touchable=true}], keyTextSizeRatio=1.0, persistentStates=0, persistentStatesPrefKey=null, popupBubbleLayoutId=#0x7f0e04a2, recentKeyLayoutId=0, recentKeyPopupLayoutId=0, recentKeyType=null, rememberRecentKey=NONE, sessionStates=0}, type=FLOATING_CANDIDATES, helpersCreated=[hro@3f5e928, hro@9aea641, null], 
12-21 08:38:06.756  1488  1488 I DeviceModeUtil: DeviceModeUtil.getDeviceMode():117 Get device mode phone by ui mode:1 and smallestScreenWidthDp:432
12-21 08:38:06.757  1488  1488 I DeviceModeUtil: DeviceModeUtil.getDeviceMode():117 Get device mode phone by ui mode:1 and smallestScreenWidthDp:432
12-21 08:38:06.757  1488  1488 I NormalModeController: NormalModeController.getKeyboardBodyViewHolderPaddingBottom():111 currentPrimeKeyboardType:SOFT systemPaddingBottom:-1
12-21 08:38:06.757  1488  1488 I NormalModeController: NormalModeController.getKeyboardBodyViewHolderPaddingBottom():111 currentPrimeKeyboardType:SOFT systemPaddingBottom:-1
12-21 08:38:06.760  1488  1488 I CurrentMicStatusHolder: CurrentMicStatusHolder.onStartInputView():79 Current Mic status = {MicIconHidden-SettingOff,MicIconHidden-PasswordOrNumberOrDateInputType,}
12-21 08:38:06.760  1488  1488 I VoiceImeExtension: VoiceImeExtension.shouldStartVoiceInputAutomatically():382 No private IME option set to start voice input.
12-21 08:38:06.763  2236  2236 W OnBackInvokedCallback: OnBackInvokedCallback is not enabled for the application.
12-21 08:38:06.763  2236  2236 W OnBackInvokedCallback: Set 'android:enableOnBackInvokedCallback="true"' in the application manifest.
12-21 08:38:06.790  2236  2236 D InsetsController: show(ime(), fromIme=true)
12-21 08:38:06.810  2236  2236 D InsetsController: show(ime(), fromIme=true)
12-21 08:38:06.821 31924 31924 D BoundBrokerSvc: onBind: Intent { act=com.google.android.gms.common.BIND_SHARED_PREFS pkg=com.google.android.gms }
12-21 08:38:06.821 31924 31924 D BoundBrokerSvc: Loading bound service for intent: Intent { act=com.google.android.gms.common.BIND_SHARED_PREFS pkg=com.google.android.gms }
12-21 08:38:06.824 31924 31924 D BoundBrokerSvc: onUnbind: Intent { act=com.google.android.gms.common.BIND_SHARED_PREFS pkg=com.google.android.gms }
12-21 08:38:06.826 31924 31924 D BoundBrokerSvc: onBind: Intent { act=com.google.android.gms.common.BIND_SHARED_PREFS pkg=com.google.android.gms }
12-21 08:38:06.826 31924 31924 D BoundBrokerSvc: Loading bound service for intent: Intent { act=com.google.android.gms.common.BIND_SHARED_PREFS pkg=com.google.android.gms }
12-21 08:38:06.827 31924 31924 D BoundBrokerSvc: onUnbind: Intent { act=com.google.android.gms.common.BIND_SHARED_PREFS pkg=com.google.android.gms }
12-21 08:38:06.994  2236  2320 D EGL_emulation: app_time_stats: avg=126.20ms min=36.73ms max=192.60ms count=8
12-21 08:38:07.355  2236  2319 I flutter : 00:10 +5: temp_test Req_01: Successfully request money to single user.
12-21 08:38:07.355  2236  2319 I flutter : headerPost= {}
12-21 08:38:07.363  2236  2319 I flutter : Network log [33m[Request] ->[0m
12-21 08:38:07.363  2236  2319 I flutter : Network log [33mUri: https://mmpv2vuat.digitalmta.com/user/login[0m
12-21 08:38:07.363  2236  2319 I flutter : Network log [33mMethod: POST[0m
12-21 08:38:07.363  2236  2319 I flutter : Network log [33mResponse Type: ResponseType.json[0m
12-21 08:38:07.363  2236  2319 I flutter : Network log [33mFollow Redirects: true[0m
12-21 08:38:07.363  2236  2319 I flutter : Network log [33mConnection Timeout: 0:01:00.000000[0m
12-21 08:38:07.363  2236  2319 I flutter : Network log [33mSend Timeout: 0:01:00.000000[0m
12-21 08:38:07.363  2236  2319 I flutter : Network log [33mReceive Timeout: 0:01:00.000000[0m
12-21 08:38:07.363  2236  2319 I flutter : Network log [33mReceive Data When Status Error: true[0m
12-21 08:38:07.363  2236  2319 I flutter : Network log [33mExtra: {}[0m
12-21 08:38:07.363  2236  2319 I flutter : Network log [33mHeaders:[0m
12-21 08:38:07.363  2236  2319 I flutter : Network log [33m	content-type: application/json[0m
12-21 08:38:07.363  2236  2319 I flutter : Network log [33m[Json] Request Body:
12-21 08:38:07.365  2236  2319 I flutter : {
12-21 08:38:07.365  2236  2319 I flutter :   "phone_number": "603113113111"
12-21 08:38:07.365  2236  2319 I flutter : }[0m
12-21 08:38:07.365  2236  2319 I flutter : Network log [37m[0m
12-21 08:38:07.371  1488  1488 I GoogleInputMethodService: GoogleInputMethodService.onFinishInputView():2266 
12-21 08:38:07.378  1488  1488 W TooltipLifecycleManager: TooltipLifecycleManager.dismissTooltips():159 Tooltip with id spell_check_add_to_dictionary not found in tooltipManager.
12-21 08:38:07.385   765  1001 D EGL_emulation: app_time_stats: avg=12.06ms min=0.43ms max=25.23ms count=60
12-21 08:38:07.396  2236  2308 D EGL_emulation: app_time_stats: avg=49.74ms min=3.76ms max=460.58ms count=22
12-21 08:38:07.551   468   730 D AudioAnalytics: gc(1700, 2000): log size:1700 item map size:17, item map items:1700
12-21 08:38:07.560  2236  2319 I flutter : Network log [32m[Response] ->[0m
12-21 08:38:07.560  2236  2319 I flutter : Network log [32mUri: https://mmpv2vuat.digitalmta.com/user/login[0m
12-21 08:38:07.560  2236  2319 I flutter : Network log [32mRequest Method: POST[0m
12-21 08:38:07.560  2236  2319 I flutter : Network log [32mStatus Code: 200[0m
12-21 08:38:07.560  2236  2319 I flutter : Network log [32mHeaders:[0m
12-21 08:38:07.560  2236  2319 I flutter : Network log [32m	connection: keep-alive[0m
12-21 08:38:07.560  2236  2319 I flutter : Network log [32m	content-type: application/json[0m
12-21 08:38:07.560  2236  2319 I flutter : Network log [32m	date: Thu, 21 Dec 2023 02:53:07 GMT[0m
12-21 08:38:07.560  2236  2319 I flutter : Network log [32m	server: uvicorn[0m
12-21 08:38:07.561  2236  2319 I flutter : Network log [32m	content-length: 45[0m
12-21 08:38:07.561  2236  2319 I flutter : Network log [32mResponse Body:
12-21 08:38:07.561  2236  2319 I flutter : {
12-21 08:38:07.561  2236  2319 I flutter :   "id": "99d1e755-193a-4d18-886e-a8a02ee8e958"
12-21 08:38:07.561  2236  2319 I flutter : }[0m
12-21 08:38:07.561  2236  2319 I flutter : Network log [37m[0m
12-21 08:38:07.831   240  2182 I keystore2: keystore2::watchdog: Watchdog thread idle -> terminating. Have a great day.
12-21 08:38:07.924   765  1001 D EGL_emulation: app_time_stats: avg=7893.77ms min=7893.77ms max=7893.77ms count=1
12-21 08:38:08.001  2236  2320 D EGL_emulation: app_time_stats: avg=91.58ms min=22.36ms max=171.90ms count=11
12-21 08:38:08.233   418   514 W TransactionTracing: Could not find layer handle 0xb4000076cd352e70
12-21 08:38:09.052  2236  2320 D EGL_emulation: app_time_stats: avg=68.28ms min=1.78ms max=124.48ms count=15
12-21 08:38:10.102  2236  2320 D EGL_emulation: app_time_stats: avg=87.46ms min=13.51ms max=117.22ms count=12
12-21 08:38:11.151  2236  2320 D EGL_emulation: app_time_stats: avg=69.96ms min=13.11ms max=125.08ms count=15
12-21 08:38:11.632  2236  2319 I flutter : headerPost= {}
12-21 08:38:11.633  2236  2319 I flutter : Network log [33m[Request] ->[0m
12-21 08:38:11.634  2236  2319 I flutter : Network log [33mUri: https://mmpv2vuat.digitalmta.com/user/99d1e755-193a-4d18-886e-a8a02ee8e958/validate-otp[0m
12-21 08:38:11.634  2236  2319 I flutter : Network log [33mMethod: POST[0m
12-21 08:38:11.634  2236  2319 I flutter : Network log [33mResponse Type: ResponseType.json[0m
12-21 08:38:11.634  2236  2319 I flutter : Network log [33mFollow Redirects: true[0m
12-21 08:38:11.634  2236  2319 I flutter : Network log [33mConnection Timeout: 0:01:00.000000[0m
12-21 08:38:11.634  2236  2319 I flutter : Network log [33mSend Timeout: 0:01:00.000000[0m
12-21 08:38:11.634  2236  2319 I flutter : Network log [33mReceive Timeout: 0:01:00.000000[0m
12-21 08:38:11.634  2236  2319 I flutter : Network log [33mReceive Data When Status Error: true[0m
12-21 08:38:11.634  2236  2319 I flutter : Network log [33mExtra: {}[0m
12-21 08:38:11.634  2236  2319 I flutter : Network log [33mHeaders:[0m
12-21 08:38:11.634  2236  2319 I flutter : Network log [33m	content-type: application/json[0m
12-21 08:38:11.634  2236  2319 I flutter : Network log [33m[Json] Request Body:
12-21 08:38:11.634  2236  2319 I flutter : {
12-21 08:38:11.634  2236  2319 I flutter :   "otp": "123456"
12-21 08:38:11.634  2236  2319 I flutter : }[0m
12-21 08:38:11.634  2236  2319 I flutter : Network log [37m[0m
12-21 08:38:11.643   368  2390 I resolv  : GetAddrInfoHandler::run: {101 101 101 983141 10186 0}
12-21 08:38:11.644   368  2391 I resolv  : res_nmkquery: (QUERY, IN, A)
12-21 08:38:11.644   368  2391 I resolv  : resolv_cache_lookup: FOUND IN CACHE entry=0xb400007554136410
12-21 08:38:11.645   368  2391 I resolv  : doQuery: rcode=0, ancount=3, return value=138
12-21 08:38:11.659   368  2392 I resolv  : GetAddrInfoHandler::run: {101 101 101 983141 10186 0}
12-21 08:38:11.659   368  2393 I resolv  : res_nmkquery: (QUERY, IN, AAAA)
12-21 08:38:11.659   368  2393 I resolv  : resolv_cache_lookup: FOUND IN CACHE entry=0xb400007564136c10
12-21 08:38:11.659   368  2393 I resolv  : doQuery: rcode=0, ancount=1, return value=188
12-21 08:38:11.659   368  2394 I resolv  : GetAddrInfoHandler::run: {101 101 101 983141 10186 0}
12-21 08:38:11.659   368  2395 I resolv  : res_nmkquery: (QUERY, IN, AAAA)
12-21 08:38:11.660   368  2395 I resolv  : resolv_cache_lookup: FOUND IN CACHE entry=0xb400007564136c10
12-21 08:38:11.660   368  2395 I resolv  : doQuery: rcode=0, ancount=1, return value=188
12-21 08:38:11.933   760   760 I wpa_supplicant: wlan0: CTRL-EVENT-BEACON-LOSS 
12-21 08:38:12.087  2236  2319 I flutter : Network log [32m[Response] ->[0m
12-21 08:38:12.087  2236  2319 I flutter : Network log [32mUri: https://mmpv2vuat.digitalmta.com/user/99d1e755-193a-4d18-886e-a8a02ee8e958/validate-otp[0m
12-21 08:38:12.087  2236  2319 I flutter : Network log [32mRequest Method: POST[0m
12-21 08:38:12.088  2236  2319 I flutter : Network log [32mStatus Code: 200[0m
12-21 08:38:12.088  2236  2319 I flutter : Network log [32mHeaders:[0m
12-21 08:38:12.088  2236  2319 I flutter : Network log [32m	connection: keep-alive[0m
12-21 08:38:12.088  2236  2319 I flutter : Network log [32m	content-type: application/json[0m
12-21 08:38:12.088  2236  2319 I flutter : Network log [32m	date: Thu, 21 Dec 2023 02:53:12 GMT[0m
12-21 08:38:12.088  2236  2319 I flutter : Network log [32m	server: uvicorn[0m
12-21 08:38:12.088  2236  2319 I flutter : Network log [32m	content-length: 434[0m
12-21 08:38:12.088  2236  2319 I flutter : Network log [32mResponse Body:
12-21 08:38:12.088  2236  2319 I flutter : {
12-21 08:38:12.088  2236  2319 I flutter :   "security_phrase": "p1o2i3u4",
12-21 08:38:12.088  2236  2319 I flutter :   "access_token": "eyJhbGciOiJIUzI1NiIsInR5cCI6IkpXVCJ9.eyJzdWIiOiI2MDMxMTMxMTMxMTEiLCJleHAiOjE3MzQ2NjMxOTJ9.Fi0heFaIyxKU4zz-8_F0bOVqUgeS8z5a5wVvdu1ED98",
12-21 08:38:12.088  2236  2319 I flutter :   "user": {
12-21 08:38:12.088  2236  2319 I flutter :     "name": "VIVO SKIP NML",
12-21 08:38:12.088  2236  2319 I flutter :     "email": "vivo@skip.com",
12-21 08:38:12.088  2236  2319 I flutter :     "profile_picture": "https://d1t0u2ql2wp61b.cloudfront.net/mmp_documents/id_cards/scaled_d3lcdmk-e4b8318f-d32d-409c-8913-e49cfb525344.png",
12-21 08:38:12.088  2236  2319 I flutter :     "phone_number": "603113113111",
12-21 08:38:12.088  2236  2319 I flutter :     "secondary_phone_number": null
12-21 08:38:12.088  2236  2319 I flutter :   }
12-21 08:38:12.088  2236  2319 I flutter : }[0m
12-21 08:38:12.088  2236  2319 I flutter : Network log [37m[0m
12-21 08:38:12.184 20029 19648 W android.hardware.audio@7.1-impl.ranchu: pcmWrite:236 pcm_write failed with 'cannot read/write stream data: I/O error' (-1)
12-21 08:38:12.184 20029 19648 E android.hardware.audio@7.1-impl.ranchu: device/generic/goldfish/audio/talsa.cpp:pcmWrite:237 failure: false
12-21 08:38:12.224  2236  2320 D EGL_emulation: app_time_stats: avg=89.37ms min=13.56ms max=131.56ms count=12
--------- beginning of kernel
12-21 08:38:12.829  2737  2737 I logd    : start watching /data/system/packages.list ...
12-21 08:38:12.830  2737  2737 I logd    : ReadPackageList, total packages: 186
12-21 08:38:12.871 31924 31924 D BoundBrokerSvc: onUnbind: Intent { act=com.google.android.gms.measurement.START pkg=com.google.android.gms }
12-21 08:38:12.876 24684 24773 D BtGatt.ScanManager: uid 10118 isForeground true scanMode -1
12-21 08:38:12.876 24684 24773 D BtGatt.ScanManager: uid 10118 isForeground true scanMode -1
12-21 08:38:13.284  2236  2320 D EGL_emulation: app_time_stats: avg=68.91ms min=2.65ms max=130.76ms count=15
12-21 08:38:14.335  2236  2320 D EGL_emulation: app_time_stats: avg=87.62ms min=11.92ms max=118.27ms count=12
12-21 08:38:15.384  2236  2320 D EGL_emulation: app_time_stats: avg=69.89ms min=9.00ms max=117.90ms count=15
12-21 08:38:16.417  2236  2320 D EGL_emulation: app_time_stats: avg=86.08ms min=10.91ms max=117.22ms count=12
12-21 08:38:16.655  2236  2319 I flutter : headerPost= {}
12-21 08:38:16.655  2236  2319 I flutter : Network log [33m[Request] ->[0m
12-21 08:38:16.657  2236  2319 I flutter : Network log [33mUri: https://mmpv2vuat.digitalmta.com/user/validate-passcode[0m
12-21 08:38:16.657  2236  2319 I flutter : Network log [33mMethod: POST[0m
12-21 08:38:16.657  2236  2319 I flutter : Network log [33mResponse Type: ResponseType.json[0m
12-21 08:38:16.657  2236  2319 I flutter : Network log [33mFollow Redirects: true[0m
12-21 08:38:16.657  2236  2319 I flutter : Network log [33mConnection Timeout: 0:01:00.000000[0m
12-21 08:38:16.657  2236  2319 I flutter : Network log [33mSend Timeout: 0:01:00.000000[0m
12-21 08:38:16.657  2236  2319 I flutter : Network log [33mReceive Timeout: 0:01:00.000000[0m
12-21 08:38:16.657  2236  2319 I flutter : Network log [33mReceive Data When Status Error: true[0m
12-21 08:38:16.657  2236  2319 I flutter : Network log [33mExtra: {}[0m
12-21 08:38:16.657  2236  2319 I flutter : Network log [33mHeaders:[0m
12-21 08:38:16.657  2236  2319 I flutter : Network log [33m	content-type: application/json[0m
12-21 08:38:16.657  2236  2319 I flutter : Network log [33m[Json] Request Body:
12-21 08:38:16.657  2236  2319 I flutter : {
12-21 08:38:16.657  2236  2319 I flutter :   "passcode": "123456"
12-21 08:38:16.657  2236  2319 I flutter : }[0m
12-21 08:38:16.657  2236  2319 I flutter : Network log [37m[0m
12-21 08:38:16.684   368  2396 I resolv  : GetAddrInfoHandler::run: {101 101 101 983141 10186 0}
12-21 08:38:16.685   368  2397 I resolv  : res_nmkquery: (QUERY, IN, A)
12-21 08:38:16.685   368  2397 I resolv  : resolv_cache_lookup: FOUND IN CACHE entry=0xb400007554136410
12-21 08:38:16.685   368  2397 I resolv  : doQuery: rcode=0, ancount=3, return value=138
12-21 08:38:16.695   368  2398 I resolv  : GetAddrInfoHandler::run: {101 101 101 983141 10186 0}
12-21 08:38:16.695   368  2399 I resolv  : res_nmkquery: (QUERY, IN, AAAA)
12-21 08:38:16.695   368  2399 I resolv  : resolv_cache_lookup: FOUND IN CACHE entry=0xb400007564136c10
12-21 08:38:16.695   368  2399 I resolv  : doQuery: rcode=0, ancount=1, return value=188
12-21 08:38:16.696   368  2400 I resolv  : GetAddrInfoHandler::run: {101 101 101 983141 10186 0}
12-21 08:38:16.696   368  2401 I resolv  : res_nmkquery: (QUERY, IN, AAAA)
12-21 08:38:16.696   368  2401 I resolv  : resolv_cache_lookup: FOUND IN CACHE entry=0xb400007564136c10
12-21 08:38:16.696   368  2401 I resolv  : doQuery: rcode=0, ancount=1, return value=188
12-21 08:38:17.410  2236  2319 I flutter : Network log [32m[Response] ->[0m
12-21 08:38:17.410  2236  2319 I flutter : Network log [32mUri: https://mmpv2vuat.digitalmta.com/user/validate-passcode[0m
12-21 08:38:17.410  2236  2319 I flutter : Network log [32mRequest Method: POST[0m
12-21 08:38:17.410  2236  2319 I flutter : Network log [32mStatus Code: 200[0m
12-21 08:38:17.410  2236  2319 I flutter : Network log [32mHeaders:[0m
12-21 08:38:17.410  2236  2319 I flutter : Network log [32m	connection: keep-alive[0m
12-21 08:38:17.410  2236  2319 I flutter : Network log [32m	content-type: application/json[0m
12-21 08:38:17.410  2236  2319 I flutter : Network log [32m	date: Thu, 21 Dec 2023 02:53:17 GMT[0m
12-21 08:38:17.410  2236  2319 I flutter : Network log [32m	server: uvicorn[0m
12-21 08:38:17.410  2236  2319 I flutter : Network log [32m	content-length: 51[0m
12-21 08:38:17.411  2236  2319 I flutter : Network log [32mResponse Body:
12-21 08:38:17.411  2236  2319 I flutter : {
12-21 08:38:17.411  2236  2319 I flutter :   "msg": "Passcode has been validated successfully."
12-21 08:38:17.411  2236  2319 I flutter : }[0m
12-21 08:38:17.411  2236  2319 I flutter : Network log [37m[0m
12-21 08:38:17.545  2236  2320 D EGL_emulation: app_time_stats: avg=94.00ms min=8.44ms max=191.98ms count=12
12-21 08:38:17.569  2236  2319 I flutter : 00:20 +5: temp_test RA_01: Add new rate alert
12-21 08:38:17.569  2236  2319 I flutter : Network log [33m[Request] ->[0m
12-21 08:38:17.570  2236  2319 I flutter : Network log [33mUri: https://mmpv2vuat.digitalmta.com/user-card/card-data[0m
12-21 08:38:17.570  2236  2319 I flutter : Network log [33mMethod: GET[0m
12-21 08:38:17.570  2236  2319 I flutter : Network log [33mResponse Type: ResponseType.json[0m
12-21 08:38:17.570  2236  2319 I flutter : Network log [33mFollow Redirects: true[0m
12-21 08:38:17.570  2236  2319 I flutter : Network log [33mConnection Timeout: 0:01:00.000000[0m
12-21 08:38:17.570  2236  2319 I flutter : Network log [33mSend Timeout: 0:01:00.000000[0m
12-21 08:38:17.570  2236  2319 I flutter : Network log [33mReceive Timeout: 0:01:00.000000[0m
12-21 08:38:17.570  2236  2319 I flutter : Network log [33mReceive Data When Status Error: true[0m
12-21 08:38:17.570  2236  2319 I flutter : Network log [33mExtra: {}[0m
12-21 08:38:17.570  2236  2319 I flutter : Network log [33mHeaders:[0m
12-21 08:38:17.570  2236  2319 I flutter : Network log [33m Request Body:
12-21 08:38:17.570  2236  2319 I flutter : null[0m
12-21 08:38:17.570  2236  2319 I flutter : Network log [37m[0m
12-21 08:38:18.125  2236  2319 I flutter : Network log [32m[Response] ->[0m
12-21 08:38:18.125  2236  2319 I flutter : Network log [32mUri: https://mmpv2vuat.digitalmta.com/user-card/card-data[0m
12-21 08:38:18.125  2236  2319 I flutter : Network log [32mRequest Method: GET[0m
12-21 08:38:18.125  2236  2319 I flutter : Network log [32mStatus Code: 200[0m
12-21 08:38:18.125  2236  2319 I flutter : Network log [32mHeaders:[0m
12-21 08:38:18.125  2236  2319 I flutter : Network log [32m	connection: keep-alive[0m
12-21 08:38:18.125  2236  2319 I flutter : Network log [32m	content-type: application/json[0m
12-21 08:38:18.125  2236  2319 I flutter : Network log [32m	date: Thu, 21 Dec 2023 02:53:18 GMT[0m
12-21 08:38:18.125  2236  2319 I flutter : Network log [32m	server: uvicorn[0m
12-21 08:38:18.125  2236  2319 I flutter : Network log [32m	content-length: 536[0m
12-21 08:38:18.125  2236  2319 I flutter : Network log [32mResponse Body:
12-21 08:38:18.125  2236  2319 I flutter : {
12-21 08:38:18.125  2236  2319 I flutter :   "card_image": "https://mmp2-uat.s3.amazonaws.com/vtonle_1687946383184.jpg?AWSAccessKeyId=AKIAWKLL55UHE2TNQUSW&Signature=94C%2F058z8QgWZsuVBm31n0V0WgY%3D&Expires=1703130798",
12-21 08:38:18.125  2236  2319 I flutter :   "card_no_last_4_digit": "9315",
12-21 08:38:18.125  2236  2319 I flutter :   "wallet_limit": "10K",
12-21 08:38:18.125  2236  2319 I flutter :   "deposit": 20,
12-21 08:38:18.125  2236  2319 I flutter :   "is_upsize_wallet": true,
12-21 08:38:18.125  2236  2319 I flutter :   "hybrid_wallet": {
12-21 08:38:18.125  2236  2319 I flutter :     "topup_mode": "D",
12-21 08:38:18.125  2236  2319 I flutter :     "topup_threshold": 0.0,
12-21 08:38:18.125  2236  2319 I flutter :     "auto_topup_amount": 0.0,
12-21 08:38:18.125  2236  2319 I flutter :     "opt_account_debit": false,
12-21 08:38:18.125  2236  2319 I flutter :     "opt_auto_topup": false
12-21 08:38:18.125  2236  2319 I flutter :   },
12-21 08:38:18.125  2236  2319 I flutter :   "is_remit_enabled": false,
12-21 08:38:18.125  2236  2319 I flutter :   "is_mcw_enabled": false,
12-21 08:38:18.125  2236  2319 I flutter :   "is_prepaid_enabled": false,
12-21 08:38:18.125  2236  2319 I flutter :   "bank_status": true,
12-21 08:38:18.125  2236  2319 I flutter :   "is_card_active": true,
12-21 08:38:18.125  2236  2319 I flutter :   "is_initial_pin_setup": false
12-21 08:38:18.125  2236  2319 I flutter : }[0m
12-21 08:38:18.126  2236  2319 I flutter : Network log [37m[0m
12-21 08:38:18.127  2236  2319 I flutter : Network log [33m[Request] ->[0m
12-21 08:38:18.128  2236  2319 I flutter : Network log [33mUri: https://mmpv2vuat.digitalmta.com/user/document-update-alert[0m
12-21 08:38:18.128  2236  2319 I flutter : Network log [33mMethod: GET[0m
12-21 08:38:18.128  2236  2319 I flutter : Network log [33mResponse Type: ResponseType.json[0m
12-21 08:38:18.128  2236  2319 I flutter : Network log [33mFollow Redirects: true[0m
12-21 08:38:18.128  2236  2319 I flutter : Network log [33mConnection Timeout: 0:01:00.000000[0m
12-21 08:38:18.128  2236  2319 I flutter : Network log [33mSend Timeout: 0:01:00.000000[0m
12-21 08:38:18.128  2236  2319 I flutter : Network log [33mReceive Timeout: 0:01:00.000000[0m
12-21 08:38:18.128  2236  2319 I flutter : Network log [33mReceive Data When Status Error: true[0m
12-21 08:38:18.128  2236  2319 I flutter : Network log [33mExtra: {}[0m
12-21 08:38:18.128  2236  2319 I flutter : Network log [33mHeaders:[0m
12-21 08:38:18.128  2236  2319 I flutter : Network log [33m Request Body:
12-21 08:38:18.128  2236  2319 I flutter : null[0m
12-21 08:38:18.128  2236  2319 I flutter : Network log [37m[0m
12-21 08:38:18.264  2236  2319 I flutter : Network log [32m[Response] ->[0m
12-21 08:38:18.264  2236  2319 I flutter : Network log [32mUri: https://mmpv2vuat.digitalmta.com/user/document-update-alert[0m
12-21 08:38:18.264  2236  2319 I flutter : Network log [32mRequest Method: GET[0m
12-21 08:38:18.264  2236  2319 I flutter : Network log [32mStatus Code: 200[0m
12-21 08:38:18.264  2236  2319 I flutter : Network log [32mHeaders:[0m
12-21 08:38:18.264  2236  2319 I flutter : Network log [32m	connection: keep-alive[0m
12-21 08:38:18.264  2236  2319 I flutter : Network log [32m	content-type: application/json[0m
12-21 08:38:18.264  2236  2319 I flutter : Network log [32m	date: Thu, 21 Dec 2023 02:53:18 GMT[0m
12-21 08:38:18.264  2236  2319 I flutter : Network log [32m	server: uvicorn[0m
12-21 08:38:18.264  2236  2319 I flutter : Network log [32m	content-length: 109[0m
12-21 08:38:18.264  2236  2319 I flutter : Network log [32mResponse Body:
12-21 08:38:18.264  2236  2319 I flutter : {
12-21 08:38:18.264  2236  2319 I flutter :   "is_expiring_notification": false,
12-21 08:38:18.264  2236  2319 I flutter :   "is_expired_notification": false,
12-21 08:38:18.264  2236  2319 I flutter :   "message": "Uploaded document not expired."
12-21 08:38:18.264  2236  2319 I flutter : }[0m
12-21 08:38:18.264  2236  2319 I flutter : Network log [37m[0m
12-21 08:38:18.268  2236  2319 I flutter : Network log [33m[Request] ->[0m
12-21 08:38:18.268  2236  2319 I flutter : Network log [33mUri: https://mmpv2vuat.digitalmta.com/user/check-multi-balance[0m
12-21 08:38:18.268  2236  2319 I flutter : Network log [33mMethod: GET[0m
12-21 08:38:18.268  2236  2319 I flutter : Network log [33mResponse Type: ResponseType.json[0m
12-21 08:38:18.268  2236  2319 I flutter : Network log [33mFollow Redirects: true[0m
12-21 08:38:18.268  2236  2319 I flutter : Network log [33mConnection Timeout: 0:01:00.000000[0m
12-21 08:38:18.268  2236  2319 I flutter : Network log [33mSend Timeout: 0:01:00.000000[0m
12-21 08:38:18.268  2236  2319 I flutter : Network log [33mReceive Timeout: 0:01:00.000000[0m
12-21 08:38:18.268  2236  2319 I flutter : Network log [33mReceive Data When Status Error: true[0m
12-21 08:38:18.268  2236  2319 I flutter : Network log [33mExtra: {}[0m
12-21 08:38:18.268  2236  2319 I flutter : Network log [33mHeaders:[0m
12-21 08:38:18.268  2236  2319 I flutter : Network log [33m Request Body:
12-21 08:38:18.268  2236  2319 I flutter : null[0m
12-21 08:38:18.268  2236  2319 I flutter : Network log [37m[0m
12-21 08:38:18.585  2236  2320 D EGL_emulation: app_time_stats: avg=115.53ms min=57.70ms max=174.63ms count=9
12-21 08:38:19.619  2236  2320 D EGL_emulation: app_time_stats: avg=114.85ms min=102.42ms max=118.04ms count=9
12-21 08:38:19.868   760   760 I wpa_supplicant: wlan0: CTRL-EVENT-BEACON-LOSS 
12-21 08:38:20.114  2236  2319 I flutter : Network log [32m[Response] ->[0m
12-21 08:38:20.114  2236  2319 I flutter : Network log [32mUri: https://mmpv2vuat.digitalmta.com/user/check-multi-balance[0m
12-21 08:38:20.114  2236  2319 I flutter : Network log [32mRequest Method: GET[0m
12-21 08:38:20.114  2236  2319 I flutter : Network log [32mStatus Code: 200[0m
12-21 08:38:20.114  2236  2319 I flutter : Network log [32mHeaders:[0m
12-21 08:38:20.114  2236  2319 I flutter : Network log [32m	connection: keep-alive[0m
12-21 08:38:20.114  2236  2319 I flutter : Network log [32m	content-type: application/json[0m
12-21 08:38:20.114  2236  2319 I flutter : Network log [32m	date: Thu, 21 Dec 2023 02:53:20 GMT[0m
12-21 08:38:20.114  2236  2319 I flutter : Network log [32m	server: uvicorn[0m
12-21 08:38:20.114  2236  2319 I flutter : Network log [32m	content-length: 5065[0m
12-21 08:38:20.116  2236  2319 I flutter : Network log [32mResponse Body:
12-21 08:38:20.116  2236  2319 I flutter : {
12-21 08:38:20.116  2236  2319 I flutter :   "body": [
12-21 08:38:20.116  2236  2319 I flutter :     {
12-21 08:38:20.116  2236  2319 I flutter :       "available_balance": "5155.54",
12-21 08:38:20.116  2236  2319 I flutter :       "total_balance": "5175.54",
12-21 08:38:20.116  2236  2319 I flutter :       "currency_code": "458",
12-21 08:38:20.116  2236  2319 I flutter :       "name": "Malaysian Ringgit",
12-21 08:38:20.116  2236  2319 I flutter :       "code": "MYR",
12-21 08:38:20.116  2236  2319 I flutter :       "numeric_code": "458",
12-21 08:38:20.116  2236  2319 I flutter :       "buy_rate": 0.0,
12-21 08:38:20.116  2236  2319 I flutter :       "sell_rate": 0.0,
12-21 08:38:20.116  2236  2319 I flutter :       "unit": "1M",
12-21 08:38:20.116  2236  2319 I flutter :       "country": {
12-21 08:38:20.116  2236  2319 I flutter :         "id": 80,
12-21 08:38:20.116  2236  2319 I flutter :         "code": "MY"
12-21 08:38:20.116  2236  2319 I flutter :       },
12-21 08:38:20.116  2236  2319 I flutter :       "hybrid_current_account": null
12-21 08:38:20.116  2236  2319 I flutter :     },
12-21 08:38:20.116  2236  2319 I flutter :     {
12-21 08:38:20.116  2236  2319 I flutter :       "available_balance": "1117.0",
12-21 08:38:20.116  2236  2319 I flutter :       "total_balance": "1117.0",
12-21 08:38:20.116  2236  2319 I flutter :       "currency_code": "840",
12-21 08:38:20.116  2236  2319 I flutter :       "name": "US Dollar",
12-21 08:38:20.116  2236  2319 I flutter :       "code": "USD",
12-21 08:38:20.116  2236  2319 I flutter :       "numeric_code": "840",
12-21 08:38:20.116  2236  2319 I flutter :       "buy_rate": 4.5,
12-21 08:38:20.116  2236  2319 I flutter :       "sell_rate": 5.1,
12-21 08:38:20.116  2236  2319 I flutter :       "unit": "1",
12-21 08:38:20.116  2236  2319 I flutter :       "country": {
12-21 08:38:20.116  2236  2319 I flutter :         "id": 71,
12-21 08:38:20.116  2236  2319 I flutter :         "code": "US"
12-21 08:38:20.116  2236  2319 I flutter :       },
12-21 08:38:20.116  2236  2319 I flutter :       "hybrid_current_account": null
12-21 08:38:20.116  2236  2319 I flutter :     },
12-21 08:38:20.116  2236  2319 I flutter :     {
12-21 08:38:20.116  2236  2319 I flutter :       "available_balance": "3.0",
12-21 08:38:20.116  2236  2319 I flutter :       "total_balance": "3.0",
12-21 08:38:20.116  2236  2319 I flutter :       "currency_code": "702",
12-21 08:38:20.116  2236  2319 I flutter :       "name": "Singapore Dollar",
12-21 08:38:20.116  2236  2319 I flutter :       "code": "SGD",
12-21 08:38:20.116  2236  2319 I flutter :       "numeric_code": "702",
12-21 08:38:20.116  2236  2319 I flutter :       "buy_rate": 3.5,
12-21 08:38:20.116  2236  2319 I flutter :       "sell_rate": 5.0,
12-21 08:38:20.116  2236  2319 I flutter :       "unit": "1",
12-21 08:38:20.116  2236  2319 I flutter :       "country": {
12-21 08:38:20.116  2236  2319 I flutter :         "id": 119,
12-21 08:38:20.116  2236  2319 I flutter :         "code": "SG"
12-21 08:38:20.116  2236  2319 I flutter :       },
12-21 08:38:20.116  2236  2319 I flutter :       "hybrid_current_account": null
12-21 08:38:20.116  2236  2319 I flutter :     },
12-21 08:38:20.116  2236  2319 I flutter :     {
12-21 08:38:20.116  2236  2319 I flutter :       "available_balance": "2.0",
12-21 08:38:20.116  2236  2319 I flutter :       "total_balance": "2.0",
12-21 08:38:20.116  2236  2319 I flutter :       "currency_code": "826",
12-21 08:38:20.116  2236  2319 I flutter :       "name": "British Pound",
12-21 08:38:20.116  2236  2319 I flutter :       "code": "GBP",
12-21 08:38:20.116  2236  2319 I flutter :       "numeric_code": "826",
12-21 08:38:20.116  2236  2319 I flutter :       "buy_rate": 5.4,
12-21 08:38:20.116  2236  2319 I flutter :       "sell_rate": 5.428,
12-21 08:38:20.116  2236  2319 I flutter :       "unit": "1",
12-21 08:38:20.116  2236  2319 I flutter :       "country": {
12-21 08:38:20.116  2236  2319 I flutter :         "id": 179,
12-21 08:38:20.116  2236  2319 I flutter :         "code": "GB"
12-21 08:38:20.116  2236  2319 I flutter :       },
12-21 08:38:20.116  2236  2319 I flutter :       "hybrid_current_account": null
12-21 08:38:20.116  2236  2319 I flutter :     },
12-21 08:38:20.116  2236  2319 I flutter :     {
12-21 08:38:20.116  2236  2319 I flutter :       "available_balance": "0.0",
12-21 08:38:20.116  2236  2319 I flutter :       "total_balance": "0.0",
12-21 08:38:20.116  2236  2319 I flutter :       "currency_code": "036",
12-21 08:38:20.116  2236  2319 I flutter :       "name": "Australian Dollar",
12-21 08:38:20.116  2236  2319 I flutter :       "code": "AUD",
12-21 08:38:20.116  2236  2319 I flutter :       "numeric_code": "036",
12-21 08:38:20.116  2236  2319 I flutter :       "buy_rate": 2.948,
12-21 08:38:20.116  2236  2319 I flutter :       "sell_rate": 3.148,
12-21 08:38:20.116  2236  2319 I flutter :       "unit": "1",
12-21 08:38:20.116  2236  2319 I flutter :       "country": {
12-21 08:38:20.116  2236  2319 I flutter :         "id": 29,
12-21 08:38:20.116  2236  2319 I flutter :         "code": "AU"
12-21 08:38:20.116  2236  2319 I flutter :       },
12-21 08:38:20.116  2236  2319 I flutter :       "hybrid_current_account": null
12-21 08:38:20.116  2236  2319 I flutter :     },
12-21 08:38:20.116  2236  2319 I flutter :     {
12-21 08:38:20.116  2236  2319 I flutter :       "available_balance": "0.0",
12-21 08:38:20.116  2236  2319 I flutter :       "total_balance": "0.0",
12-21 08:38:20.116  2236  2319 I flutter :       "currency_code": "360",
12-21 08:38:20.116  2236  2319 I flutter :       "name": "Indonesian Rupiah",
12-21 08:38:20.116  2236  2319 I flutter :       "code": "IDR",
12-21 08:38:20.116  2236  2319 I flutter :       "numeric_code": "360",
12-21 08:38:20.116  2236  2319 I flutter :       "buy_rate": 289.3,
12-21 08:38:20.116  2236  2319 I flutter :       "sell_rate": 290.5,
12-21 08:38:20.116  2236  2319 I flutter :       "unit": "1M",
12-21 08:38:20.116  2236  2319 I flutter :       "country": {
12-21 08:38:20.116  2236  2319 I flutter :         "id": 9,
12-21 08:38:20.116  2236  2319 I flutter :         "code": "ID"
12-21 08:38:20.116  2236  2319 I flutter :       },
12-21 08:38:20.116  2236  2319 I flutter :       "hybrid_current_account": null
12-21 08:38:20.116  2236  2319 I flutter :     },
12-21 08:38:20.116  2236  2319 I flutter :     {
12-21 08:38:20.116  2236  2319 I flutter :       "available_balance": "0.0",
12-21 08:38:20.116  2236  2319 I flutter :       "total_balance": "0.0",
12-21 08:38:20.116  2236  2319 I flutter :       "currency_code": "978",
12-21 08:38:20.116  2236  2319 I flutter :       "name": "Euro",
12-21 08:38:20.116  2236  2319 I flutter :       "code": "EUR",
12-21 08:38:20.116  2236  2319 I flutter :       "numeric_code": "978",
12-21 08:38:20.116  2236  2319 I flutter :       "buy_rate": 4.603,
12-21 08:38:20.116  2236  2319 I flutter :       "sell_rate": 4.628,
12-21 08:38:20.116  2236  2319 I flutter :       "unit": "1",
12-21 08:38:20.116  2236  2319 I flutter :       "country": {
12-21 08:38:20.116  2236  2319 I flutter :         "id": 236,
12-21 08:38:20.116  2236  2319 I flutter :         "code": "EU"
12-21 08:38:20.116  2236  2319 I flutter :       },
12-21 08:38:20.116  2236  2319 I flutter :       "hybrid_current_account": null
12-21 08:38:20.116  2236  2319 I flutter :     },
12-21 08:38:20.116  2236  2319 I flutter :     {
12-21 08:38:20.116  2236  2319 I flutter :       "available_balance": "0.0",
12-21 08:38:20.116  2236  2319 I flutter :       "total_balance": "0.0",
12-21 08:38:20.116  2236  2319 I flutter :       "currency_code": "764",
12-21 08:38:20.116  2236  2319 I flutter :       "name": "Thai Baht",
12-21 08:38:20.116  2236  2319 I flutter :       "code": "THB",
12-21 08:38:20.116  2236  2319 I flutter :       "numeric_code": "764",
12-21 08:38:20.116  2236  2319 I flutter :       "buy_rate": 12.861,
12-21 08:38:20.116  2236  2319 I flutter :       "sell_rate": 12.951,
12-21 08:38:20.116  2236  2319 I flutter :       "unit": "100",
12-21 08:38:20.116  2236  2319 I flutter :       "country": {
12-21 08:38:20.116  2236  2319 I flutter :         "id": 175,
12-21 08:38:20.116  2236  2319 I flutter :         "code": "TH"
12-21 08:38:20.116  2236  2319 I flutter :       },
12-21 08:38:20.116  2236  2319 I flutter :       "hybrid_current_account": null
12-21 08:38:20.116  2236  2319 I flutter :     },
12-21 08:38:20.116  2236  2319 I flutter :     {
12-21 08:38:20.116  2236  2319 I flutter :       "available_balance": "0.0",
12-21 08:38:20.116  2236  2319 I flutter :       "total_balance": "0.0",
12-21 08:38:20.116  2236  2319 I flutter :       "currency_code": "392",
12-21 08:38:20.116  2236  2319 I flutter :       "name": "Japanese Yen",
12-21 08:38:20.116  2236  2319 I flutter :       "code": "JPY",
12-21 08:38:20.116  2236  2319 I flutter :       "numeric_code": "392",
12-21 08:38:20.116  2236  2319 I flutter :       "buy_rate": 3.07,
12-21 08:38:20.116  2236  2319 I flutter :       "sell_rate": 3.703,
12-21 08:38:20.116  2236  2319 I flutter :       "unit": "100",
12-21 08:38:20.116  2236  2319 I flutter :       "country": {
12-21 08:38:20.116  2236  2319 I flutter :         "id": 205,
12-21 08:38:20.116  2236  2319 I flutter :         "code": "JP"
12-21 08:38:20.116  2236  2319 I flutter :       },
12-21 08:38:20.116  2236  2319 I flutter :       "hybrid_current_account": null
12-21 08:38:20.116  2236  2319 I flutter :     },
12-21 08:38:20.116  2236  2319 I flutter :     {
12-21 08:38:20.116  2236  2319 I flutter :       "available_balance": "0.0",
12-21 08:38:20.116  2236  2319 I flutter :       "total_balance": "0.0",
12-21 08:38:20.116  2236  2319 I flutter :       "currency_code": "682",
12-21 08:38:20.116  2236  2319 I flutter :       "name": "Saudi Riyal",
12-21 08:38:20.116  2236  2319 I flutter :       "code": "SAR",
12-21 08:38:20.116  2236  2319 I flutter :       "numeric_code": "682",
12-21 08:38:20.116  2236  2319 I flutter :       "buy_rate": 107.9,
12-21 08:38:20.116  2236  2319 I flutter :       "sell_rate": 109.7,
12-21 08:38:20.116  2236  2319 I flutter :       "unit": "100",
12-21 08:38:20.116  2236  2319 I flutter :       "country": {
12-21 08:38:20.116  2236  2319 I flutter :         "id": 134,
12-21 08:38:20.116  2236  2319 I flutter :         "code": "SA"
12-21 08:38:20.116  2236  2319 I flutter :       },
12-21 08:38:20.116  2236  2319 I flutter :       "hybrid_current_account": null
12-21 08:38:20.116  2236  2319 I flutter :     },
12-21 08:38:20.116  2236  2319 I flutter :     {
12-21 08:38:20.116  2236  2319 I flutter :       "available_balance": "0.0",
12-21 08:38:20.116  2236  2319 I flutter :       "total_balance": "0.0",
12-21 08:38:20.116  2236  2319 I flutter :       "currency_code": "156",
12-21 08:38:20.116  2236  2319 I flutter :       "name": "Chinese Renminbi",
12-21 08:38:20.116  2236  2319 I flutter :       "code": "CNY",
12-21 08:38:20.116  2236  2319 I flutter :       "numeric_code": "156",
12-21 08:38:20.116  2236  2319 I flutter :       "buy_rate": 60.4,
12-21 08:38:20.116  2236  2319 I flutter :       "sell_rate": 60.65,
12-21 08:38:20.116  2236  2319 I flutter :       "unit": "100",
12-21 08:38:20.116  2236  2319 I flutter :       "country": {
12-21 08:38:20.116  2236  2319 I flutter :         "id": 123,
12-21 08:38:20.116  2236  2319 I flutter :         "code": "CN"
12-21 08:38:20.116  2236  2319 I flutter :       },
12-21 08:38:20.116  2236  2319 I flutter :       "hybrid_current_account": null
12-21 08:38:20.116  2236  2319 I flutter :     },
12-21 08:38:20.116  2236  2319 I flutter :     {
12-21 08:38:20.116  2236  2319 I flutter :       "available_balance": "0.0",
12-21 08:38:20.116  2236  2319 I flutter :       "total_balance": "0.0",
12-21 08:38:20.116  2236  2319 I flutter :       "currency_code": "901",
12-21 08:38:20.116  2236  2319 I flutter :       "name": "New Taiwan Dollar",
12-21 08:38:20.116  2236  2319 I flutter :       "code": "TWD",
12-21 08:38:20.116  2236  2319 I flutter :       "numeric_code": "901",
12-21 08:38:20.116  2236  2319 I flutter :       "buy_rate": 13.411,
12-21 08:38:20.116  2236  2319 I flutter :       "sell_rate": 13.423,
12-21 08:38:20.116  2236  2319 I flutter :       "unit": "100",
12-21 08:38:20.116  2236  2319 I flutter :       "country": {
12-21 08:38:20.116  2236  2319 I flutter :         "id": 67,
12-21 08:38:20.116  2236  2319 I flutter :         "code": "TW"
12-21 08:38:20.116  2236  2319 I flutter :       },
12-21 08:38:20.116  2236  2319 I flutter :       "hybrid_current_account": null
12-21 08:38:20.116  2236  2319 I flutter :     },
12-21 08:38:20.116  2236  2319 I flutter :     {
12-21 08:38:20.116  2236  2319 I flutter :       "available_balance": "0.0",
12-21 08:38:20.117  2236  2319 I flutter :       "total_balance": "0.0",
12-21 08:38:20.117  2236  2319 I flutter :       "currency_code": "344",
12-21 08:38:20.117  2236  2319 I flutter :       "name": "Hong Kong Dollar",
12-21 08:38:20.117  2236  2319 I flutter :       "code": "HKD",
12-21 08:38:20.117  2236  2319 I flutter :       "numeric_code": "344",
12-21 08:38:20.117  2236  2319 I flutter :       "buy_rate": 51.95,
12-21 08:38:20.117  2236  2319 I flutter :       "sell_rate": 52.3,
12-21 08:38:20.117  2236  2319 I flutter :       "unit": "100",
12-21 08:38:20.117  2236  2319 I flutter :       "country": {
12-21 08:38:20.117  2236  2319 I flutter :         "id": 36,
12-21 08:38:20.117  2236  2319 I flutter :         "code": "HK"
12-21 08:38:20.117  2236  2319 I flutter :       },
12-21 08:38:20.117  2236  2319 I flutter :       "hybrid_current_account": null
12-21 08:38:20.117  2236  2319 I flutter :     },
12-21 08:38:20.117  2236  2319 I flutter :     {
12-21 08:38:20.117  2236  2319 I flutter :       "available_balance": "0.0",
12-21 08:38:20.117  2236  2319 I flutter :       "total_balance": "0.0",
12-21 08:38:20.117  2236  2319 I flutter :       "currency_code": "410",
12-21 08:38:20.117  2236  2319 I flutter :       "name": "South Korean Won",
12-21 08:38:20.117  2236  2319 I flutter :       "code": "KRW",
12-21 08:38:20.117  2236  2319 I flutter :       "numeric_code": "410",
12-21 08:38:20.117  2236  2319 I flutter :       "buy_rate": 3.451,
12-21 08:38:20.117  2236  2319 I flutter :       "sell_rate": 3.541,
12-21 08:38:20.117  2236  2319 I flutter :       "unit": "1000",
12-21 08:38:20.117  2236  2319 I flutter :       "country": {
12-21 08:38:20.117  2236  2319 I flutter :         "id": 195,
12-21 08:38:20.117  2236  2319 I flutter :         "code": "KR"
12-21 08:38:20.117  2236  2319 I flutter :       },
12-21 08:38:20.117  2236  2319 I flutter :       "hybrid_current_account": null
12-21 08:38:20.117  2236  2319 I flutter :     },
12-21 08:38:20.117  2236  2319 I flutter :     {
12-21 08:38:20.117  2236  2319 I flutter :       "available_balance": "0.0",
12-21 08:38:20.117  2236  2319 I flutter :       "total_balance": "0.0",
12-21 08:38:20.117  2236  2319 I flutter :       "currency_code": "356",
12-21 08:38:20.117  2236  2319 I flutter :       "name": "Indian Rupee",
12-21 08:38:20.117  2236  2319 I flutter :       "code": "INR",
12-21 08:38:20.117  2236  2319 I flutter :       "numeric_code": "356",
12-21 08:38:20.117  2236  2319 I flutter :       "buy_rate": 5.785,
12-21 08:38:20.117  2236  2319 I flutter :       "sell_rate": 5.845,
12-21 08:38:20.117  2236  2319 I flutter :       "unit": "100",
12-21 08:38:20.117  2236  2319 I flutter :       "country": {
12-21 08:38:20.117  2236  2319 I flutter :         "id": 12,
12-21 08:38:20.117  2236  2319 I flutter :         "code": "IN"
12-21 08:38:20.117  2236  2319 I flutter :       },
12-21 08:38:20.117  2236  2319 I flutter :       "hybrid_current_account": null
12-21 08:38:20.117  2236  2319 I flutter :     },
12-21 08:38:20.117  2236  2319 I flutter :     {
12-21 08:38:20.117  2236  2319 I flutter :       "available_balance": "0.0",
12-21 08:38:20.117  2236  2319 I flutter :       "total_balance": "0.0",
12-21 08:38:20.117  2236  2319 I flutter :       "currency_code": "608",
12-21 08:38:20.117  2236  2319 I flutter :       "name": "Philippine Peso",
12-21 08:38:20.117  2236  2319 I flutter :       "code": "PHP",
12-21 08:38:20.117  2236  2319 I flutter :       "numeric_code": "608",
12-21 08:38:20.117  2236  2319 I flutter :       "buy_rate": 7.88,
12-21 08:38:20.117  2236  2319 I flutter :       "sell_rate": 8.0,
12-21 08:38:20.117  2236  2319 I flutter :       "unit": "100",
12-21 08:38:20.117  2236  2319 I flutter :       "country": {
12-21 08:38:20.117  2236  2319 I flutter :         "id": 152,
12-21 08:38:20.117  2236  2319 I flutter :         "code": "PH"
12-21 08:38:20.117  2236  2319 I flutter :       },
12-21 08:38:20.117  2236  2319 I flutter :       "hybrid_current_account": null
12-21 08:38:20.117  2236  2319 I flutter :     },
12-21 08:38:20.117  2236  2319 I flutter :     {
12-21 08:38:20.117  2236  2319 I flutter :       "available_balance": "0.0",
12-21 08:38:20.117  2236  2319 I flutter :       "total_balance": "0.0",
12-21 08:38:20.117  2236  2319 I flutter :       "currency_code": "124",
12-21 08:38:20.117  2236  2319 I flutter :       "name": "Canadian Dollar",
12-21 08:38:20.117  2236  2319 I flutter :       "code": "CAD",
12-21 08:38:20.117  2236  2319 I flutter :       "numeric_code": "124",
12-21 08:38:20.117  2236  2319 I flutter :       "buy_rate": 3.068,
12-21 08:38:20.117  2236  2319 I flutter :       "sell_rate": 3.088,
12-21 08:38:20.117  2236  2319 I flutter :       "unit": "1",
12-21 08:38:20.117  2236  2319 I flutter :       "country": {
12-21 08:38:20.117  2236  2319 I flutter :         "id": 160,
12-21 08:38:20.117  2236  2319 I flutter :         "code": "CA"
12-21 08:38:20.117  2236  2319 I flutter :       },
12-21 08:38:20.117  2236  2319 I flutter :       "hybrid_current_account": null
12-21 08:38:20.117  2236  2319 I flutter :     },
12-21 08:38:20.117  2236  2319 I flutter :     {
12-21 08:38:20.117  2236  2319 I flutter :       "available_balance": "0.0",
12-21 08:38:20.117  2236  2319 I flutter :       "total_balance": "0.0",
12-21 08:38:20.117  2236  2319 I flutter :       "currency_code": "554",
12-21 08:38:20.117  2236  2319 I flutter :       "name": "New Zealand Dollar",
12-21 08:38:20.117  2236  2319 I flutter :       "code": "NZD",
12-21 08:38:20.117  2236  2319 I flutter :       "numeric_code": "554",
12-21 08:38:20.117  2236  2319 I flutter :       "buy_rate": 2.738,
12-21 08:38:20.117  2236  2319 I flutter :       "sell_rate": 2.753,
12-21 08:38:20.117  2236  2319 I flutter :       "unit": "1",
12-21 08:38:20.117  2236  2319 I flutter :       "country": {
12-21 08:38:20.117  2236  2319 I flutter :         "id": 92,
12-21 08:38:20.117  2236  2319 I flutter :         "code": "NZ"
12-21 08:38:20.117  2236  2319 I flutter :       },
12-21 08:38:20.117  2236  2319 I flutter :       "hybrid_current_account": null
12-21 08:38:20.117  2236  2319 I flutter :     },
12-21 08:38:20.117  2236  2319 I flutter :     {
12-21 08:38:20.117  2236  2319 I flutter :       "available_balance": "0.0",
12-21 08:38:20.117  2236  2319 I flutter :       "total_balance": "0.0",
12-21 08:38:20.117  2236  2319 I flutter :       "currency_code": "784",
12-21 08:38:20.117  2236  2319 I flutter :       "name": "UAE Dirham",
12-21 08:38:20.117  2236  2319 I flutter :       "code": "AED",
12-21 08:38:20.117  2236  2319 I flutter :       "numeric_code": "784",
12-21 08:38:20.117  2236  2319 I flutter :       "buy_rate": 110.6,
12-21 08:38:20.117  2236  2319 I flutter :       "sell_rate": 111.8,
12-21 08:38:20.117  2236  2319 I flutter :       "unit": "100",
12-21 08:38:20.117  2236  2319 I flutter :       "country": {
12-21 08:38:20.117  2236  2319 I flutter :         "id": 220,
12-21 08:38:20.117  2236  2319 I flutter :         "code": "AE"
12-21 08:38:20.117  2236  2319 I flutter :       },
12-21 08:38:20.117  2236  2319 I flutter :       "hybrid_current_account": null
12-21 08:38:20.117  2236  2319 I flutter :     },
12-21 08:38:20.117  2236  2319 I flutter :     {
12-21 08:38:20.117  2236  2319 I flutter :       "available_balance": "0.0",
12-21 08:38:20.117  2236  2319 I flutter :       "total_balance": "0.0",
12-21 08:38:20.117  2236  2319 I flutter :       "currency_code": "756",
12-21 08:38:20.117  2236  2319 I flutter :       "name": "Swiss Franc",
12-21 08:38:20.117  2236  2319 I flutter :       "code": "CHF",
12-21 08:38:20.117  2236  2319 I flutter :       "numeric_code": "756",
12-21 08:38:20.117  2236  2319 I flutter :       "buy_rate": 4.051,
12-21 08:38:20.117  2236  2319 I flutter :       "sell_rate": 4.071,
12-21 08:38:20.117  2236  2319 I flutter :       "unit": "1",
12-21 08:38:20.117  2236  2319 I flutter :       "country": {
12-21 08:38:20.117  2236  2319 I flutter :         "id": 214,
12-21 08:38:20.117  2236  2319 I flutter :         "code": "CH"
12-21 08:38:20.117  2236  2319 I flutter :       },
12-21 08:38:20.117  2236  2319 I flutter :       "hybrid_current_account": null
12-21 08:38:20.117  2236  2319 I flutter :     },
12-21 08:38:20.117  2236  2319 I flutter :     {
12-21 08:38:20.117  2236  2319 I flutter :       "available_balance": "0.0",
12-21 08:38:20.117  2236  2319 I flutter :       "total_balance": "0.0",
12-21 08:38:20.117  2236  2319 I flutter :       "currency_code": "704",
12-21 08:38:20.117  2236  2319 I flutter :       "name": "Vietnam Dong",
12-21 08:38:20.117  2236  2319 I flutter :       "code": "VND",
12-21 08:38:20.117  2236  2319 I flutter :       "numeric_code": "704",
12-21 08:38:20.117  2236  2319 I flutter :       "buy_rate": 176.8,
12-21 08:38:20.117  2236  2319 I flutter :       "sell_rate": 178.0,
12-21 08:38:20.117  2236  2319 I flutter :       "unit": "1000000",
12-21 08:38:20.117  2236  2319 I flutter :       "country": {
12-21 08:38:20.117  2236  2319 I flutter :         "id": 166,
12-21 08:38:20.117  2236  2319 I flutter :         "code": "VN"
12-21 08:38:20.117  2236  2319 I flutter :       },
12-21 08:38:20.117  2236  2319 I flutter :       "hybrid_current_account": null
12-21 08:38:20.117  2236  2319 I flutter :     }
12-21 08:38:20.117  2236  2319 I flutter :   ],
12-21 08:38:20.117  2236  2319 I flutter :   "favourite_currency": [
12-21 08:38:20.117  2236  2319 I flutter :     "840"
12-21 08:38:20.117  2236  2319 I flutter :   ]
12-21 08:38:20.117  2236  2319 I flutter : }[0m
12-21 08:38:20.117  2236  2319 I flutter : Network log [37m[0m
12-21 08:38:20.121  2236  2319 I flutter : Network log [33m[Request] ->[0m
12-21 08:38:20.121  2236  2319 I flutter : Network log [33mUri: https://mmpv2vuat.digitalmta.com/banner?banner_type=Promotion[0m
12-21 08:38:20.121  2236  2319 I flutter : Network log [33mMethod: GET[0m
12-21 08:38:20.121  2236  2319 I flutter : Network log [33mResponse Type: ResponseType.json[0m
12-21 08:38:20.121  2236  2319 I flutter : Network log [33mFollow Redirects: true[0m
12-21 08:38:20.121  2236  2319 I flutter : Network log [33mConnection Timeout: 0:01:00.000000[0m
12-21 08:38:20.121  2236  2319 I flutter : Network log [33mSend Timeout: 0:01:00.000000[0m
12-21 08:38:20.121  2236  2319 I flutter : Network log [33mReceive Timeout: 0:01:00.000000[0m
12-21 08:38:20.121  2236  2319 I flutter : Network log [33mReceive Data When Status Error: true[0m
12-21 08:38:20.122  2236  2319 I flutter : Network log [33mExtra: {}[0m
12-21 08:38:20.122  2236  2319 I flutter : Network log [33mHeaders:[0m
12-21 08:38:20.122  2236  2319 I flutter : Network log [33m Request Body:
12-21 08:38:20.122  2236  2319 I flutter : null[0m
12-21 08:38:20.122  2236  2319 I flutter : Network log [37m[0m
12-21 08:38:20.122  2236  2319 I flutter : Network log [33m[Request] ->[0m
