12-20 16:16:21.040 16392 16517 I flutter :     {
12-20 16:16:21.040 16392 16517 I flutter :       "name": "BANGLADESH",
12-20 16:16:21.040 16392 16517 I flutter :       "code": "BD",
12-20 16:16:21.040 16392 16517 I flutter :       "alpha3_code": "BGD",
12-20 16:16:21.040 16392 16517 I flutter :       "is_high_risk": false,
12-20 16:16:21.040 16392 16517 I flutter :       "secondary_number_enabled": true,
12-20 16:16:21.040 16392 16517 I flutter :       "id": 34,
12-20 16:16:21.040 16392 16517 I flutter :       "nationality": null,
12-20 16:16:21.040 16392 16517 I flutter :       "dialing_code": "880",
12-20 16:16:21.040 16392 16517 I flutter :       "is_active": true
12-20 16:16:21.040 16392 16517 I flutter :     },
12-20 16:16:21.040 16392 16517 I flutter :     {
12-20 16:16:21.040 16392 16517 I flutter :       "name": "BHUTAN",
12-20 16:16:21.040 16392 16517 I flutter :       "code": "BT",
12-20 16:16:21.040 16392 16517 I flutter :       "alpha3_code": "BTN",
12-20 16:16:21.040 16392 16517 I flutter :       "is_high_risk": false,
12-20 16:16:21.040 16392 16517 I flutter :       "secondary_number_enabled": true,
12-20 16:16:21.040 16392 16517 I flutter :       "id": 230,
12-20 16:16:21.040 16392 16517 I flutter :       "nationality": null,
12-20 16:16:21.040 16392 16517 I flutter :       "dialing_code": "975",
12-20 16:16:21.040 16392 16517 I flutter :       "is_active": true
12-20 16:16:21.040 16392 16517 I flutter :     },
12-20 16:16:21.040 16392 16517 I flutter :     {
12-20 16:16:21.040 16392 16517 I flutter :       "name": "CHINA",
12-20 16:16:21.040 16392 16517 I flutter :       "code": "CN",
12-20 16:16:21.040 16392 16517 I flutter :       "alpha3_code": "CHN",
12-20 16:16:21.040 16392 16517 I flutter :       "is_high_risk": false,
12-20 16:16:21.040 16392 16517 I flutter :       "secondary_number_enabled": true,
12-20 16:16:21.040 16392 16517 I flutter :       "id": 123,
12-20 16:16:21.040 16392 16517 I flutter :       "nationality": null,
12-20 16:16:21.040 16392 16517 I flutter :       "dialing_code": "86",
12-20 16:16:21.040 16392 16517 I flutter :       "is_active": true
12-20 16:16:21.040 16392 16517 I flutter :     },
12-20 16:16:21.040 16392 16517 I flutter :     {
12-20 16:16:21.040 16392 16517 I flutter :       "name": "INDIA",
12-20 16:16:21.040 16392 16517 I flutter :       "code": "IN",
12-20 16:16:21.040 16392 16517 I flutter :       "alpha3_code": "IND",
12-20 16:16:21.040 16392 16517 I flutter :       "is_high_risk": false,
12-20 16:16:21.040 16392 16517 I flutter :       "secondary_number_enabled": true,
12-20 16:16:21.040 16392 16517 I flutter :       "id": 12,
12-20 16:16:21.040 16392 16517 I flutter :       "nationality": null,
12-20 16:16:21.040 16392 16517 I flutter :       "dialing_code": "91",
12-20 16:16:21.040 16392 16517 I flutter :       "is_active": true
12-20 16:16:21.040 16392 16517 I flutter :     },
12-20 16:16:21.040 16392 16517 I flutter :     {
12-20 16:16:21.040 16392 16517 I flutter :       "name": "INDONESIA",
12-20 16:16:21.040 16392 16517 I flutter :       "code": "ID",
12-20 16:16:21.040 16392 16517 I flutter :       "alpha3_code": "IDN",
12-20 16:16:21.040 16392 16517 I flutter :       "is_high_risk": false,
12-20 16:16:21.040 16392 16517 I flutter :       "secondary_number_enabled": true,
12-20 16:16:21.040 16392 16517 I flutter :       "id": 9,
12-20 16:16:21.040 16392 16517 I flutter :       "nationality": null,
12-20 16:16:21.040 16392 16517 I flutter :       "dialing_code": "62",
12-20 16:16:21.040 16392 16517 I flutter :       "is_active": true
12-20 16:16:21.040 16392 16517 I flutter :     },
12-20 16:16:21.040 16392 16517 I flutter :     {
12-20 16:16:21.040 16392 16517 I flutter :       "name": "MYANMAR",
12-20 16:16:21.040 16392 16517 I flutter :       "code": "MM",
12-20 16:16:21.040 16392 16517 I flutter :       "alpha3_code": "MMR",
12-20 16:16:21.040 16392 16517 I flutter :       "is_high_risk": false,
12-20 16:16:21.040 16392 16517 I flutter :       "secondary_number_enabled": true,
12-20 16:16:21.040 16392 16517 I flutter :       "id": 16,
12-20 16:16:21.040 16392 16517 I flutter :       "nationality": null,
12-20 16:16:21.040 16392 16517 I flutter :       "dialing_code": "95",
12-20 16:16:21.040 16392 16517 I flutter :       "is_active": true
12-20 16:16:21.040 16392 16517 I flutter :     },
12-20 16:16:21.040 16392 16517 I flutter :     {
12-20 16:16:21.040 16392 16517 I flutter :       "name": "NEPAL",
12-20 16:16:21.040 16392 16517 I flutter :       "code": "NP",
12-20 16:16:21.040 16392 16517 I flutter :       "alpha3_code": "NPL",
12-20 16:16:21.040 16392 16517 I flutter :       "is_high_risk": false,
12-20 16:16:21.040 16392 16517 I flutter :       "secondary_number_enabled": true,
12-20 16:16:21.040 16392 16517 I flutter :       "id": 89,
12-20 16:16:21.041 16392 16517 I flutter :       "nationality": null,
12-20 16:16:21.041 16392 16517 I flutter :       "dialing_code": "977",
12-20 16:16:21.041 16392 16517 I flutter :       "is_active": true
12-20 16:16:21.041 16392 16517 I flutter :     },
12-20 16:16:21.041 16392 16517 I flutter :     {
12-20 16:16:21.041 16392 16517 I flutter :       "name": "PAKISTAN",
12-20 16:16:21.041 16392 16517 I flutter :       "code": "PK",
12-20 16:16:21.041 16392 16517 I flutter :       "alpha3_code": "PAK",
12-20 16:16:21.041 16392 16517 I flutter :       "is_high_risk": false,
12-20 16:16:21.041 16392 16517 I flutter :       "secondary_number_enabled": true,
12-20 16:16:21.041 16392 16517 I flutter :       "id": 153,
12-20 16:16:21.041 16392 16517 I flutter :       "nationality": null,
12-20 16:16:21.041 16392 16517 I flutter :       "dialing_code": "92",
12-20 16:16:21.041 16392 16517 I flutter :       "is_active": true
12-20 16:16:21.041 16392 16517 I flutter :     },
12-20 16:16:21.041 16392 16517 I flutter :     {
12-20 16:16:21.041 16392 16517 I flutter :       "name": "PHILIPPINES",
12-20 16:16:21.041 16392 16517 I flutter :       "code": "PH",
12-20 16:16:21.041 16392 16517 I flutter :       "alpha3_code": "PHL",
12-20 16:16:21.041 16392 16517 I flutter :       "is_high_risk": false,
12-20 16:16:21.041 16392 16517 I flutter :       "secondary_number_enabled": true,
12-20 16:16:21.041 16392 16517 I flutter :       "id": 152,
12-20 16:16:21.041 16392 16517 I flutter :       "nationality": null,
12-20 16:16:21.041 16392 16517 I flutter :       "dialing_code": "63",
12-20 16:16:21.041 16392 16517 I flutter :       "is_active": true
12-20 16:16:21.041 16392 16517 I flutter :     },
12-20 16:16:21.041 16392 16517 I flutter :     {
12-20 16:16:21.041 16392 16517 I flutter :       "name": "SINGAPORE",
12-20 16:16:21.041 16392 16517 I flutter :       "code": "SG",
12-20 16:16:21.041 16392 16517 I flutter :       "alpha3_code": "SGP",
12-20 16:16:21.041 16392 16517 I flutter :       "is_high_risk": false,
12-20 16:16:21.041 16392 16517 I flutter :       "secondary_number_enabled": true,
12-20 16:16:21.041 16392 16517 I flutter :       "id": 119,
12-20 16:16:21.041 16392 16517 I flutter :       "nationality": null,
12-20 16:16:21.041 16392 16517 I flutter :       "dialing_code": "65",
12-20 16:16:21.041 16392 16517 I flutter :       "is_active": true
12-20 16:16:21.041 16392 16517 I flutter :     },
12-20 16:16:21.041 16392 16517 I flutter :     {
12-20 16:16:21.041 16392 16517 I flutter :       "name": "SRI LANKA",
12-20 16:16:21.041 16392 16517 I flutter :       "code": "LK",
12-20 16:16:21.041 16392 16517 I flutter :       "alpha3_code": "LKA",
12-20 16:16:21.041 16392 16517 I flutter :       "is_high_risk": false,
12-20 16:16:21.041 16392 16517 I flutter :       "secondary_number_enabled": true,
12-20 16:16:21.041 16392 16517 I flutter :       "id": 138,
12-20 16:16:21.041 16392 16517 I flutter :       "nationality": null,
12-20 16:16:21.041 16392 16517 I flutter :       "dialing_code": "94",
12-20 16:16:21.041 16392 16517 I flutter :       "is_active": true
12-20 16:16:21.041 16392 16517 I flutter :     },
12-20 16:16:21.041 16392 16517 I flutter :     {
12-20 16:16:21.041 16392 16517 I flutter :       "name": "THAILAND",
12-20 16:16:21.041 16392 16517 I flutter :       "code": "TH",
12-20 16:16:21.041 16392 16517 I flutter :       "alpha3_code": "THA",
12-20 16:16:21.041 16392 16517 I flutter :       "is_high_risk": false,
12-20 16:16:21.041 16392 16517 I flutter :       "secondary_number_enabled": true,
12-20 16:16:21.041 16392 16517 I flutter :       "id": 175,
12-20 16:16:21.041 16392 16517 I flutter :       "nationality": null,
12-20 16:16:21.041 16392 16517 I flutter :       "dialing_code": "66",
12-20 16:16:21.041 16392 16517 I flutter :       "is_active": true
12-20 16:16:21.041 16392 16517 I flutter :     },
12-20 16:16:21.041 16392 16517 I flutter :     {
12-20 16:16:21.041 16392 16517 I flutter :       "name": "VIETNAM",
12-20 16:16:21.041 16392 16517 I flutter :       "code": "VN",
12-20 16:16:21.041 16392 16517 I flutter :       "alpha3_code": "VNM",
12-20 16:16:21.041 16392 16517 I flutter :       "is_high_risk": false,
12-20 16:16:21.041 16392 16517 I flutter :       "secondary_number_enabled": true,
12-20 16:16:21.041 16392 16517 I flutter :       "id": 166,
12-20 16:16:21.041 16392 16517 I flutter :       "nationality": null,
12-20 16:16:21.041 16392 16517 I flutter :       "dialing_code": "84",
12-20 16:16:21.041 16392 16517 I flutter :       "is_active": true
12-20 16:16:21.041 16392 16517 I flutter :     }
12-20 16:16:21.041 16392 16517 I flutter :   ]
12-20 16:16:21.041 16392 16517 I flutter : }[0m
12-20 16:16:21.041 16392 16517 I flutter : Network log [37m[0m
12-20 16:16:21.331  1488  1488 I GoogleInputMethodService: GoogleInputMethodService.onFinishInput():3220 
12-20 16:16:21.333 16392 16392 D InputMethodManager: showSoftInput() view=io.flutter.embedding.android.FlutterView{ffa11fa VFED..... .F....ID 0,0-1080,2100 #2 aid=1073741824} flags=0 reason=SHOW_SOFT_INPUT
12-20 16:16:21.336  1488  1488 I GoogleInputMethodService: GoogleInputMethodService.updateDeviceLockedStatus():2114 repeatCheckTimes = 0, unlocked = true
12-20 16:16:21.337  1488  1488 I GoogleInputMethodService: GoogleInputMethodService.onStartInput():1919 onStartInput(EditorInfo{inputType=0x2(Number) imeOptions=0x2000006 privateImeOptions=null actionName=DONE actionLabel=null actionId=0 initialSelStart=0 initialSelEnd=0 initialCapsMode=0x0 hintText=null label=null packageName=ai.vanillatech.mmp.uat fieldId=2 fieldName=null extras=null}, false)
12-20 16:16:21.337  1488  1488 I GoogleInputMethodService: GoogleInputMethodService.updateDeviceLockedStatus():2114 repeatCheckTimes = 2, unlocked = true
12-20 16:16:21.356  1488  1488 I GoogleInputMethodService: GoogleInputMethodService.onStartInputView():2023 onStartInputView(EditorInfo{inputType=0x2(Number) imeOptions=0x2000006 privateImeOptions=null actionName=DONE actionLabel=null actionId=0 initialSelStart=0 initialSelEnd=0 initialCapsMode=0x0 hintText=null label=null packageName=ai.vanillatech.mmp.uat fieldId=2 fieldName=null extras=null}, false)
12-20 16:16:21.356  1488  1488 I GoogleInputMethodService: GoogleInputMethodService.updateDeviceLockedStatus():2114 repeatCheckTimes = 2, unlocked = true
12-20 16:16:21.367  1488  1529 I DeviceModeUtil: DeviceModeUtil.getDeviceMode():117 Get device mode phone by ui mode:1 and smallestScreenWidthDp:432
12-20 16:16:21.404 16392 16392 D InputMethodManager: showSoftInput() view=io.flutter.embedding.android.FlutterView{ffa11fa VFED..... .F...... 0,0-1080,2100 #2 aid=1073741824} flags=0 reason=SHOW_SOFT_INPUT
12-20 16:16:21.416  1488  1488 I KeyboardViewUtil: KeyboardViewUtil.getKeyboardHeightRatio():168 systemKeyboardHeightRatio:1.000000; userKeyboardHeightRatio:1.000000.
12-20 16:16:21.418   240 16276 I keystore2: keystore2::watchdog: Watchdog thread idle -> terminating. Have a great day.
12-20 16:16:21.424  1488  1488 I KeyboardViewUtil: KeyboardViewUtil.calculateMaxKeyboardBodyHeight():44 leave 338 height for app when screen height:2040, header height:110 and isFullscreenMode:false, so the max keyboard body height is:1592
12-20 16:16:21.425  1488  1488 W Keyboard: Keyboard.getKeyboardViewHelper():611 null helper is returned: keyboardDef=hyz{className=.latin.keyboard.LatinNumberKeyboard, id=#0x7f0b062a, initialStates=0, keyboardViewDefs=[hzr{direction=LOCALE, id=#0x7f0b013c, isScalable=false, layoutId=#0x7f0e03db, type=HEADER, touchable=true}, hzr{direction=null, id=#0x7f0b013c, isScalable=true, layoutId=#0x7f0e041e, type=BODY, touchable=true}], keyTextSizeRatio=1.0, persistentStates=0, persistentStatesPrefKey=null, popupBubbleLayoutId=#0x7f0e04a2, recentKeyLayoutId=0, recentKeyPopupLayoutId=0, recentKeyType=null, rememberRecentKey=NONE, sessionStates=0}, type=FLOATING_CANDIDATES, helpersCreated=[hro@3f5e928, hro@9aea641, null], 
12-20 16:16:21.426  1488  1488 W Keyboard: Keyboard.getKeyboardViewHelper():611 null helper is returned: keyboardDef=hyz{className=.latin.keyboard.LatinNumberKeyboard, id=#0x7f0b062a, initialStates=0, keyboardViewDefs=[hzr{direction=LOCALE, id=#0x7f0b013c, isScalable=false, layoutId=#0x7f0e03db, type=HEADER, touchable=true}, hzr{direction=null, id=#0x7f0b013c, isScalable=true, layoutId=#0x7f0e041e, type=BODY, touchable=true}], keyTextSizeRatio=1.0, persistentStates=0, persistentStatesPrefKey=null, popupBubbleLayoutId=#0x7f0e04a2, recentKeyLayoutId=0, recentKeyPopupLayoutId=0, recentKeyType=null, rememberRecentKey=NONE, sessionStates=0}, type=FLOATING_CANDIDATES, helpersCreated=[hro@3f5e928, hro@9aea641, null], 
12-20 16:16:21.427  1488  1488 I DeviceModeUtil: DeviceModeUtil.getDeviceMode():117 Get device mode phone by ui mode:1 and smallestScreenWidthDp:432
12-20 16:16:21.427  1488  1488 I DeviceModeUtil: DeviceModeUtil.getDeviceMode():117 Get device mode phone by ui mode:1 and smallestScreenWidthDp:432
12-20 16:16:21.427  1488  1488 I NormalModeController: NormalModeController.getKeyboardBodyViewHolderPaddingBottom():111 currentPrimeKeyboardType:SOFT systemPaddingBottom:-1
12-20 16:16:21.428  1488  1488 I NormalModeController: NormalModeController.getKeyboardBodyViewHolderPaddingBottom():111 currentPrimeKeyboardType:SOFT systemPaddingBottom:-1
12-20 16:16:21.433  1488  1488 I CurrentMicStatusHolder: CurrentMicStatusHolder.onStartInputView():79 Current Mic status = {MicIconHidden-SettingOff,MicIconHidden-PasswordOrNumberOrDateInputType,}
12-20 16:16:21.433  1488  1488 I VoiceImeExtension: VoiceImeExtension.shouldStartVoiceInputAutomatically():382 No private IME option set to start voice input.
12-20 16:16:21.437 16392 16392 W OnBackInvokedCallback: OnBackInvokedCallback is not enabled for the application.
12-20 16:16:21.437 16392 16392 W OnBackInvokedCallback: Set 'android:enableOnBackInvokedCallback="true"' in the application manifest.
12-20 16:16:21.447 31924 31924 D BoundBrokerSvc: onBind: Intent { act=com.google.firebase.dynamiclinks.service.START pkg=com.google.android.gms }
12-20 16:16:21.447 31924 31924 D BoundBrokerSvc: Loading bound service for intent: Intent { act=com.google.firebase.dynamiclinks.service.START pkg=com.google.android.gms }
12-20 16:16:21.495   418   514 W TransactionTracing: Could not find layer id -1
12-20 16:16:21.503 16392 16392 D InsetsController: show(ime(), fromIme=true)
12-20 16:16:21.517 16392 16392 D InsetsController: show(ime(), fromIme=true)
12-20 16:16:21.600 31924 31924 D BoundBrokerSvc: onBind: Intent { act=com.google.android.gms.common.BIND_SHARED_PREFS pkg=com.google.android.gms }
12-20 16:16:21.600 31924 31924 D BoundBrokerSvc: Loading bound service for intent: Intent { act=com.google.android.gms.common.BIND_SHARED_PREFS pkg=com.google.android.gms }
12-20 16:16:21.602 31924 31924 D BoundBrokerSvc: onUnbind: Intent { act=com.google.android.gms.common.BIND_SHARED_PREFS pkg=com.google.android.gms }
12-20 16:16:21.606 31924 31924 D BoundBrokerSvc: onBind: Intent { act=com.google.android.gms.common.BIND_SHARED_PREFS pkg=com.google.android.gms }
12-20 16:16:21.606 31924 31924 D BoundBrokerSvc: Loading bound service for intent: Intent { act=com.google.android.gms.common.BIND_SHARED_PREFS pkg=com.google.android.gms }
12-20 16:16:21.606 31924 31924 D BoundBrokerSvc: onUnbind: Intent { act=com.google.android.gms.common.BIND_SHARED_PREFS pkg=com.google.android.gms }
12-20 16:16:21.608 16392 16518 D EGL_emulation: app_time_stats: avg=143.84ms min=39.22ms max=285.52ms count=7
12-20 16:16:21.898 16392 16498 D EGL_emulation: app_time_stats: avg=37.46ms min=0.59ms max=507.71ms count=20
12-20 16:16:22.011   765  1001 D EGL_emulation: app_time_stats: avg=7.87ms min=0.42ms max=40.21ms count=60
12-20 16:16:22.102 16392 16517 I flutter : headerPost= {}
12-20 16:16:22.108 16392 16517 I flutter : Network log [33m[Request] ->[0m
12-20 16:16:22.108 16392 16517 I flutter : Network log [33mUri: https://mmpv2vuat.digitalmta.com/user/login[0m
12-20 16:16:22.109 16392 16517 I flutter : Network log [33mMethod: POST[0m
12-20 16:16:22.109 16392 16517 I flutter : Network log [33mResponse Type: ResponseType.json[0m
12-20 16:16:22.109 16392 16517 I flutter : Network log [33mFollow Redirects: true[0m
12-20 16:16:22.109 16392 16517 I flutter : Network log [33mConnection Timeout: 0:01:00.000000[0m
12-20 16:16:22.109 16392 16517 I flutter : Network log [33mSend Timeout: 0:01:00.000000[0m
12-20 16:16:22.109 16392 16517 I flutter : Network log [33mReceive Timeout: 0:01:00.000000[0m
12-20 16:16:22.109 16392 16517 I flutter : Network log [33mReceive Data When Status Error: true[0m
12-20 16:16:22.109 16392 16517 I flutter : Network log [33mExtra: {}[0m
12-20 16:16:22.109 16392 16517 I flutter : Network log [33mHeaders:[0m
12-20 16:16:22.109 16392 16517 I flutter : Network log [33m	content-type: application/json[0m
12-20 16:16:22.109 16392 16517 I flutter : Network log [33m[Json] Request Body:
12-20 16:16:22.109 16392 16517 I flutter : {
12-20 16:16:22.109 16392 16517 I flutter :   "phone_number": "603113113111"
12-20 16:16:22.109 16392 16517 I flutter : }[0m
12-20 16:16:22.109 16392 16517 I flutter : Network log [37m[0m
12-20 16:16:22.120  1488  1488 I GoogleInputMethodService: GoogleInputMethodService.onFinishInputView():2266 
12-20 16:16:22.126  1488  1488 W TooltipLifecycleManager: TooltipLifecycleManager.dismissTooltips():159 Tooltip with id spell_check_add_to_dictionary not found in tooltipManager.
12-20 16:16:22.380 16392 16517 I flutter : Network log [32m[Response] ->[0m
12-20 16:16:22.380 16392 16517 I flutter : Network log [32mUri: https://mmpv2vuat.digitalmta.com/user/login[0m
12-20 16:16:22.380 16392 16517 I flutter : Network log [32mRequest Method: POST[0m
12-20 16:16:22.380 16392 16517 I flutter : Network log [32mStatus Code: 200[0m
12-20 16:16:22.380 16392 16517 I flutter : Network log [32mHeaders:[0m
12-20 16:16:22.380 16392 16517 I flutter : Network log [32m	connection: keep-alive[0m
12-20 16:16:22.380 16392 16517 I flutter : Network log [32m	content-type: application/json[0m
12-20 16:16:22.380 16392 16517 I flutter : Network log [32m	date: Wed, 20 Dec 2023 10:31:23 GMT[0m
12-20 16:16:22.380 16392 16517 I flutter : Network log [32m	server: uvicorn[0m
12-20 16:16:22.380 16392 16517 I flutter : Network log [32m	content-length: 45[0m
12-20 16:16:22.380 16392 16517 I flutter : Network log [32mResponse Body:
12-20 16:16:22.380 16392 16517 I flutter : {
12-20 16:16:22.380 16392 16517 I flutter :   "id": "2c2ce8c5-b1ac-4ee7-a2a0-be9b198d46d9"
12-20 16:16:22.380 16392 16517 I flutter : }[0m
12-20 16:16:22.380 16392 16517 I flutter : Network log [37m[0m
12-20 16:16:22.675 16392 16518 D EGL_emulation: app_time_stats: avg=96.96ms min=19.41ms max=206.82ms count=11
12-20 16:16:22.823   765  1001 D EGL_emulation: app_time_stats: avg=3322.82ms min=3322.82ms max=3322.82ms count=1
12-20 16:16:23.044   418   514 W TransactionTracing: Could not find layer handle 0xb4000076cd350470
12-20 16:16:23.225 31924 31924 D BoundBrokerSvc: onUnbind: Intent { act=com.google.android.gms.feedback.internal.IFeedbackService dat=chimera-action:/... cmp=com.google.android.gms/.chimera.GmsBoundBrokerService }
12-20 16:16:23.330   576   605 I UsageStatsService: User[0] Flushing usage stats to disk
12-20 16:16:23.543   469  5657 D BufferPoolAccessor2.0: bufferpool2 0xb4000071a14e9ed8 : 0(0 size) total buffers - 0(0 size) used buffers - 96/104 (recycle/alloc) - 8/198 (fetch/transfer)
12-20 16:16:23.543   469  5657 D BufferPoolAccessor2.0: evictor expired: 1, evicted: 1
12-20 16:16:23.557   481   790 D BufferPoolAccessor2.0: bufferpool2 0xb400007881e642a8 : 0(0 size) total buffers - 0(0 size) used buffers - 93/97 (recycle/alloc) - 4/96 (fetch/transfer)
12-20 16:16:23.557   481   790 D BufferPoolAccessor2.0: evictor expired: 1, evicted: 1
12-20 16:16:23.728 16392 16518 D EGL_emulation: app_time_stats: avg=86.00ms min=2.60ms max=134.96ms count=12
12-20 16:16:24.096   760   760 I wpa_supplicant: wlan0: CTRL-EVENT-BEACON-LOSS 
12-20 16:16:24.779 16392 16518 D EGL_emulation: app_time_stats: avg=69.99ms min=11.71ms max=118.16ms count=15
12-20 16:16:25.829 16392 16518 D EGL_emulation: app_time_stats: avg=87.50ms min=14.16ms max=126.03ms count=12
12-20 16:16:25.949   393   393 E android.hardware.power.stats@1.0-service-mock: Failed to getEnergyData
12-20 16:16:26.545 16392 16517 I flutter : headerPost= {}
12-20 16:16:26.547 16392 16517 I flutter : Network log [33m[Request] ->[0m
12-20 16:16:26.548 16392 16517 I flutter : Network log [33mUri: https://mmpv2vuat.digitalmta.com/user/2c2ce8c5-b1ac-4ee7-a2a0-be9b198d46d9/validate-otp[0m
12-20 16:16:26.548 16392 16517 I flutter : Network log [33mMethod: POST[0m
12-20 16:16:26.548 16392 16517 I flutter : Network log [33mResponse Type: ResponseType.json[0m
12-20 16:16:26.548 16392 16517 I flutter : Network log [33mFollow Redirects: true[0m
12-20 16:16:26.548 16392 16517 I flutter : Network log [33mConnection Timeout: 0:01:00.000000[0m
12-20 16:16:26.548 16392 16517 I flutter : Network log [33mSend Timeout: 0:01:00.000000[0m
12-20 16:16:26.548 16392 16517 I flutter : Network log [33mReceive Timeout: 0:01:00.000000[0m
12-20 16:16:26.548 16392 16517 I flutter : Network log [33mReceive Data When Status Error: true[0m
12-20 16:16:26.548 16392 16517 I flutter : Network log [33mExtra: {}[0m
12-20 16:16:26.548 16392 16517 I flutter : Network log [33mHeaders:[0m
12-20 16:16:26.549 16392 16517 I flutter : Network log [33m	content-type: application/json[0m
12-20 16:16:26.549 16392 16517 I flutter : Network log [33m[Json] Request Body:
12-20 16:16:26.549 16392 16517 I flutter : {
12-20 16:16:26.549 16392 16517 I flutter :   "otp": "123456"
12-20 16:16:26.549 16392 16517 I flutter : }[0m
12-20 16:16:26.549 16392 16517 I flutter : Network log [37m[0m
12-20 16:16:26.556   368 16628 I resolv  : GetAddrInfoHandler::run: {101 101 101 983141 10186 0}
12-20 16:16:26.558   368 16629 I resolv  : res_nmkquery: (QUERY, IN, A)
12-20 16:16:26.558   368 16629 I resolv  : resolv_cache_lookup: FOUND IN CACHE entry=0xb40000755413e9f0
12-20 16:16:26.558   368 16629 I resolv  : doQuery: rcode=0, ancount=3, return value=138
12-20 16:16:26.574   368 16630 I resolv  : GetAddrInfoHandler::run: {101 101 101 983141 10186 0}
12-20 16:16:26.574   368 16631 I resolv  : res_nmkquery: (QUERY, IN, AAAA)
12-20 16:16:26.575   368 16631 I resolv  : resolv_cache_lookup: FOUND IN CACHE entry=0xb400007564136c10
12-20 16:16:26.575   368 16631 I resolv  : doQuery: rcode=0, ancount=1, return value=188
12-20 16:16:26.575   368 16632 I resolv  : GetAddrInfoHandler::run: {101 101 101 983141 10186 0}
12-20 16:16:26.575   368 16633 I resolv  : res_nmkquery: (QUERY, IN, AAAA)
12-20 16:16:26.575   368 16633 I resolv  : resolv_cache_lookup: FOUND IN CACHE entry=0xb400007564136c10
12-20 16:16:26.575   368 16633 I resolv  : doQuery: rcode=0, ancount=1, return value=188
12-20 16:16:26.899 16392 16518 D EGL_emulation: app_time_stats: avg=71.27ms min=11.77ms max=122.35ms count=15
12-20 16:16:26.987 16392 16517 I flutter : Network log [32m[Response] ->[0m
12-20 16:16:26.987 16392 16517 I flutter : Network log [32mUri: https://mmpv2vuat.digitalmta.com/user/2c2ce8c5-b1ac-4ee7-a2a0-be9b198d46d9/validate-otp[0m
12-20 16:16:26.987 16392 16517 I flutter : Network log [32mRequest Method: POST[0m
12-20 16:16:26.987 16392 16517 I flutter : Network log [32mStatus Code: 200[0m
12-20 16:16:26.987 16392 16517 I flutter : Network log [32mHeaders:[0m
12-20 16:16:26.987 16392 16517 I flutter : Network log [32m	connection: keep-alive[0m
12-20 16:16:26.987 16392 16517 I flutter : Network log [32m	content-type: application/json[0m
12-20 16:16:26.987 16392 16517 I flutter : Network log [32m	date: Wed, 20 Dec 2023 10:31:28 GMT[0m
12-20 16:16:26.987 16392 16517 I flutter : Network log [32m	server: uvicorn[0m
12-20 16:16:26.987 16392 16517 I flutter : Network log [32m	content-length: 434[0m
12-20 16:16:26.987 16392 16517 I flutter : Network log [32mResponse Body:
12-20 16:16:26.987 16392 16517 I flutter : {
12-20 16:16:26.987 16392 16517 I flutter :   "security_phrase": "p1o2i3u4",
12-20 16:16:26.987 16392 16517 I flutter :   "access_token": "eyJhbGciOiJIUzI1NiIsInR5cCI6IkpXVCJ9.eyJzdWIiOiI2MDMxMTMxMTMxMTEiLCJleHAiOjE3MzQ2MDQyODh9.KxLak22l3Qg5xVBJowXPL3tDKTWjspgL1uYEXbTK4vs",
12-20 16:16:26.987 16392 16517 I flutter :   "user": {
12-20 16:16:26.987 16392 16517 I flutter :     "name": "VIVO SKIP NML",
12-20 16:16:26.987 16392 16517 I flutter :     "email": "vivo@skip.com",
12-20 16:16:26.987 16392 16517 I flutter :     "profile_picture": "https://d1t0u2ql2wp61b.cloudfront.net/mmp_documents/id_cards/scaled_d3lcdmk-e4b8318f-d32d-409c-8913-e49cfb525344.png",
12-20 16:16:26.987 16392 16517 I flutter :     "phone_number": "603113113111",
12-20 16:16:26.987 16392 16517 I flutter :     "secondary_phone_number": null
12-20 16:16:26.987 16392 16517 I flutter :   }
12-20 16:16:26.987 16392 16517 I flutter : }[0m
12-20 16:16:26.987 16392 16517 I flutter : Network log [37m[0m
12-20 16:16:27.376  2737  2737 I logd    : start watching /data/system/packages.list ...
12-20 16:16:27.376  2737  2737 I logd    : ReadPackageList, total packages: 186
12-20 16:16:27.523 31924 31924 D BoundBrokerSvc: onUnbind: Intent { act=com.google.android.gms.measurement.START pkg=com.google.android.gms }
12-20 16:16:27.530 24684 24773 D BtGatt.ScanManager: uid 10118 isForeground true scanMode -1
12-20 16:16:27.530 24684 24773 D BtGatt.ScanManager: uid 10118 isForeground true scanMode -1
12-20 16:16:27.964 16392 16518 D EGL_emulation: app_time_stats: avg=87.42ms min=2.35ms max=125.57ms count=12
12-20 16:16:29.012 16392 16518 D EGL_emulation: app_time_stats: avg=69.85ms min=10.86ms max=118.31ms count=15
12-20 16:16:30.061 16392 16518 D EGL_emulation: app_time_stats: avg=87.41ms min=8.84ms max=117.75ms count=12
12-20 16:16:31.113 16392 16518 D EGL_emulation: app_time_stats: avg=70.06ms min=10.52ms max=117.82ms count=15
12-20 16:16:31.396   368 16636 I resolv  : GetAddrInfoHandler::run: {101 786533 101 983141 10118 0}
12-20 16:16:31.398   368 16637 I resolv  : res_nmkquery: (QUERY, IN, AAAA)
12-20 16:16:31.398   368 16637 I resolv  : res_stats_usable_server: too many resolution errors, ignoring server
12-20 16:16:31.398   368 16638 I resolv  : res_nmkquery: (QUERY, IN, A)
12-20 16:16:31.400   368 16638 I resolv  : res_stats_usable_server: too many resolution errors, ignoring server
12-20 16:16:31.411   368 16637 I resolv  : res_nsend: used send_dg 65 terrno: 0
12-20 16:16:31.412   368 16637 I resolv  : doQuery: rcode=0, ancount=1, return value=65
12-20 16:16:31.412   368 16638 I resolv  : res_nsend: used send_dg 53 terrno: 0
12-20 16:16:31.412   368 16638 I resolv  : doQuery: rcode=0, ancount=1, return value=53
12-20 16:16:31.418 31924 16634 D TrafficStats: tagSocket(129) with statsTag=0x20003300, statsUid=10186
12-20 16:16:31.595 16392 16517 I flutter : headerPost= {}
12-20 16:16:31.596 16392 16517 I flutter : Network log [33m[Request] ->[0m
12-20 16:16:31.597 16392 16517 I flutter : Network log [33mUri: https://mmpv2vuat.digitalmta.com/user/validate-passcode[0m
12-20 16:16:31.597 16392 16517 I flutter : Network log [33mMethod: POST[0m
12-20 16:16:31.597 16392 16517 I flutter : Network log [33mResponse Type: ResponseType.json[0m
12-20 16:16:31.597 16392 16517 I flutter : Network log [33mFollow Redirects: true[0m
12-20 16:16:31.597 16392 16517 I flutter : Network log [33mConnection Timeout: 0:01:00.000000[0m
12-20 16:16:31.597 16392 16517 I flutter : Network log [33mSend Timeout: 0:01:00.000000[0m
12-20 16:16:31.597 16392 16517 I flutter : Network log [33mReceive Timeout: 0:01:00.000000[0m
12-20 16:16:31.597 16392 16517 I flutter : Network log [33mReceive Data When Status Error: true[0m
12-20 16:16:31.597 16392 16517 I flutter : Network log [33mExtra: {}[0m
12-20 16:16:31.597 16392 16517 I flutter : Network log [33mHeaders:[0m
12-20 16:16:31.597 16392 16517 I flutter : Network log [33m	content-type: application/json[0m
12-20 16:16:31.597 16392 16517 I flutter : Network log [33m[Json] Request Body:
12-20 16:16:31.597 16392 16517 I flutter : {
12-20 16:16:31.597 16392 16517 I flutter :   "passcode": "123456"
12-20 16:16:31.597 16392 16517 I flutter : }[0m
12-20 16:16:31.597 16392 16517 I flutter : Network log [37m[0m
12-20 16:16:31.614   468   468 D AudioAnalytics: gc(1700, 2000): log size:1700 item map size:15, item map items:1700
12-20 16:16:31.637   368 16639 I resolv  : GetAddrInfoHandler::run: {101 101 101 983141 10186 0}
12-20 16:16:31.644   368 16640 I resolv  : res_nmkquery: (QUERY, IN, A)
12-20 16:16:31.644   368 16640 I resolv  : resolv_cache_lookup: FOUND IN CACHE entry=0xb40000755413e9f0
12-20 16:16:31.644   368 16640 I resolv  : doQuery: rcode=0, ancount=3, return value=138
12-20 16:16:31.662   368 16641 I resolv  : GetAddrInfoHandler::run: {101 101 101 983141 10186 0}
12-20 16:16:31.662   368 16642 I resolv  : res_nmkquery: (QUERY, IN, AAAA)
12-20 16:16:31.662   368 16642 I resolv  : resolv_cache_lookup: FOUND IN CACHE entry=0xb400007564136c10
12-20 16:16:31.662   368 16642 I resolv  : doQuery: rcode=0, ancount=1, return value=188
12-20 16:16:31.662   368 16643 I resolv  : GetAddrInfoHandler::run: {101 101 101 983141 10186 0}
12-20 16:16:31.662   368 16644 I resolv  : res_nmkquery: (QUERY, IN, AAAA)
12-20 16:16:31.662   368 16644 I resolv  : resolv_cache_lookup: FOUND IN CACHE entry=0xb400007564136c10
12-20 16:16:31.662   368 16644 I resolv  : doQuery: rcode=0, ancount=1, return value=188
12-20 16:16:31.747 31924 16238 W FA-SVC  : Config not found. Using empty config. appId: ai.vanillatech.mmp.uat
12-20 16:16:31.757 31924 16238 W FA-SVC  : Did not find measurement config or missing version info. appId: ai.vanillatech.mmp.uat
12-20 16:16:31.759 31924 16238 W FA-SVC  : Did not find measurement config or missing version info. appId: ai.vanillatech.mmp.uat
12-20 16:16:31.761 31924 16238 W FA-SVC  : Did not find measurement config or missing version info. appId: ai.vanillatech.mmp.uat
12-20 16:16:31.762 31924 16238 W FA-SVC  : Did not find measurement config or missing version info. appId: ai.vanillatech.mmp.uat
12-20 16:16:31.762 31924 16238 W FA-SVC  : Did not find measurement config or missing version info. appId: ai.vanillatech.mmp.uat
12-20 16:16:31.763 31924 16238 W FA-SVC  : Did not find measurement config or missing version info. appId: ai.vanillatech.mmp.uat
12-20 16:16:31.763 31924 16238 W FA-SVC  : Did not find measurement config or missing version info. appId: ai.vanillatech.mmp.uat
12-20 16:16:31.763 31924 16238 W FA-SVC  : Did not find measurement config or missing version info. appId: ai.vanillatech.mmp.uat
12-20 16:16:31.764 31924 16238 W FA-SVC  : Did not find measurement config or missing version info. appId: ai.vanillatech.mmp.uat
12-20 16:16:31.764 31924 16238 W FA-SVC  : Did not find measurement config or missing version info. appId: ai.vanillatech.mmp.uat
12-20 16:16:31.764 31924 16238 W FA-SVC  : Did not find measurement config or missing version info. appId: ai.vanillatech.mmp.uat
12-20 16:16:31.765 31924 16238 W FA-SVC  : Did not find measurement config or missing version info. appId: ai.vanillatech.mmp.uat
12-20 16:16:31.765 31924 16238 W FA-SVC  : Did not find measurement config or missing version info. appId: ai.vanillatech.mmp.uat
12-20 16:16:31.773 31924 16634 D TrafficStats: tagSocket(129) with statsTag=0x20003300, statsUid=10186
12-20 16:16:32.032   760   760 I wpa_supplicant: wlan0: CTRL-EVENT-BEACON-LOSS 
12-20 16:16:32.186 16392 16518 D EGL_emulation: app_time_stats: avg=89.31ms min=15.05ms max=121.09ms count=12
12-20 16:16:32.307 16392 16517 I flutter : Network log [32m[Response] ->[0m
12-20 16:16:32.307 16392 16517 I flutter : Network log [32mUri: https://mmpv2vuat.digitalmta.com/user/validate-passcode[0m
12-20 16:16:32.307 16392 16517 I flutter : Network log [32mRequest Method: POST[0m
12-20 16:16:32.307 16392 16517 I flutter : Network log [32mStatus Code: 200[0m
12-20 16:16:32.307 16392 16517 I flutter : Network log [32mHeaders:[0m
12-20 16:16:32.307 16392 16517 I flutter : Network log [32m	connection: keep-alive[0m
12-20 16:16:32.307 16392 16517 I flutter : Network log [32m	content-type: application/json[0m
12-20 16:16:32.307 16392 16517 I flutter : Network log [32m	date: Wed, 20 Dec 2023 10:31:33 GMT[0m
12-20 16:16:32.307 16392 16517 I flutter : Network log [32m	server: uvicorn[0m
12-20 16:16:32.307 16392 16517 I flutter : Network log [32m	content-length: 51[0m
12-20 16:16:32.307 16392 16517 I flutter : Network log [32mResponse Body:
12-20 16:16:32.307 16392 16517 I flutter : {
12-20 16:16:32.307 16392 16517 I flutter :   "msg": "Passcode has been validated successfully."
12-20 16:16:32.307 16392 16517 I flutter : }[0m
12-20 16:16:32.307 16392 16517 I flutter : Network log [37m[0m
12-20 16:16:32.510   418   514 W TransactionTracing: Could not find layer id -1
12-20 16:16:32.543 16392 16517 I flutter : Network log [33m[Request] ->[0m
12-20 16:16:32.543 16392 16517 I flutter : Network log [33mUri: https://mmpv2vuat.digitalmta.com/user-card/card-data[0m
12-20 16:16:32.543 16392 16517 I flutter : Network log [33mMethod: GET[0m
12-20 16:16:32.543 16392 16517 I flutter : Network log [33mResponse Type: ResponseType.json[0m
12-20 16:16:32.543 16392 16517 I flutter : Network log [33mFollow Redirects: true[0m
12-20 16:16:32.543 16392 16517 I flutter : Network log [33mConnection Timeout: 0:01:00.000000[0m
12-20 16:16:32.543 16392 16517 I flutter : Network log [33mSend Timeout: 0:01:00.000000[0m
12-20 16:16:32.543 16392 16517 I flutter : Network log [33mReceive Timeout: 0:01:00.000000[0m
12-20 16:16:32.543 16392 16517 I flutter : Network log [33mReceive Data When Status Error: true[0m
12-20 16:16:32.543 16392 16517 I flutter : Network log [33mExtra: {}[0m
12-20 16:16:32.543 16392 16517 I flutter : Network log [33mHeaders:[0m
12-20 16:16:32.543 16392 16517 I flutter : Network log [33m Request Body:
12-20 16:16:32.543 16392 16517 I flutter : null[0m
12-20 16:16:32.543 16392 16517 I flutter : Network log [37m[0m
12-20 16:16:33.234 16392 16518 D EGL_emulation: app_time_stats: avg=130.70ms min=44.54ms max=204.12ms count=8
12-20 16:16:33.701   765  1009 D ControlsListingControllerImpl: Subscribing callback, service count: 0
12-20 16:16:33.705   765  1009 D ControlsListingControllerImpl: Unsubscribing callback
12-20 16:16:33.810   418   514 W TransactionTracing: Could not find layer id -1
12-20 16:16:34.046   418   514 W TransactionTracing: Could not find layer id -1
12-20 16:16:34.046   418   514 W TransactionTracing: Could not find layer id -1
12-20 16:16:34.046   418   514 W TransactionTracing: Could not find layer id -1
12-20 16:16:34.046   418   514 W TransactionTracing: Could not find layer id -1
12-20 16:16:34.046   418   514 W TransactionTracing: Could not find layer id -1
12-20 16:16:34.263 16392 16518 D EGL_emulation: app_time_stats: avg=114.24ms min=98.75ms max=121.68ms count=9
12-20 16:16:35.212   418   514 W TransactionTracing: Could not find layer id -1
12-20 16:16:35.212   418   514 W TransactionTracing: Could not find layer id -1
12-20 16:16:35.313 16392 16518 D EGL_emulation: app_time_stats: avg=116.61ms min=114.91ms max=118.27ms count=9
12-20 16:16:36.362 16392 16518 D EGL_emulation: app_time_stats: avg=116.52ms min=103.99ms max=128.97ms count=9
12-20 16:16:36.639 31924 31924 D BoundBrokerSvc: onUnbind: Intent { act=com.google.firebase.dynamiclinks.service.START pkg=com.google.android.gms }
12-20 16:16:36.640   576  1835 I ActivityManager: Killing 14911:com.android.imsserviceentitlement/u0a111 (adj 985): empty #17
12-20 16:16:36.643   576   608 I libprocessgroup: Successfully killed process cgroup uid 10111 pid 14911 in 1ms
12-20 16:16:36.646   370   370 I Zygote  : Process 14911 exited due to signal 9 (Killed)
12-20 16:16:37.194   418   514 W TransactionTracing: Could not find layer id -1
12-20 16:16:37.411 16392 16518 D EGL_emulation: app_time_stats: avg=116.54ms min=113.98ms max=118.15ms count=9
12-20 16:16:38.462 16392 16518 D EGL_emulation: app_time_stats: avg=116.67ms min=115.18ms max=119.14ms count=9
12-20 16:16:39.512 16392 16518 D EGL_emulation: app_time_stats: avg=116.65ms min=115.34ms max=117.71ms count=9
12-20 16:16:40.225   760   760 I wpa_supplicant: wlan0: CTRL-EVENT-BEACON-LOSS 
12-20 16:16:40.548 16392 16518 D EGL_emulation: app_time_stats: avg=115.15ms min=103.27ms max=119.58ms count=9
12-20 16:16:41.599 16392 16518 D EGL_emulation: app_time_stats: avg=116.70ms min=101.87ms max=130.96ms count=9
12-20 16:16:42.312   418   514 W TransactionTracing: Could not find layer id -1
12-20 16:16:42.313   418   514 W TransactionTracing: Could not find layer id -1
12-20 16:16:42.647 16392 16518 D EGL_emulation: app_time_stats: avg=116.43ms min=113.91ms max=119.54ms count=9
12-20 16:16:43.679 16392 16518 D EGL_emulation: app_time_stats: avg=114.66ms min=102.32ms max=118.16ms count=9
12-20 16:16:44.728 16392 16518 D EGL_emulation: app_time_stats: avg=116.61ms min=113.64ms max=118.87ms count=9
12-20 16:16:45.780 16392 16518 D EGL_emulation: app_time_stats: avg=116.84ms min=113.64ms max=119.93ms count=9
12-20 16:16:46.828 16392 16518 D EGL_emulation: app_time_stats: avg=116.45ms min=114.79ms max=119.01ms count=9
12-20 16:16:47.879 16392 16518 D EGL_emulation: app_time_stats: avg=116.68ms min=114.69ms max=118.69ms count=9
12-20 16:16:48.160   760   760 I wpa_supplicant: wlan0: CTRL-EVENT-BEACON-LOSS 
12-20 16:16:48.930 16392 16518 D EGL_emulation: app_time_stats: avg=116.76ms min=114.88ms max=119.71ms count=9
12-20 16:16:49.962 16392 16518 D EGL_emulation: app_time_stats: avg=114.72ms min=102.70ms max=117.84ms count=9
12-20 16:16:51.012 16392 16518 D EGL_emulation: app_time_stats: avg=116.61ms min=115.12ms max=118.84ms count=9
12-20 16:16:52.063 16392 16518 D EGL_emulation: app_time_stats: avg=116.81ms min=115.22ms max=118.40ms count=9
12-20 16:16:53.098 16392 16518 D EGL_emulation: app_time_stats: avg=115.03ms min=102.73ms max=118.84ms count=9
12-20 16:16:54.129 16392 16518 D EGL_emulation: app_time_stats: avg=114.56ms min=102.52ms max=117.62ms count=9
12-20 16:16:55.181 16392 16518 D EGL_emulation: app_time_stats: avg=116.79ms min=115.15ms max=117.85ms count=9
12-20 16:16:56.094   760   760 I wpa_supplicant: wlan0: CTRL-EVENT-BEACON-LOSS 
12-20 16:16:56.229 16392 16518 D EGL_emulation: app_time_stats: avg=116.44ms min=114.95ms max=118.27ms count=9
12-20 16:16:57.264 16392 16518 D EGL_emulation: app_time_stats: avg=114.98ms min=103.01ms max=119.83ms count=9
12-20 16:16:58.280 16392 16518 D EGL_emulation: app_time_stats: avg=112.90ms min=101.72ms max=117.59ms count=9
12-20 16:16:59.297 16392 16518 D EGL_emulation: app_time_stats: avg=113.06ms min=102.73ms max=117.36ms count=9
12-20 16:16:59.503   765  1001 D EGL_emulation: app_time_stats: avg=4075.42ms min=6.14ms max=36559.03ms count=9
12-20 16:17:00.025  1570  1735 I AiAiEcho: Predicting[0]: 
12-20 16:17:00.025  1570  1735 I AiAiEcho: Ranked targets strategy: SORT, count: 0, ranking metadata: 
12-20 16:17:00.029  1570  1735 I AiAiEcho: #postPredictionTargets: Sending updates to UISurface lockscreen with targets# 0
12-20 16:17:00.029  1570  1735 I AiAiEcho: #postPredictionTargets: Sending updates to UISurface home with targets# 0
12-20 16:17:00.029  1570  1735 I AiAiEcho: #postPredictionTargets: Sending updates to UISurface media_data_manager with targets# 0
12-20 16:17:00.042  1082  1082 E BcSmartspaceCard: No tap action can be set up
12-20 16:17:00.349 16392 16518 D EGL_emulation: app_time_stats: avg=116.81ms min=115.36ms max=120.25ms count=9
12-20 16:17:01.295   418   514 W TransactionTracing: Could not find layer id -1
12-20 16:17:01.397 16392 16518 D EGL_emulation: app_time_stats: avg=116.45ms min=114.38ms max=117.74ms count=9
12-20 16:17:02.431 16392 16518 D EGL_emulation: app_time_stats: avg=114.92ms min=102.61ms max=129.75ms count=9
12-20 16:17:03.145   418   514 W TransactionTracing: Could not find layer id -1
12-20 16:17:03.145   418   514 W TransactionTracing: Could not find layer id -1
12-20 16:17:03.480 16392 16518 D EGL_emulation: app_time_stats: avg=116.53ms min=114.62ms max=118.44ms count=9
12-20 16:17:04.287   760   760 I wpa_supplicant: wlan0: CTRL-EVENT-BEACON-LOSS 
12-20 16:17:04.497 16392 16518 D EGL_emulation: app_time_stats: avg=113.00ms min=101.76ms max=118.86ms count=9
12-20 16:17:05.547 16392 16518 D EGL_emulation: app_time_stats: avg=116.66ms min=114.59ms max=118.35ms count=9
12-20 16:17:06.595 16392 16518 D EGL_emulation: app_time_stats: avg=116.48ms min=108.24ms max=123.48ms count=9
12-20 16:17:08.021   576   576 W Looper  : Slow delivery took 840ms main h=android.os.Handler c=com.android.internal.os.BinderCallsStats$1@915b64 m=0
12-20 16:17:08.035   576   677 W BatteryExternalStatsWorker: error reading Bluetooth stats: 11
12-20 16:17:08.049 16392 16517 I flutter : ══╡ EXCEPTION CAUGHT BY FLUTTER TEST FRAMEWORK ╞════════════════════════════════════════════════════
12-20 16:17:08.049 16392 16517 I flutter : The following assertion was thrown running a test:
12-20 16:17:08.049 16392 16517 I flutter : pumpAndSettle timed out
12-20 16:17:08.049 16392 16517 I flutter : 
12-20 16:17:08.049 16392 16517 I flutter : When the exception was thrown, this was the stack:
12-20 16:17:08.049 16392 16517 I flutter : #0      WidgetTester.pumpAndSettle.<anonymous closure> (package:flutter_test/src/widget_tester.dart:694:11)
12-20 16:17:08.049 16392 16517 I flutter : <asynchronous suspension>
12-20 16:17:08.049 16392 16517 I flutter : #1      TestAsyncUtils.guard.<anonymous closure> (package:flutter_test/src/test_async_utils.dart:117:7)
12-20 16:17:08.049 16392 16517 I flutter : <asynchronous suspension>
12-20 16:17:08.049 16392 16517 I flutter : #2      PatrolTester.pumpAndSettle (package:patrol_finders/src/custom_finders/patrol_tester.dart:167:5)
12-20 16:17:08.049 16392 16517 I flutter : <asynchronous suspension>
12-20 16:17:08.049 16392 16517 I flutter : #3      LoginCommon.loginTestWithOptionalDeviceBinding (file:///Users/anilthapa/Flutter%20Projects/mmp2.0/integration_test/login/common/login_common.dart:74:5)
12-20 16:17:08.049 16392 16517 I flutter : <asynchronous suspension>
12-20 16:17:08.049 16392 16517 I flutter : #4      RateAlertTestCase.straightFlow.<anonymous closure> (file:///Users/anilthapa/Flutter%20Projects/mmp2.0/integration_test/rate_alert/test_cases/rate_alert_test_case.dart:29:7)
12-20 16:17:08.049 16392 16517 I flutter : <asynchronous suspension>
12-20 16:17:08.049 16392 16517 I flutter : #5      patrolTest.<anonymous closure> (package:patrol/src/common.dart:120:7)
12-20 16:17:08.049 16392 16517 I flutter : <asynchronous suspension>
12-20 16:17:08.049 16392 16517 I flutter : #6      testWidgets.<anonymous closure>.<anonymous closure> (package:flutter_test/src/widget_tester.dart:168:15)
12-20 16:17:08.049 16392 16517 I flutter : <asynchronous suspension>
12-20 16:17:08.049 16392 16517 I flutter : #7      TestWidgetsFlutterBinding._runTestBody (package:flutter_test/src/binding.dart:1013:5)
12-20 16:17:08.049 16392 16517 I flutter : <asynchronous suspension>
12-20 16:17:08.049 16392 16517 I flutter : #8      TestWidgetsFlutterBinding._createTestCompletionHandler.<anonymous closure> (package:flutter_test/src/binding.dart:804:12)
12-20 16:17:08.049 16392 16517 I flutter : <asynchronous suspension>
12-20 16:17:08.049 16392 16517 I flutter : 
12-20 16:17:08.049 16392 16517 I flutter : The test description was:
12-20 16:17:08.049 16392 16517 I flutter :   RA_01: Add new rate alert
12-20 16:17:08.049 16392 16517 I flutter : ═══════════════════════════════════════════════════════════���════════════════════════════════════════
12-20 16:17:08.052 16392 16517 I flutter : 00:57 +2: temp_test RA_01: Add new rate alert [E]
12-20 16:17:08.052 16392 16517 I flutter :   Test failed. See exception logs above.
12-20 16:17:08.052 16392 16517 I flutter :   The test description was: RA_01: Add new rate alert
12-20 16:17:08.053 16392 16517 I flutter :   
12-20 16:17:08.064 16392 16517 I flutter : PatrolBinding: tearDown(): count: 2, results: {temp_test RA_01: Add new rate alert: {"methodName":"RA_01: Add new rate alert","details":"══╡ EXCEPTION CAUGHT BY FLUTTER TEST FRAMEWORK ╞═════════════════\nThe following assertion was thrown running a test:\npumpAndSettle timed out\n\nWhen the exception was thrown, this was the stack:\n#0      WidgetTester.pumpAndSettle.<anonymous closure> (package:flutter_test/src/widget_tester.dart:694:11)\n<asynchronous suspension>\n#1      TestAsyncUtils.guard.<anonymous closure> (package:flutter_test/src/test_async_utils.dart:117:7)\n<asynchronous suspension>\n#2      PatrolTester.pumpAndSettle (package:patrol_finders/src/custom_finders/patrol_tester.dart:167:5)\n<asynchronous suspension>\n#3      LoginCommon.loginTestWithOptionalDeviceBinding (file:///Users/anilthapa/Flutter%20Projects/mmp2.0/integration_test/login/common/login_common.dart:74:5)\n<asynchronous suspension>\n#4      RateAlertTestCase.straightFlow.<anonymous closure>
12-20 16:17:08.064 16392 16517 I flutter : PatrolBinding: finished test temp_test RA_01: Add new rate alert. Will report its status back to the native side
12-20 16:17:08.065 16392 16517 I flutter : PatrolBinding: tearDown(): test "RA_01: Add new rate alert" in group "temp_test RA_01: Add new rate alert", passed: false
12-20 16:17:08.066 16392 16517 I flutter : PatrolAppService.markDartTestAsCompleted(): temp_test RA_01: Add new rate alert
12-20 16:17:08.068 16392 16517 I flutter : 2023-12-20T16:16:11.204035  0:00:56.863788 POST    [200] /runDartTest
12-20 16:17:08.070 16392 16517 I flutter : 00:57 +2 -1: temp_test (tearDownAll)
12-20 16:17:08.082 15518 15518 I binder  : 15500:15518 ioctl c0306201 7bad44aac0 returned -14
12-20 16:17:08.082 15519 15519 I binder  : 15500:15519 ioctl c0306201 7bac34cac0 returned -14
12-20 16:17:08.082 15522 15522 I binder  : 15500:15522 ioctl c0306201 7bab24eac0 returned -14
12-20 16:17:08.103   219   219 I lowmemorykiller: Kill 'com.android.chrome' (15500), uid 10121, oom_score_adj 985 to free 48092kB rss, 0kB swap; reason: device is in direct reclaim and thrashing (13697%)
12-20 16:17:08.112   370   370 I Zygote  : Process 15500 exited due to signal 9 (Killed)
12-20 16:17:08.214   576   677 I ActivityManager: Process com.android.chrome (pid 15500) has died: cch+85 CEM 
12-20 16:17:08.218   576   608 I libprocessgroup: Successfully killed process cgroup uid 10121 pid 15500 in 0ms
12-20 16:17:08.224   576   677 W ActivityManager: Scheduling restart of crashed service com.android.chrome/org.chromium.chrome.browser.customtabs.CustomTabsConnectionService in 1000ms for connection
12-20 16:17:08.232   576   576 W Looper  : Drained
12-20 16:17:08.247 16392 16517 I flutter : 00:57 +3 -1: Some tests failed.
12-20 16:17:08.266   219   219 I lowmemorykiller: Kill 'com.google.process.gapps' (15586), uid 10118, oom_score_adj 975 to free 46288kB rss, 0kB swap; reason: low watermark is breached and thrashing (1201%)
12-20 16:17:08.268   576  1835 I ActivityManager: Process com.google.process.gapps (pid 15586) has died: cch+75 CEM 
12-20 16:17:08.276   370   370 I Zygote  : Process 15586 exited due to signal 9 (Killed)
12-20 16:17:08.326   576   608 I libprocessgroup: Successfully killed process cgroup uid 10118 pid 15586 in 10ms
12-20 16:17:08.329   576   692 D CompatibilityChangeReporter: Compat change id reported: 218533173; UID 10121; state: ENABLED
12-20 16:17:08.367   227   227 I logd    : logdr: UID=2000 GID=2000 PID=16649 n tail=0 logMask=99 pid=0 start=0ns deadline=0ns
