--------- beginning of main
12-20 16:16:11.183 16392 16494 I PatrolServer: PatrolJUnitRunner.runDartTest(temp_test RA_01: Add new rate alert): Requested execution
12-20 16:16:11.183 16392 16494 I PatrolServer: PatrolAppServiceClient.runDartTest(temp_test RA_01: Add new rate alert)
12-20 16:16:11.213 16392 16517 I flutter : PatrolAppService.runDartTest(temp_test RA_01: Add new rate alert) called
12-20 16:16:11.213 16392 16517 I flutter : PatrolAppService: requested execution of test "temp_test RA_01: Add new rate alert"
12-20 16:16:11.213 16392 16517 I flutter : Patrol (native): configure() started
12-20 16:16:11.221   368 16562 I resolv  : GetAddrInfoHandler::run: {101 101 101 983141 10186 0}
12-20 16:16:11.232 16392 16545 I PatrolServer: POST /configure started
12-20 16:16:11.233 16392 16545 I PatrolServer: Timeout: 10000 ms
12-20 16:16:11.233 16392 16545 I PatrolServer: Android UiAutomator configuration:
12-20 16:16:11.233 16392 16545 I PatrolServer: 	waitForSelectorTimeout: 10000 ms
12-20 16:16:11.233 16392 16545 I PatrolServer: 	waitForIdleTimeout: 5000 ms
12-20 16:16:11.233 16392 16545 I PatrolServer: 	keyInjectionDelay: 50 ms
12-20 16:16:11.233 16392 16545 I PatrolServer: 	actionAcknowledgmentTimeout: 3000 ms
12-20 16:16:11.233 16392 16545 I PatrolServer: 	scrollAcknowledgmentTimeout: 200 ms
12-20 16:16:11.233 16392 16545 I PatrolServer: 	toolType: 1
12-20 16:16:11.233 16392 16545 I PatrolServer: 	uiAutomationFlags: 1
12-20 16:16:11.233 16392 16545 I PatrolServer: POST /configure took 1 ms
12-20 16:16:11.235 16392 16517 I flutter : Patrol (native): configure() succeeded
12-20 16:16:11.266 16338 16384 W DynamiteModule: Local module descriptor class for com.google.android.gms.providerinstaller.dynamite not found.
12-20 16:16:11.275   989  1025 W ProviderHelper: Unknown dynamite feature providerinstaller.dynamite
12-20 16:16:11.283 16338 16384 W ProviderInstaller: Failed to load providerinstaller module: No acceptable module com.google.android.gms.providerinstaller.dynamite found. Local version is 0 and remote version is 0.
12-20 16:16:11.342 16338 16384 D nativeloader: Configuring classloader-namespace for other apk /system/framework/com.android.media.remotedisplay.jar. target_sdk_version=33, uses_libraries=ALL, library_path=/product/priv-app/PrebuiltGmsCore/lib/arm64:/product/priv-app/PrebuiltGmsCore/PrebuiltGmsCore.apk!/lib/arm64-v8a, permitted_path=/data:/mnt/expand:/data/user/0/com.google.android.gms
12-20 16:16:11.350 16338 16384 D nativeloader: Configuring classloader-namespace for other apk /system/framework/com.android.location.provider.jar. target_sdk_version=33, uses_libraries=ALL, library_path=/product/priv-app/PrebuiltGmsCore/lib/arm64:/product/priv-app/PrebuiltGmsCore/PrebuiltGmsCore.apk!/lib/arm64-v8a, permitted_path=/data:/mnt/expand:/data/user/0/com.google.android.gms
12-20 16:16:11.356 16392 16392 E SurfaceSyncer: Failed to find sync for id=0
12-20 16:16:11.356 16338 16384 D nativeloader: Configuring vendor-classloader-namespace for unbundled product apk /product/priv-app/PrebuiltGmsCore/PrebuiltGmsCore.apk. target_sdk_version=33, uses_libraries=, library_path=/product/priv-app/PrebuiltGmsCore/lib/arm64:/product/priv-app/PrebuiltGmsCore/PrebuiltGmsCore.apk!/lib/arm64-v8a:/product/lib64:/system/product/lib64, permitted_path=/data:/mnt/expand:/data/user/0/com.google.android.gms:/product/lib64:/system/product/lib64
12-20 16:16:11.388 16392 16498 W Parcel  : Expecting binder but got null!
12-20 16:16:11.407 16338 16384 V NativeCrypto: Registering com/google/android/gms/org/conscrypt/NativeCrypto's 295 native methods...
12-20 16:16:11.410   576   595 W ziparchive: Unable to open '/data/app/~~YFLYFbpGsp5I6sFNaSudnA==/ai.vanillatech.mmp.uat-svas9410-KuznUVO_T7gHA==/base.dm': No such file or directory
12-20 16:16:11.424   576   595 I ActivityTaskManager: Displayed ai.vanillatech.mmp.uat/com.vanillatech.mmp.MainActivity: +2s328ms
12-20 16:16:11.441 16338 16384 I ProviderInstaller: Installed default security provider GmsCore_OpenSSL
12-20 16:16:11.448   765  1001 D EGL_emulation: app_time_stats: avg=167.46ms min=9.33ms max=1386.20ms count=9
--------- beginning of system
12-20 16:16:11.449   576   761 D CompatibilityChangeReporter: Compat change id reported: 214016041; UID 10186; state: ENABLED
12-20 16:16:11.469  1488  1488 I GoogleInputMethodService: GoogleInputMethodService.onFinishInput():3220 
12-20 16:16:11.478  1488  1488 I GoogleInputMethodService: GoogleInputMethodService.updateDeviceLockedStatus():2114 repeatCheckTimes = 0, unlocked = true
12-20 16:16:11.479  1488  1488 I GoogleInputMethodService: GoogleInputMethodService.onStartInput():1919 onStartInput(EditorInfo{inputType=0x0(NULL) imeOptions=0x0 privateImeOptions=null actionName=UNSPECIFIED actionLabel=null actionId=0 initialSelStart=-1 initialSelEnd=-1 initialCapsMode=0x0 hintText=null label=null packageName=ai.vanillatech.mmp.uat fieldId=-1 fieldName=null extras=null}, false)
12-20 16:16:11.479  1488  1488 I GoogleInputMethodService: GoogleInputMethodService.updateDeviceLockedStatus():2114 repeatCheckTimes = 2, unlocked = true
12-20 16:16:11.487   368 16567 I resolv  : GetAddrInfoHandler::run: {101 101 101 983141 10186 0}
12-20 16:16:11.506   368 16568 I resolv  : res_nmkquery: (QUERY, IN, AAAA)
12-20 16:16:11.506   368 16568 I resolv  : resolv_cache_lookup: FOUND IN CACHE entry=0xb400007564135350
12-20 16:16:11.506   368 16568 I resolv  : doQuery: rcode=0, ancount=0, return value=145
12-20 16:16:11.506   368 16569 I resolv  : res_nmkquery: (QUERY, IN, A)
12-20 16:16:11.506   368 16569 I resolv  : resolv_cache_lookup: FOUND IN CACHE entry=0xb400007544135150
12-20 16:16:11.506   368 16569 I resolv  : doQuery: rcode=0, ancount=1, return value=68
12-20 16:16:11.507   219   219 I lowmemorykiller: Kill 'com.google.android.calendar' (14972), uid 10135, oom_score_adj 975 to free 53424kB rss, 0kB swap; reason: low watermark is breached and thrashing (578%)
12-20 16:16:11.510 16392 16490 D TrafficStats: tagSocket(169) with statsTag=0xffffffff, statsUid=-1
12-20 16:16:11.511   576   677 I ActivityManager: Process com.google.android.calendar (pid 14972) has died: cch+75 CEM 
12-20 16:16:11.511   576   761 D ConnectivityService: ConnectivityService NetworkRequestInfo binderDied(uid/pid:10135/14972, [NetworkRequest [ REQUEST id=1701, [ Capabilities: INTERNET&NOT_RESTRICTED&TRUSTED&NOT_VCN_MANAGED Uid: 10135 RequestorUid: 10135 RequestorPkg: com.google.android.calendar UnderlyingNetworks: Null] ]], android.os.BinderProxy@2f7f1bf)
12-20 16:16:11.511   576   700 D ConnectivityService: releasing NetworkRequest [ REQUEST id=1701, [ Capabilities: INTERNET&NOT_RESTRICTED&TRUSTED&NOT_VCN_MANAGED Uid: 10135 RequestorUid: 10135 RequestorPkg: com.google.android.calendar UnderlyingNetworks: Null] ] (release request)
12-20 16:16:11.512   370   370 I Zygote  : Process 14972 exited due to signal 9 (Killed)
12-20 16:16:11.517   576   608 I libprocessgroup: Successfully killed process cgroup uid 10135 pid 14972 in 0ms
12-20 16:16:11.526   418   514 W TransactionTracing: Could not find layer handle 0xb4000076cd3518b0
12-20 16:16:11.526   418   514 W TransactionTracing: Could not find layer handle 0xb4000076cd351df0
12-20 16:16:11.700   765  1001 D EGL_emulation: app_time_stats: avg=26.60ms min=8.61ms max=535.36ms count=56
12-20 16:16:11.729   576   677 D CoreBackPreview: Window{473b078 u0 Splash Screen ai.vanillatech.mmp.uat EXITING}: Setting back callback null
12-20 16:16:11.734   576   901 W InputManager-JNI: Input channel object '473b078 Splash Screen ai.vanillatech.mmp.uat (client)' was disposed without first being removed with the input manager!
12-20 16:16:11.827   418   514 W TransactionTracing: Could not find layer id -1
12-20 16:16:11.876   418   514 W TransactionTracing: Could not find layer handle 0xb4000076cd352690
12-20 16:16:11.877   418   514 W TransactionTracing: Could not find layer handle 0xb4000076cd350530
12-20 16:16:11.877   418   514 W TransactionTracing: Could not find layer handle 0xb4000076cd352030
12-20 16:16:11.877   418   514 W TransactionTracing: Could not find layer handle 0xb4000076cd352030
12-20 16:16:11.983 16392 16517 I flutter : Network log [33m[Request] ->[0m
12-20 16:16:11.988 16392 16517 I flutter : Network log [33mUri: https://mmpv2vuat.digitalmta.com/banner?banner_type=Splash%20Screen[0m
12-20 16:16:11.988 16392 16517 I flutter : Network log [33mMethod: GET[0m
12-20 16:16:11.988 16392 16517 I flutter : Network log [33mResponse Type: ResponseType.json[0m
12-20 16:16:11.989 16392 16517 I flutter : Network log [33mFollow Redirects: true[0m
12-20 16:16:11.992 16392 16517 I flutter : Network log [33mConnection Timeout: 0:01:00.000000[0m
12-20 16:16:11.992 16392 16517 I flutter : Network log [33mSend Timeout: 0:01:00.000000[0m
12-20 16:16:11.992 16392 16517 I flutter : Network log [33mReceive Timeout: 0:01:00.000000[0m
12-20 16:16:11.993 16392 16517 I flutter : Network log [33mReceive Data When Status Error: true[0m
12-20 16:16:11.995 16392 16517 I flutter : Network log [33mExtra: {}[0m
12-20 16:16:11.996 16392 16517 I flutter : Network log [33mHeaders:[0m
12-20 16:16:11.998 16392 16517 I flutter : Network log [33m Request Body:
12-20 16:16:11.998 16392 16517 I flutter : null[0m
12-20 16:16:11.998 16392 16517 I flutter : Network log [37m[0m
12-20 16:16:12.049   368 16571 I resolv  : GetAddrInfoHandler::run: {101 101 101 983141 10186 0}
12-20 16:16:12.051   368 16572 I resolv  : res_nmkquery: (QUERY, IN, A)
12-20 16:16:12.051   368 16572 I resolv  : res_stats_usable_server: too many resolution errors, ignoring server
12-20 16:16:12.054   368 16573 I resolv  : GetAddrInfoHandler::run: {101 101 101 983141 10186 0}
12-20 16:16:12.054   368 16574 I resolv  : res_nmkquery: (QUERY, IN, AAAA)
12-20 16:16:12.055   368 16574 I resolv  : res_stats_usable_server: too many resolution errors, ignoring server
12-20 16:16:12.199   368 16574 I resolv  : res_nsend: used send_dg 188 terrno: 0
12-20 16:16:12.200   368 16574 I resolv  : doQuery: rcode=0, ancount=1, return value=188
12-20 16:16:12.200   368 16578 I resolv  : GetAddrInfoHandler::run: {101 101 101 983141 10186 0}
12-20 16:16:12.201   368 16579 I resolv  : res_nmkquery: (QUERY, IN, AAAA)
12-20 16:16:12.201   368 16579 I resolv  : resolv_cache_lookup: FOUND IN CACHE entry=0xb400007564136c10
12-20 16:16:12.201   368 16579 I resolv  : doQuery: rcode=0, ancount=1, return value=188
12-20 16:16:12.288   989 15984 I NetworkScheduler.Stats: Task com.google.android.gms/com.google.android.gms.stats.PlatformStatsCollectorService started execution. cause:1 exec_start_elapsed_seconds: 34799 [CONTEXT service_id=218 ]
12-20 16:16:12.306   989 15948 I NetworkScheduler.Stats: Task com.google.android.gms/com.google.android.gms.stats.PlatformStatsCollectorService finished executing. cause:1 result: 1 elapsed_millis: 136 uptime_millis: 136 exec_start_elapsed_seconds: 34799 [CONTEXT service_id=218 ]
12-20 16:16:12.336   368 16572 I resolv  : res_nsend: used send_dg 138 terrno: 0
12-20 16:16:12.337   368 16572 I resolv  : doQuery: rcode=0, ancount=3, return value=138
12-20 16:16:12.711   765  1001 D EGL_emulation: app_time_stats: avg=16.97ms min=4.31ms max=32.98ms count=59
12-20 16:16:12.733 16392 16517 I flutter : Network log [32m[Response] ->[0m
12-20 16:16:12.733 16392 16517 I flutter : Network log [32mUri: https://mmpv2vuat.digitalmta.com/banner?banner_type=Splash%20Screen[0m
12-20 16:16:12.733 16392 16517 I flutter : Network log [32mRequest Method: GET[0m
12-20 16:16:12.734 16392 16517 I flutter : Network log [32mStatus Code: 200[0m
12-20 16:16:12.734 16392 16517 I flutter : Network log [32mHeaders:[0m
12-20 16:16:12.735 16392 16517 I flutter : Network log [32m	connection: keep-alive[0m
12-20 16:16:12.735 16392 16517 I flutter : Network log [32m	content-type: application/json[0m
12-20 16:16:12.735 16392 16517 I flutter : Network log [32m	date: Wed, 20 Dec 2023 10:31:14 GMT[0m
12-20 16:16:12.735 16392 16517 I flutter : Network log [32m	server: uvicorn[0m
12-20 16:16:12.735 16392 16517 I flutter : Network log [32m	content-length: 1003[0m
12-20 16:16:12.738 16392 16517 I flutter : Network log [32mResponse Body:
12-20 16:16:12.738 16392 16517 I flutter : {
12-20 16:16:12.738 16392 16517 I flutter :   "pagination": {
12-20 16:16:12.738 16392 16517 I flutter :     "count": 2,
12-20 16:16:12.738 16392 16517 I flutter :     "page": 1,
12-20 16:16:12.738 16392 16517 I flutter :     "pages": 1,
12-20 16:16:12.738 16392 16517 I flutter :     "size": 20
12-20 16:16:12.738 16392 16517 I flutter :   },
12-20 16:16:12.738 16392 16517 I flutter :   "results": [
12-20 16:16:12.739 16392 16517 I flutter :     {
12-20 16:16:12.739 16392 16517 I flutter :       "title": "Exchange Currency",
12-20 16:16:12.739 16392 16517 I flutter :       "image": "https://img.freepik.com/premium-vector/fintech-data-security-concept-app-financial-banking-digital-safety-privacy-technology-3d-icon-padlock-phone-money-card_22052-4064.jpg?w=826",
12-20 16:16:12.739 16392 16517 I flutter :       "type": "Splash Screen",
12-20 16:16:12.739 16392 16517 I flutter :       "start_date": "2023-09-05",
12-20 16:16:12.739 16392 16517 I flutter :       "start_time": "03:44:21.236000",
12-20 16:16:12.739 16392 16517 I flutter :       "description": "<p>20 currencies at your prefered rates for both your overseas online purchases and trip-before, during and after</p>",
12-20 16:16:12.739 16392 16517 I flutter :       "call_for_action": "string",
12-20 16:16:12.739 16392 16517 I flutter :       "url": "string",
12-20 16:16:12.739 16392 16517 I flutter :       "active": true,
12-20 16:16:12.739 16392 16517 I flutter :       "numeric_code": null,
12-20 16:16:12.739 16392 16517 I flutter :       "id": 12
12-20 16:16:12.739 16392 16517 I flutter :     },
12-20 16:16:12.739 16392 16517 I flutter :     {
12-20 16:16:12.739 16392 16517 I flutter :       "title": "Signup online",
12-20 16:16:12.739 16392 16517 I flutter :       "image": "https://d1t0u2ql2wp61b.cloudfront.net/money-transfer-creative-advertising-banner-vector-2B7414A_1694686872925.jpg",
12-20 16:16:12.739 16392 16517 I flutter :       "type": "Splash Screen",
12-20 16:16:12.739 16392 16517 I flutter :       "start_date": "2023-09-05",
12-20 16:16:12.739 16392 16517 I flutter :       "start_time": "03:44:21.236000",
12-20 16:16:12.739 16392 16517 I flutter :       "description": "You are about to start a whole new digital experience with your finances",
12-20 16:16:12.739 16392 16517 I flutter :       "call_for_action": "string",
12-20 16:16:12.739 16392 16517 I flutter :       "url": "https://www.google.com",
12-20 16:16:12.739 16392 16517 I flutter :       "active": true,
12-20 16:16:12.739 16392 16517 I flutter :       "numeric_code": null,
12-20 16:16:12.739 16392 16517 I flutter :       "id": 13
12-20 16:16:12.739 16392 16517 I flutter :     }
12-20 16:16:12.739 16392 16517 I flutter :   ]
12-20 16:16:12.739 16392 16517 I flutter : }[0m
12-20 16:16:12.739 16392 16517 I flutter : Network log [37m[0m
12-20 16:16:12.951   368 16583 I resolv  : GetAddrInfoHandler::run: {101 101 101 983141 10186 0}
12-20 16:16:12.952   368 16584 I resolv  : res_nmkquery: (QUERY, IN, A)
12-20 16:16:12.952   368 16584 I resolv  : res_stats_usable_server: too many resolution errors, ignoring server
12-20 16:16:12.973   368 16586 I resolv  : GetAddrInfoHandler::run: {101 101 101 983141 10186 0}
12-20 16:16:12.976   368 16587 I resolv  : res_nmkquery: (QUERY, IN, AAAA)
12-20 16:16:12.976   368 16587 I resolv  : res_stats_usable_server: too many resolution errors, ignoring server
12-20 16:16:13.063 16392 16518 D EGL_emulation: app_time_stats: avg=192.18ms min=92.96ms max=687.58ms count=9
12-20 16:16:13.320   368 16584 I resolv  : res_nsend: used send_dg 135 terrno: 0
12-20 16:16:13.326   368 16584 I resolv  : doQuery: rcode=0, ancount=4, return value=135
12-20 16:16:13.371   368 16587 I resolv  : res_nsend: used send_dg 159 terrno: 0
12-20 16:16:13.371   368 16587 I resolv  : doQuery: rcode=0, ancount=4, return value=159
12-20 16:16:14.872   576   576 W NotificationHistory: Attempted to add notif for locked/gone/disabled user 0
12-20 16:16:14.886  1570  1802 W AiAiEcho: SmartspaceNotificationPredictor no parser can handle this notification or notification is invalid
12-20 16:16:14.913   469   511 D NuPlayerDriver: NuPlayerDriver(0xb4000071814ef530) created, clientPid(765)
12-20 16:16:14.918   221   221 I hwservicemanager: getTransport: Cannot find entry android.hardware.media.omx@1.0::IOmx/default in either framework or device VINTF manifest.
12-20 16:16:14.918   469   511 D MediaPlayerService: OMX service is not available
12-20 16:16:14.951   469 16592 D GenericSource: FileSource remote
12-20 16:16:14.964   765  5651 D HostConnection: HostComposition ext ANDROID_EMU_CHECKSUM_HELPER_v1 ANDROID_EMU_native_sync_v2 ANDROID_EMU_native_sync_v3 ANDROID_EMU_native_sync_v4 ANDROID_EMU_dma_v1 ANDROID_EMU_direct_mem ANDROID_EMU_host_composition_v1 ANDROID_EMU_host_composition_v2 ANDROID_EMU_vulkan ANDROID_EMU_deferred_vulkan_commands ANDROID_EMU_vulkan_null_optional_strings ANDROID_EMU_vulkan_create_resources_with_requirements ANDROID_EMU_YUV_Cache ANDROID_EMU_vulkan_ignored_handles ANDROID_EMU_has_shared_slots_host_memory_allocator ANDROID_EMU_vulkan_free_memory_sync ANDROID_EMU_vulkan_shader_float16_int8 ANDROID_EMU_vulkan_async_queue_submit ANDROID_EMU_vulkan_queue_submit_with_commands ANDROID_EMU_sync_buffer_data ANDROID_EMU_vulkan_async_qsri ANDROID_EMU_read_color_buffer_dma ANDROID_EMU_hwc_multi_configs GL_OES_EGL_image_external_essl3 GL_OES_vertex_array_object GL_KHR_texture_compression_astc_ldr ANDROID_EMU_host_side_tracing ANDROID_EMU_gles_max_version_3_0 
12-20 16:16:14.964   765  5651 W OpenGLRenderer: Failed to choose config with EGL_SWAP_BEHAVIOR_PRESERVED, retrying without...
12-20 16:16:14.965   765  5651 W OpenGLRenderer: Failed to initialize 101010-2 format, error = EGL_SUCCESS
12-20 16:16:14.966   765  5651 D EGL_emulation: eglCreateContext: 0xb400007caf847ed0: maj 3 min 0 rcv 3
12-20 16:16:14.967   765  5651 D EGL_emulation: eglMakeCurrent: 0xb400007caf847ed0: ver 3 0 (tinfo 0x7ecb5b4200) (first time)
12-20 16:16:14.988   576   755 I MediaFocusControl: requestAudioFocus() from uid/pid 10155/765 AA=USAGE_NOTIFICATION/CONTENT_TYPE_SONIFICATION clientId=android.media.AudioManager@4d60b1b callingPack=com.android.systemui req=3 flags=0x0 sdk=33
12-20 16:16:14.988   576   755 I AudioService.FadeOutManager: unfadeOutUid() uid:10155
12-20 16:16:15.023 16392 16594 D ProfileInstaller: Installing profile for ai.vanillatech.mmp.uat
12-20 16:16:15.038   765  1001 D EGL_emulation: app_time_stats: avg=398.88ms min=15.27ms max=3458.98ms count=9
12-20 16:16:15.496   469 16591 I GenericSource: start
12-20 16:16:15.497   765   765 D MediaRouter: onRestoreRoute() : route=RouteInfo{ name=Phone, description=null, status=null, category=RouteCategory{ name=System types=ROUTE_TYPE_LIVE_AUDIO ROUTE_TYPE_LIVE_VIDEO  groupable=false }, supportedTypes=ROUTE_TYPE_LIVE_AUDIO ROUTE_TYPE_LIVE_VIDEO , presentationDisplay=null }
12-20 16:16:15.497   765   765 V MediaRouter: Selecting route: RouteInfo{ name=Phone, description=null, status=null, category=RouteCategory{ name=System types=ROUTE_TYPE_LIVE_AUDIO ROUTE_TYPE_LIVE_VIDEO  groupable=false }, supportedTypes=ROUTE_TYPE_LIVE_AUDIO ROUTE_TYPE_LIVE_VIDEO , presentationDisplay=null }
12-20 16:16:15.507   469 16599 D CCodec  : allocate(c2.android.vorbis.decoder)
12-20 16:16:15.512   469 16599 I CCodec  : setting up 'default' as default (vendor) store
12-20 16:16:15.521   481   481 V C2Store : in init
12-20 16:16:15.521   481   481 V C2Store : loading dll
12-20 16:16:15.531   469 16599 I CCodec  : Created component [c2.android.vorbis.decoder]
12-20 16:16:15.532   469 16599 D CCodecConfig: read media type: audio/vorbis
12-20 16:16:15.533   469 16599 D ReflectedParamUpdater: extent() != 1 for single value type: algo.buffers.max-count.values
12-20 16:16:15.533   469 16599 D ReflectedParamUpdater: extent() != 1 for single value type: output.subscribed-indices.values
12-20 16:16:15.533   469 16599 D ReflectedParamUpdater: extent() != 1 for single value type: input.buffers.allocator-ids.values
12-20 16:16:15.533   469 16599 D ReflectedParamUpdater: extent() != 1 for single value type: output.buffers.allocator-ids.values
12-20 16:16:15.533   469 16599 D ReflectedParamUpdater: extent() != 1 for single value type: algo.buffers.allocator-ids.values
12-20 16:16:15.534   469 16599 D ReflectedParamUpdater: extent() != 1 for single value type: output.buffers.pool-ids.values
12-20 16:16:15.534   469 16599 D ReflectedParamUpdater: extent() != 1 for single value type: algo.buffers.pool-ids.values
12-20 16:16:15.535   469 16599 I CCodecConfig: query failed after returning 7 values (BAD_INDEX)
12-20 16:16:15.536   469 16599 D CCodecConfig: c2 config diff is Dict {
12-20 16:16:15.536   469 16599 D CCodecConfig:   c2::u32 coded.bitrate.value = 64000
12-20 16:16:15.536   469 16599 D CCodecConfig:   c2::u32 input.buffers.max-size.value = 32768
12-20 16:16:15.536   469 16599 D CCodecConfig:   c2::u32 input.delay.value = 0
12-20 16:16:15.536   469 16599 D CCodecConfig:   string input.media-type.value = "audio/vorbis"
12-20 16:16:15.536   469 16599 D CCodecConfig:   string output.media-type.value = "audio/raw"
12-20 16:16:15.536   469 16599 D CCodecConfig:   c2::u32 raw.channel-count.value = 1
12-20 16:16:15.536   469 16599 D CCodecConfig:   c2::u32 raw.sample-rate.value = 48000
12-20 16:16:15.536   469 16599 D CCodecConfig: }
12-20 16:16:15.536   469 16599 D CCodec  : [c2.android.vorbis.decoder] buffers are bound to CCodec for this session
12-20 16:16:15.536   469 16599 D CCodecConfig: no c2 equivalents for durationUs
12-20 16:16:15.536   469 16599 D CCodecConfig: no c2 equivalents for csd-1
12-20 16:16:15.536   469 16599 D CCodecConfig: no c2 equivalents for flags
12-20 16:16:15.536   469 16599 D CCodecConfig: c2 config diff is   c2::u32 coded.bitrate.value = 70000
12-20 16:16:15.537   469 16599 W Codec2Client: query -- param skipped: index = 1107298332.
12-20 16:16:15.537   469 16599 D CCodec  : encoding statistics level = 0
12-20 16:16:15.537   469 16599 D CCodec  : setup formats input: AMessage(what = 0x00000000) = {
12-20 16:16:15.537   469 16599 D CCodec  :   int32_t bitrate = 70000
12-20 16:16:15.537   469 16599 D CCodec  :   int32_t channel-count = 1
12-20 16:16:15.537   469 16599 D CCodec  :   int32_t max-input-size = 32768
12-20 16:16:15.537   469 16599 D CCodec  :   string mime = "audio/vorbis"
12-20 16:16:15.537   469 16599 D CCodec  :   int32_t sample-rate = 48000
12-20 16:16:15.537   469 16599 D CCodec  : }
12-20 16:16:15.537   469 16599 D CCodec  : setup formats output: AMessage(what = 0x00000000) = {
12-20 16:16:15.537   469 16599 D CCodec  :   int32_t channel-count = 1
12-20 16:16:15.537   469 16599 D CCodec  :   string mime = "audio/raw"
12-20 16:16:15.537   469 16599 D CCodec  :   int32_t sample-rate = 48000
12-20 16:16:15.537   469 16599 D CCodec  :   int32_t channel-mask = 1
12-20 16:16:15.537   469 16599 D CCodec  :   int32_t android._config-pcm-encoding = 2
12-20 16:16:15.537   469 16599 D CCodec  : }
12-20 16:16:15.537   469 16599 I CCodecConfig: query failed after returning 7 values (BAD_INDEX)
12-20 16:16:15.537   469 16599 I MediaCodec: MediaCodec will operate in async mode
12-20 16:16:15.537   469 16598 D MediaCodec: keep callback message for reclaim
12-20 16:16:15.537   469 16599 W Codec2Client: query -- param skipped: index = 1342179345.
12-20 16:16:15.537   469 16599 W Codec2Client: query -- param skipped: index = 2415921170.
12-20 16:16:15.538   469 16599 D CCodecBufferChannel: [c2.android.vorbis.decoder#69] Created input block pool with allocatorID 16 => poolID 85 - OK (0)
12-20 16:16:15.539   481   839 D BufferPoolAccessor2.0: bufferpool2 0xb400007881e64be8 : 0(0 size) total buffers - 0(0 size) used buffers - 93/97 (recycle/alloc) - 5/96 (fetch/transfer)
12-20 16:16:15.539   481   839 D BufferPoolAccessor2.0: Destruction - bufferpool2 0xb400007881e64be8 cached: 0/0M, 0/0% in use; allocs: 97, 96% recycled; transfers: 96, 95% unfetched
12-20 16:16:15.540   469  2093 D BufferPoolAccessor2.0: bufferpool2 0xb4000071a14e72e8 : 0(0 size) total buffers - 0(0 size) used buffers - 94/102 (recycle/alloc) - 8/198 (fetch/transfer)
12-20 16:16:15.540   469  2093 D BufferPoolAccessor2.0: Destruction - bufferpool2 0xb4000071a14e72e8 cached: 0/0M, 0/0% in use; allocs: 102, 92% recycled; transfers: 198, 96% unfetched
12-20 16:16:15.541   469 16599 I CCodecBufferChannel: [c2.android.vorbis.decoder#69] Created output block pool with allocatorID 16 => poolID 94 - OK
12-20 16:16:15.541   469 16599 D CCodecBufferChannel: [c2.android.vorbis.decoder#69] Configured output block pool ids 94 => OK
12-20 16:16:15.542   481 16600 D SimpleC2Component: Using output block pool with poolID 94 => got 94 - 0
12-20 16:16:15.556 20028 20048 D AudioFlinger: Client defaulted notificationFrames to 12144 for frameCount 24288
12-20 16:16:15.557 20028 20048 D AF::TrackHandle: OpPlayAudio: track:115 usage:5 not muted
12-20 16:16:15.566   469 16597 D AudioTrack: getTimestamp_l(75): device stall time corrected using current time 34803344967379
12-20 16:16:15.656 20028 20051 D AudioFlinger: mixer(0xb4000072518429a0) throttle end: throttle time(36)
12-20 16:16:16.161   760   760 I wpa_supplicant: wlan0: CTRL-EVENT-BEACON-LOSS 
12-20 16:16:16.200 16392 16517 I flutter : Patrol (native): isPermissionDialogVisible() started
12-20 16:16:16.202 16392 16517 I flutter : location permission LocationPermission.denied
12-20 16:16:16.212 16392 16481 I PatrolServer: POST /isPermissionDialogVisible started
12-20 16:16:16.238 16392 16518 D EGL_emulation: app_time_stats: avg=3174.67ms min=3174.67ms max=3174.67ms count=1
12-20 16:16:16.267   576   755 I ActivityTaskManager: START u0 {act=android.content.pm.action.REQUEST_PERMISSIONS pkg=com.google.android.permissioncontroller cmp=com.google.android.permissioncontroller/com.android.permissioncontroller.permission.ui.GrantPermissionsActivity (has extras)} from uid 10186
12-20 16:16:16.277   418   514 W TransactionTracing: Could not find layer handle 0xb4000076cd352f30
12-20 16:16:16.278  1570  1810 I AiAiEcho: Settings cha with uri: content://settings/secure/accessibility_enabled
12-20 16:16:16.282  1570  1735 I AiAiEcho: Predicting[0]: 
12-20 16:16:16.283  1570  1735 I AiAiEcho: Ranked targets strategy: SORT, count: 0, ranking metadata: 
12-20 16:16:16.284  1570  1735 I AiAiEcho: Predicting[0]: 
12-20 16:16:16.284  1570  1735 I AiAiEcho: Ranked targets strategy: SORT, count: 0, ranking metadata: 
12-20 16:16:16.284  1570  1735 I AiAiEcho: Predicting[0]: 
12-20 16:16:16.284  1570  1735 I AiAiEcho: Ranked targets strategy: SORT, count: 0, ranking metadata: 
12-20 16:16:16.286  1570  1735 I AiAiEcho: #postPredictionTargets: Sending updates to UISurface lockscreen with targets# 0
12-20 16:16:16.286  1570  1735 I AiAiEcho: #postPredictionTargets: Sending updates to UISurface home with targets# 0
12-20 16:16:16.286  1570  1735 I AiAiEcho: #postPredictionTargets: Sending updates to UISurface media_data_manager with targets# 0
12-20 16:16:16.287  1570  1735 I AiAiEcho: #postPredictionTargets: Sending updates to UISurface lockscreen with targets# 0
12-20 16:16:16.287  1570  1735 I AiAiEcho: #postPredictionTargets: Sending updates to UISurface home with targets# 0
12-20 16:16:16.287  1570  1735 I AiAiEcho: #postPredictionTargets: Sending updates to UISurface media_data_manager with targets# 0
12-20 16:16:16.287  1570  1735 I AiAiEcho: #postPredictionTargets: Sending updates to UISurface lockscreen with targets# 0
12-20 16:16:16.289  1570  1735 I AiAiEcho: #postPredictionTargets: Sending updates to UISurface home with targets# 0
12-20 16:16:16.290  1570  1735 I AiAiEcho: #postPredictionTargets: Sending updates to UISurface media_data_manager with targets# 0
12-20 16:16:16.303  1082  1082 E BcSmartspaceCard: No tap action can be set up
12-20 16:16:16.305  1082  1082 E BcSmartspaceCard: No tap action can be set up
12-20 16:16:16.306  1082  1082 E BcSmartspaceCard: No tap action can be set up
12-20 16:16:16.318   576   576 D BatterySaverPolicy: accessibility changed to false, updating policy.
12-20 16:16:16.322  1570  2174 I AiAiEcho: Settings cha with uri: content://settings/secure/accessibility_enabled
12-20 16:16:16.322  1570  1735 I AiAiEcho: Predicting[0]: 
12-20 16:16:16.322  1570  1735 I AiAiEcho: Ranked targets strategy: SORT, count: 0, ranking metadata: 
12-20 16:16:16.322  1570  1735 I AiAiEcho: Predicting[0]: 
12-20 16:16:16.322  1570  1735 I AiAiEcho: Ranked targets strategy: SORT, count: 0, ranking metadata: 
12-20 16:16:16.323  1570  1735 I AiAiEcho: Predicting[0]: 
12-20 16:16:16.323  1570  1735 I AiAiEcho: Ranked targets strategy: SORT, count: 0, ranking metadata: 
12-20 16:16:16.323  1570  1735 I AiAiEcho: #postPredictionTargets: Sending updates to UISurface lockscreen with targets# 0
12-20 16:16:16.323  1570  1735 I AiAiEcho: #postPredictionTargets: Sending updates to UISurface home with targets# 0
12-20 16:16:16.323  1570  1735 I AiAiEcho: #postPredictionTargets: Sending updates to UISurface media_data_manager with targets# 0
12-20 16:16:16.323  1570  1735 I AiAiEcho: #postPredictionTargets: Sending updates to UISurface lockscreen with targets# 0
12-20 16:16:16.324  1570  1735 I AiAiEcho: #postPredictionTargets: Sending updates to UISurface home with targets# 0
12-20 16:16:16.324  1570  1735 I AiAiEcho: #postPredictionTargets: Sending updates to UISurface media_data_manager with targets# 0
12-20 16:16:16.324  1570  1735 I AiAiEcho: #postPredictionTargets: Sending updates to UISurface lockscreen with targets# 0
12-20 16:16:16.324  1570  1735 I AiAiEcho: #postPredictionTargets: Sending updates to UISurface home with targets# 0
12-20 16:16:16.324  1570  1735 I AiAiEcho: #postPredictionTargets: Sending updates to UISurface media_data_manager with targets# 0
12-20 16:16:16.325   576   576 D BatterySaverPolicy: accessibility changed to true, updating policy.
12-20 16:16:16.326  1082  1082 E BcSmartspaceCard: No tap action can be set up
12-20 16:16:16.326  1082  1082 E BcSmartspaceCard: No tap action can be set up
12-20 16:16:16.326  1082  1082 E BcSmartspaceCard: No tap action can be set up
12-20 16:16:16.328 28212 28256 I A       : NGA disabled due to not being eligible.
12-20 16:16:16.328   418   514 W TransactionTracing: Could not find layer id -1
12-20 16:16:16.328   418   514 W TransactionTracing: Could not find layer id -1
12-20 16:16:16.328   418   514 W TransactionTracing: Could not find layer id -1
12-20 16:16:16.328   418   514 W TransactionTracing: Could not find layer id -1
12-20 16:16:16.328   418   514 W TransactionTracing: Could not find layer id -1
12-20 16:16:16.329 16392 16603 V UiAutomation: Init UiAutomation@dd78c47[id=234, flags=1]
12-20 16:16:16.335 16392 16470 D SessionLifecycleClient: Sending lifecycle 2 to service
12-20 16:16:16.335 16392 16392 D LifecycleMonitor: Lifecycle status change: com.vanillatech.mmp.MainActivity@7c37af3 in: PAUSED
12-20 16:16:16.336 16392 16542 D SessionLifecycleService: Activity backgrounding at 34804113
12-20 16:16:16.337   576   755 W ActivityTaskManager: Tried to set launchTime (0) < mLastActivityLaunchTime (32270820)
12-20 16:16:16.382   219   219 I lowmemorykiller: Kill 'com.android.settings' (15400), uid 1000, oom_score_adj 975 to free 47300kB rss, 0kB swap; reason: low watermark is breached and thrashing (217%)
12-20 16:16:16.387   576   901 I ActivityManager: Process com.android.settings (pid 15400) has died: cch+75 CEM 
12-20 16:16:16.388   370   370 I Zygote  : Process 15400 exited due to signal 9 (Killed)
12-20 16:16:16.388   576   608 I libprocessgroup: Successfully killed process cgroup uid 1000 pid 15400 in 1ms
12-20 16:16:16.408 28212 28256 I A       : NGA disabled due to not being eligible.
12-20 16:16:16.432  5923  5923 D AutofillManager: Fill dialog is enabled:false, hints=[password, passwordAuto, creditCardNumber, creditCardSecurityCode, creditCardExpirationDate]
12-20 16:16:16.461   576   677 D CoreBackPreview: Window{ccd6a9b u0 com.google.android.permissioncontroller/com.android.permissioncontroller.permission.ui.GrantPermissionsActivity}: Setting back callback OnBackInvokedCallbackInfo{mCallback=android.window.IOnBackInvokedCallback$Stub$Proxy@2540e11, mPriority=0}
12-20 16:16:16.506   576   595 I ActivityTaskManager: Displayed com.google.android.permissioncontroller/com.android.permissioncontroller.permission.ui.GrantPermissionsActivity: +220ms
12-20 16:16:16.595   765  1001 D EGL_emulation: app_time_stats: avg=215.61ms min=14.20ms max=3347.70ms count=18
12-20 16:16:16.622   469 16597 W NuPlayerRenderer: AudioSink stuck. ARE YOU CONNECTED TO AUDIO OUT? Switching to system clock.
12-20 16:16:16.730   418   514 W TransactionTracing: Could not find layer handle 0xb4000076cd34ef10
12-20 16:16:16.880   469 16599 D CCodecBufferChannel: [c2.android.vorbis.decoder#69] buffers after EOS ignored (0 us)
12-20 16:16:16.880   469 16599 D CCodecBufferChannel: [c2.android.vorbis.decoder#69] buffers after EOS ignored (0 us)
12-20 16:16:16.880   469 16599 D CCodecBufferChannel: [c2.android.vorbis.decoder#69] buffers after EOS ignored (0 us)
12-20 16:16:16.880   469 16597 D AudioTrack: stop(75): called with 82980 frames delivered
12-20 16:16:16.943   418   514 W TransactionTracing: Could not find layer handle 0xb4000076cd353d70
12-20 16:16:16.943   418   514 W TransactionTracing: Could not find layer handle 0xb4000076cd353d70
12-20 16:16:17.148 16392 16481 I PatrolServer: POST /isPermissionDialogVisible took 935 ms
12-20 16:16:17.171 16392 16517 I flutter : Patrol (native): isPermissionDialogVisible() succeeded
12-20 16:16:17.171 16392 16517 I flutter : Patrol (native): grantPermissionWhenInUse() started
12-20 16:16:17.177 16392 16543 I PatrolServer: POST /handlePermissionDialog started
12-20 16:16:17.185 16392 16543 I QueryController: Matched selector: UiSelector[RESOURCE_ID=com.android.permissioncontroller:id/permission_allow_foreground_only_button] <<==>> [android.view.accessibility.AccessibilityNodeInfo@2e7f1; boundsInParent: Rect(0, 0 - 826, 140); boundsInScreen: Rect(127, 1258 - 953, 1398); packageName: com.google.android.permissioncontroller; className: android.widget.Button; text: While using the app; error: null; maxTextLength: -1; stateDescription: null; contentDescription: null; tooltipText: null; viewIdResName: com.android.permissioncontroller:id/permission_allow_foreground_only_button; uniqueId: null; checkable: false; checked: false; focusable: true; focused: false; selected: false; clickable: true; longClickable: false; contextClickable: false; enabled: true; password: false; scrollable: false; importantForAccessibility: true; visible: true; actions: [AccessibilityAction: ACTION_FOCUS - null, AccessibilityAction: ACTION_SELECT - null, AccessibilityAction: ACTION_CLEAR_SELECTION - null, AccessibilityAction: ACTION_CLICK - null, AccessibilityAction: ACTION_ACCESSIBILITY_FOCUS - null, AccessibilityAction: ACTION_NEXT_AT_MOVEMENT_GRANULARITY - null, AccessibilityAction: ACTION_PREVIOUS_AT_MOVEMENT_GRANULARITY - null, AccessibilityAction: ACTION_SET_SELECTION - null, AccessibilityAction: ACTION_SHOW_ON_SCREEN - null]; isTextSelectable: false]
12-20 16:16:17.197 16392 16543 D InteractionController: clickAndSync(540, 1328)
12-20 16:16:17.202  1570  1810 I AiAiEcho: Settings cha with uri: content://settings/secure/accessibility_enabled
12-20 16:16:17.206  1570  1735 I AiAiEcho: Predicting[0]: 
12-20 16:16:17.206  1570  1735 I AiAiEcho: Ranked targets strategy: SORT, count: 0, ranking metadata: 
12-20 16:16:17.207  1570  1735 I AiAiEcho: Predicting[0]: 
12-20 16:16:17.207  1570  1735 I AiAiEcho: Ranked targets strategy: SORT, count: 0, ranking metadata: 
12-20 16:16:17.207  1570  1735 I AiAiEcho: Predicting[0]: 
12-20 16:16:17.207  1570  1735 I AiAiEcho: Ranked targets strategy: SORT, count: 0, ranking metadata: 
12-20 16:16:17.209  1570  1735 I AiAiEcho: #postPredictionTargets: Sending updates to UISurface lockscreen with targets# 0
12-20 16:16:17.209  1570  1735 I AiAiEcho: #postPredictionTargets: Sending updates to UISurface home with targets# 0
12-20 16:16:17.210  1570  1735 I AiAiEcho: #postPredictionTargets: Sending updates to UISurface media_data_manager with targets# 0
12-20 16:16:17.210  1570  1735 I AiAiEcho: #postPredictionTargets: Sending updates to UISurface lockscreen with targets# 0
12-20 16:16:17.210  1570  1735 I AiAiEcho: #postPredictionTargets: Sending updates to UISurface home with targets# 0
12-20 16:16:17.210  1570  1735 I AiAiEcho: #postPredictionTargets: Sending updates to UISurface media_data_manager with targets# 0
12-20 16:16:17.210  1570  1735 I AiAiEcho: #postPredictionTargets: Sending updates to UISurface lockscreen with targets# 0
12-20 16:16:17.210  1570  1735 I AiAiEcho: #postPredictionTargets: Sending updates to UISurface home with targets# 0
12-20 16:16:17.210  1570  1735 I AiAiEcho: #postPredictionTargets: Sending updates to UISurface media_data_manager with targets# 0
12-20 16:16:17.225  1082  1082 E BcSmartspaceCard: No tap action can be set up
12-20 16:16:17.229  1082  1082 D TaplEvents: TIS / TouchInteractionService.onInputEvent: MotionEvent { action=ACTION_DOWN, actionButton=0, id[0]=0, x[0]=540.0, y[0]=1328.0, toolType[0]=TOOL_TYPE_FINGER, buttonState=0, classification=NONE, metaState=0, flags=0x0, edgeFlags=0x0, pointerCount=1, historySize=0, eventTime=34804975, downTime=34804975, deviceId=-1, source=0x1002, displayId=0, eventId=-488679131 }
12-20 16:16:17.231  1082  1082 E BcSmartspaceCard: No tap action can be set up
12-20 16:16:17.231  1082  1082 E BcSmartspaceCard: No tap action can be set up
12-20 16:16:17.331  1082  1082 D TaplEvents: TIS / TouchInteractionService.onInputEvent: MotionEvent { action=ACTION_UP, actionButton=0, id[0]=0, x[0]=540.0, y[0]=1328.0, toolType[0]=TOOL_TYPE_FINGER, buttonState=0, classification=NONE, metaState=0, flags=0x0, edgeFlags=0x0, pointerCount=1, historySize=0, eventTime=34805108, downTime=34804975, deviceId=-1, source=0x1002, displayId=0, eventId=-443379745 }
12-20 16:16:17.342  5923  5923 V GrantPermissionsViewModel: Logged buttons presented and clicked permissionGroupName=android.permission-group.LOCATION uid=10186 selectedLocations=3 package=ai.vanillatech.mmp.uat presentedButtons=44 clickedButton=4 sessionId=-1221216286856731499 targetSdk=33
12-20 16:16:17.353  5923  5923 V GrantPermissionsViewModel: Permission grant result requestId=-1221216286856731499 callingUid=10186 callingPackage=ai.vanillatech.mmp.uat permission=android.permission.ACCESS_FINE_LOCATION isImplicit=false result=4
12-20 16:16:17.354  5923  5923 V GrantPermissionsViewModel: Permission grant result requestId=-1221216286856731499 callingUid=10186 callingPackage=ai.vanillatech.mmp.uat permission=android.permission.ACCESS_COARSE_LOCATION isImplicit=false result=4
12-20 16:16:17.455 16392 16392 D CompatibilityChangeReporter: Compat change id reported: 78294732; UID 10186; state: ENABLED
12-20 16:16:17.490 16392 16466 D SessionLifecycleClient: Sending lifecycle 1 to service
12-20 16:16:17.491 16392 16542 D SessionLifecycleService: Activity foregrounding at 34805269.
12-20 16:16:17.496 16392 16392 D LifecycleMonitor: Lifecycle status change: com.vanillatech.mmp.MainActivity@7c37af3 in: RESUMED
12-20 16:16:17.519  1488  1488 I GoogleInputMethodService: GoogleInputMethodService.onFinishInput():3220 
12-20 16:16:17.523  1488  1488 I GoogleInputMethodService: GoogleInputMethodService.updateDeviceLockedStatus():2114 repeatCheckTimes = 0, unlocked = true
12-20 16:16:17.523  1488  1488 I GoogleInputMethodService: GoogleInputMethodService.onStartInput():1919 onStartInput(EditorInfo{inputType=0x0(NULL) imeOptions=0x0 privateImeOptions=null actionName=UNSPECIFIED actionLabel=null actionId=0 initialSelStart=-1 initialSelEnd=-1 initialCapsMode=0x0 hintText=null label=null packageName=ai.vanillatech.mmp.uat fieldId=-1 fieldName=null extras=null}, false)
12-20 16:16:17.524  1488  1488 I GoogleInputMethodService: GoogleInputMethodService.updateDeviceLockedStatus():2114 repeatCheckTimes = 2, unlocked = true
12-20 16:16:17.550   576   761 D CoreBackPreview: Window{ccd6a9b u0 com.google.android.permissioncontroller/com.android.permissioncontroller.permission.ui.GrantPermissionsActivity}: Setting back callback null
12-20 16:16:17.560   576   908 W InputManager-JNI: Input channel object 'ccd6a9b com.google.android.permissioncontroller/com.android.permissioncontroller.permission.ui.GrantPermissionsActivity (client)' was disposed without first being removed with the input manager!
12-20 16:16:17.614   765  1001 D EGL_emulation: app_time_stats: avg=35.14ms min=6.73ms max=118.08ms count=29
12-20 16:16:17.677   418   514 W TransactionTracing: Could not find layer handle 0xb4000076cd34eeb0
12-20 16:16:17.678   418   514 W TransactionTracing: Could not find layer handle 0xb4000076cd352690
12-20 16:16:17.711   418   514 W TransactionTracing: Could not find layer handle 0xb4000076cd34d8f0
12-20 16:16:17.711   418   514 W TransactionTracing: Could not find layer handle 0xb4000076cd34f1b0
12-20 16:16:17.711   418   514 W TransactionTracing: Could not find layer handle 0xb4000076cd34d8f0
12-20 16:16:17.743   418   514 W TransactionTracing: Could not find layer handle 0xb4000076cd34ddd0
12-20 16:16:17.743   418   514 W TransactionTracing: Could not find layer handle 0xb4000076cd352870
12-20 16:16:17.743   418   514 W TransactionTracing: Could not find layer handle 0xb4000076cd34de90
12-20 16:16:17.743   418   514 W TransactionTracing: Could not find layer handle 0xb4000076cd34de90
12-20 16:16:17.760   418   514 W TransactionTracing: Could not find layer handle 0xb4000076cd3531d0
12-20 16:16:18.151 16307 16307 D CompatibilityChangeReporter: Compat change id reported: 150939131; UID 10073; state: ENABLED
12-20 16:16:18.155 16307 16307 I ProvidersCache: Updating roots due to change on user 0at content://com.google.android.apps.docs.storage/root
12-20 16:16:18.186 16307 16609 I ProvidersCache: Provider returned no roots. Possibly naughty: com.google.android.apps.docs.storage
12-20 16:16:18.236 16307 16307 I ProvidersCache: Updating roots due to change on user 0at content://com.android.externalstorage.documents
12-20 16:16:18.243 16307 16615 I ProvidersCache: Provider returned no roots. Possibly naughty: com.google.android.apps.docs.storage
12-20 16:16:18.359   576   761 I MediaFocusControl: abandonAudioFocus() from uid/pid 10155/765 clientId=android.media.AudioManager@4d60b1b
12-20 16:16:18.360   765 16589 V MediaPlayer: resetDrmState:  mDrmInfo=null mDrmProvisioningThread=null mPrepareDrmInProgress=false mActiveDrmScheme=false
12-20 16:16:18.360   765 16589 V MediaPlayer: cleanDrmObj: mDrmObj=null mDrmSessionId=null
12-20 16:16:18.360   469   511 D NuPlayerDriver: reset(0xb4000071814ef530) at state 6
12-20 16:16:18.374   469 16599 I hw-BpHwBinder: onLastStrongRef automatically unlinking death recipients
12-20 16:16:18.374   481   819 I hw-BpHwBinder: onLastStrongRef automatically unlinking death recipients
12-20 16:16:18.375   481   819 I hw-BpHwBinder: onLastStrongRef automatically unlinking death recipients
12-20 16:16:18.378   481   819 V C2Store : in ~ComponentModule
12-20 16:16:18.378   481   819 V C2Store : unloading dll
12-20 16:16:18.386   469 16591 D NuPlayerDriver: notifyResetComplete(0xb4000071814ef530)
12-20 16:16:18.387   469   511 W AMessage: failed to post message as target looper for handler 0 is gone.
12-20 16:16:18.627   765  1001 D EGL_emulation: app_time_stats: avg=32.67ms min=12.89ms max=83.72ms count=31
--------- beginning of kernel
12-20 16:16:19.233   389   389 W healthd : battery l=100 v=5000 t=25.0 h=2 st=4 c=900000 fc=3000000 cc=10 chg=
12-20 16:16:19.500   765  1001 D EGL_emulation: app_time_stats: avg=343.23ms min=15.33ms max=4218.56ms count=13
12-20 16:16:20.286   576   908 W AppOps  : Noting op not finished: uid 10118 pkg com.google.android.gms code 113 startTime of in progress event=1703067923478
12-20 16:16:20.290   576   908 W AppOps  : Noting op not finished: uid 10118 pkg com.google.android.gms code 113 startTime of in progress event=1703067923478
12-20 16:16:20.365 16392 16543 W InteractionController: runAndwaitForEvents timed out waiting for events
12-20 16:16:20.366 16392 16543 I PatrolServer: POST /handlePermissionDialog took 3189 ms
12-20 16:16:20.380 16392 16517 I flutter : Patrol (native): grantPermissionWhenInUse() succeeded
12-20 16:16:20.411 16392 16434 W System  : A resource failed to call close. 
12-20 16:16:20.541   469  5657 D BufferPoolAccessor2.0: evictor expired: 1, evicted: 0
12-20 16:16:20.546   481   790 D BufferPoolAccessor2.0: evictor expired: 1, evicted: 0
12-20 16:16:20.600 16392 16518 D EGL_emulation: app_time_stats: avg=1452.82ms min=11.45ms max=4320.11ms count=3
12-20 16:16:20.673 16392 16517 I flutter : Network log [33m[Request] ->[0m
12-20 16:16:20.674 16392 16517 I flutter : Network log [33mUri: https://mmpv2vuat.digitalmta.com/user/login-initial-data[0m
12-20 16:16:20.674 16392 16517 I flutter : Network log [33mMethod: GET[0m
12-20 16:16:20.674 16392 16517 I flutter : Network log [33mResponse Type: ResponseType.json[0m
12-20 16:16:20.674 16392 16517 I flutter : Network log [33mFollow Redirects: true[0m
12-20 16:16:20.674 16392 16517 I flutter : Network log [33mConnection Timeout: 0:01:00.000000[0m
12-20 16:16:20.674 16392 16517 I flutter : Network log [33mSend Timeout: 0:01:00.000000[0m
12-20 16:16:20.674 16392 16517 I flutter : Network log [33mReceive Timeout: 0:01:00.000000[0m
12-20 16:16:20.674 16392 16517 I flutter : Network log [33mReceive Data When Status Error: true[0m
12-20 16:16:20.674 16392 16517 I flutter : Network log [33mExtra: {}[0m
12-20 16:16:20.674 16392 16517 I flutter : Network log [33mHeaders:[0m
12-20 16:16:20.674 16392 16517 I flutter : Network log [33m Request Body:
12-20 16:16:20.674 16392 16517 I flutter : null[0m
12-20 16:16:20.674 16392 16517 I flutter : Network log [37m[0m
12-20 16:16:20.686   368 16622 I resolv  : GetAddrInfoHandler::run: {101 101 101 983141 10186 0}
12-20 16:16:20.688   368 16623 I resolv  : res_nmkquery: (QUERY, IN, A)
12-20 16:16:20.688   368 16623 I resolv  : resolv_cache_lookup: FOUND IN CACHE entry=0xb40000755413e9f0
12-20 16:16:20.689   368 16623 I resolv  : doQuery: rcode=0, ancount=3, return value=138
12-20 16:16:20.691   368 16624 I resolv  : GetAddrInfoHandler::run: {101 101 101 983141 10186 0}
12-20 16:16:20.692   368 16625 I resolv  : res_nmkquery: (QUERY, IN, AAAA)
12-20 16:16:20.692   368 16625 I resolv  : resolv_cache_lookup: FOUND IN CACHE entry=0xb400007564136c10
12-20 16:16:20.692   368 16625 I resolv  : doQuery: rcode=0, ancount=1, return value=188
12-20 16:16:20.692   368 16626 I resolv  : GetAddrInfoHandler::run: {101 101 101 983141 10186 0}
12-20 16:16:20.693   368 16627 I resolv  : res_nmkquery: (QUERY, IN, AAAA)
12-20 16:16:20.693   368 16627 I resolv  : resolv_cache_lookup: FOUND IN CACHE entry=0xb400007564136c10
12-20 16:16:20.693   368 16627 I resolv  : doQuery: rcode=0, ancount=1, return value=188
12-20 16:16:20.893 16392 16498 D EGL_emulation: app_time_stats: avg=4752.67ms min=4468.76ms max=5036.59ms count=2
12-20 16:16:20.997   765  1001 D EGL_emulation: app_time_stats: avg=394.83ms min=49.93ms max=1868.96ms count=6
12-20 16:16:21.039 16392 16517 I flutter : Network log [32m[Response] ->[0m
12-20 16:16:21.039 16392 16517 I flutter : Network log [32mUri: https://mmpv2vuat.digitalmta.com/user/login-initial-data[0m
12-20 16:16:21.039 16392 16517 I flutter : Network log [32mRequest Method: GET[0m
12-20 16:16:21.039 16392 16517 I flutter : Network log [32mStatus Code: 200[0m
12-20 16:16:21.039 16392 16517 I flutter : Network log [32mHeaders:[0m
12-20 16:16:21.039 16392 16517 I flutter : Network log [32m	connection: keep-alive[0m
12-20 16:16:21.039 16392 16517 I flutter : Network log [32m	content-type: application/json[0m
12-20 16:16:21.039 16392 16517 I flutter : Network log [32m	date: Wed, 20 Dec 2023 10:31:22 GMT[0m
12-20 16:16:21.039 16392 16517 I flutter : Network log [32m	server: uvicorn[0m
12-20 16:16:21.039 16392 16517 I flutter : Network log [32m	content-length: 2560[0m
12-20 16:16:21.040 16392 16517 I flutter : Network log [32mResponse Body:
12-20 16:16:21.040 16392 16517 I flutter : {
12-20 16:16:21.040 16392 16517 I flutter :   "countries": [
12-20 16:16:21.040 16392 16517 I flutter :     {
12-20 16:16:21.040 16392 16517 I flutter :       "name": "MALAYSIA",
12-20 16:16:21.040 16392 16517 I flutter :       "code": "MY",
12-20 16:16:21.040 16392 16517 I flutter :       "alpha3_code": "MYS",
12-20 16:16:21.040 16392 16517 I flutter :       "is_high_risk": false,
12-20 16:16:21.040 16392 16517 I flutter :       "secondary_number_enabled": false,
12-20 16:16:21.040 16392 16517 I flutter :       "id": 80,
12-20 16:16:21.040 16392 16517 I flutter :       "nationality": null,
12-20 16:16:21.040 16392 16517 I flutter :       "dialing_code": "60",
12-20 16:16:21.040 16392 16517 I flutter :       "is_active": true
12-20 16:16:21.040 16392 16517 I flutter :     },
12-20 16:16:21.040 16392 16517 I flutter :     {
12-20 16:16:21.040 16392 16517 I flutter :       "name": "AFGHANISTAN",
12-20 16:16:21.040 16392 16517 I flutter :       "code": "AF",
12-20 16:16:21.040 16392 16517 I flutter :       "alpha3_code": "AFG",
12-20 16:16:21.040 16392 16517 I flutter :       "is_high_risk": false,
12-20 16:16:21.040 16392 16517 I flutter :       "secondary_number_enabled": true,
12-20 16:16:21.040 16392 16517 I flutter :       "id": 221,
12-20 16:16:21.040 16392 16517 I flutter :       "nationality": null,
12-20 16:16:21.040 16392 16517 I flutter :       "dialing_code": "93",
12-20 16:16:21.040 16392 16517 I flutter :       "is_active": true
12-20 16:16:21.040 16392 16517 I flutter :     },
